Component: ARM Compiler 5.06 update 6 (build 750) Tool: armlink [4d35ed]

==============================================================================

Section Cross References

    startup_as32m0.o(RESET) refers to startup_as32m0.o(STACK) for __initial_sp
    startup_as32m0.o(RESET) refers to startup_as32m0.o(.text) for Reset_Handler
    startup_as32m0.o(RESET) refers to hardfaulthandler.o(.emb_text) for HardFault_Handler
    startup_as32m0.o(RESET) refers to as32m0_systick.o(i.SysTick_Handler) for SysTick_Handler
    startup_as32m0.o(.text) refers to system_as32m0.o(i.SystemInit) for SystemInit
    startup_as32m0.o(.text) refers to entry.o(.ARM.Collect$$$$00000000) for __main
    system_as32m0.o(i.SystemCoreClockUpdate) refers to system_as32m0.o(.data) for SystemCoreClock
    system_as32m0.o(i.SystemInit) refers to system_as32m0.o(.data) for SystemCoreClock
    as32m0_adc.o(i.ADC_CONTINUOUS_MODE_GET_RESULT) refers to memseta.o(.text) for __aeabi_memclr4
    as32m0_adc.o(i.ADC_CONTINUOUS_MODE_GET_RESULT) refers to as32m0_adc.o(i.ADC_Config) for ADC_Config
    as32m0_adc.o(i.ADC_CONTINUOUS_MODE_GET_RESULT) refers to as32m0_adc.o(i.ADC_SOC_WRITE) for ADC_SOC_WRITE
    as32m0_adc.o(i.ADC_CONTINUOUS_MODE_GET_RESULT) refers to as32m0_adc.o(i.ADC_DATA_VALID) for ADC_DATA_VALID
    as32m0_adc.o(i.ADC_CONTINUOUS_MODE_GET_RESULT) refers to uidiv.o(.text) for __aeabi_uidivmod
    as32m0_adc.o(i.ADC_DMA_MODE_GET_RESULT) refers to memseta.o(.text) for __aeabi_memclr4
    as32m0_adc.o(i.ADC_DMA_MODE_GET_RESULT) refers to as32m0_dma.o(i.DMA_LittleEndian) for DMA_LittleEndian
    as32m0_adc.o(i.ADC_DMA_MODE_GET_RESULT) refers to as32m0_dma.o(i.DMA_Enable_Sync) for DMA_Enable_Sync
    as32m0_adc.o(i.ADC_DMA_MODE_GET_RESULT) refers to as32m0_adc.o(i.ADC_Config) for ADC_Config
    as32m0_adc.o(i.ADC_DMA_MODE_GET_RESULT) refers to as32m0_adc.o(i.ADC_SAMPLE_NUM) for ADC_SAMPLE_NUM
    as32m0_adc.o(i.ADC_DMA_MODE_GET_RESULT) refers to as32m0_dma.o(i.DMA_Enable) for DMA_Enable
    as32m0_adc.o(i.ADC_DMA_MODE_GET_RESULT) refers to as32m0_dma.o(i.DMA_SetChannelReg) for DMA_SetChannelReg
    as32m0_adc.o(i.ADC_DMA_MODE_GET_RESULT) refers to as32m0_adc.o(i.ADC_SOC_WRITE) for ADC_SOC_WRITE
    as32m0_adc.o(i.ADC_DMA_MODE_GET_RESULT) refers to as32m0_dma.o(i.DMA_GetActiveChannels) for DMA_GetActiveChannels
    as32m0_adc.o(i.ADC_DMA_MODE_GET_RESULT) refers to as32m0_dma.o(i.DMA_Disable) for DMA_Disable
    as32m0_adc.o(i.ADC_DMA_MODE_GET_RESULT) refers to uidiv.o(.text) for __aeabi_uidivmod
    as32m0_adc.o(i.ADC_INIT_MODE) refers to as32m0_adc.o(i.ADC_CLR_CLK_GATE) for ADC_CLR_CLK_GATE
    as32m0_adc.o(i.ADC_INIT_MODE) refers to as32m0_adc.o(i.ADC_NOT_RESET) for ADC_NOT_RESET
    as32m0_adc.o(i.ADC_INIT_MODE) refers to as32m0_adc.o(i.ADC_MODE_CONFIG) for ADC_MODE_CONFIG
    as32m0_adc.o(i.ADC_INIT_MODE) refers to as32m0_adc.o(i.ADC_CLOCK_DIV) for ADC_CLOCK_DIV
    as32m0_adc.o(i.ADC_INIT_MODE) refers to as32m0_adc.o(i.ADC_Config) for ADC_Config
    as32m0_adc.o(i.ADC_SHOT_MODE_GET_RESULT) refers to memseta.o(.text) for __aeabi_memclr4
    as32m0_adc.o(i.ADC_SHOT_MODE_GET_RESULT) refers to as32m0_adc.o(i.ADC_Config) for ADC_Config
    as32m0_adc.o(i.ADC_SHOT_MODE_GET_RESULT) refers to as32m0_adc.o(i.ADC_SOC_WRITE) for ADC_SOC_WRITE
    as32m0_adc.o(i.ADC_SHOT_MODE_GET_RESULT) refers to as32m0_adc.o(i.ADC_DATA_VALID) for ADC_DATA_VALID
    as32m0_adc.o(i.ADC_SHOT_MODE_GET_RESULT) refers to as32m0_adc.o(i.ADC_DATA_READ) for ADC_DATA_READ
    as32m0_adc.o(i.ADC_SHOT_MODE_GET_RESULT) refers to uidiv.o(.text) for __aeabi_uidivmod
    as32m0_adc.o(i.adc_shot_test) refers to memseta.o(.text) for __aeabi_memclr4
    as32m0_adc.o(i.adc_shot_test) refers to as32m0_adc.o(i.ADC_CLR_CLK_GATE) for ADC_CLR_CLK_GATE
    as32m0_adc.o(i.adc_shot_test) refers to as32m0_adc.o(i.ADC_NOT_RESET) for ADC_NOT_RESET
    as32m0_adc.o(i.adc_shot_test) refers to as32m0_adc.o(i.ADC_MODE_CONFIG) for ADC_MODE_CONFIG
    as32m0_adc.o(i.adc_shot_test) refers to as32m0_adc.o(i.ADC_CLOCK_DIV) for ADC_CLOCK_DIV
    as32m0_adc.o(i.adc_shot_test) refers to as32m0_adc.o(i.ADC_Config) for ADC_Config
    as32m0_adc.o(i.adc_shot_test) refers to as32m0_adc.o(i.ADC_SOC_WRITE) for ADC_SOC_WRITE
    as32m0_adc.o(i.adc_shot_test) refers to as32m0_adc.o(i.ADC_DATA_VALID) for ADC_DATA_VALID
    as32m0_adc.o(i.adc_shot_test) refers to as32m0_adc.o(i.ADC_DATA_READ) for ADC_DATA_READ
    as32m0_adc.o(i.adc_shot_test) refers to as32m0_adc.o(i.ADC_RESET) for ADC_RESET
    as32m0_adc.o(i.adc_shot_test) refers to as32m0_adc.o(i.ADC_SET_CLK_GATE) for ADC_SET_CLK_GATE
    as32m0_adc.o(i.adc_shot_test) refers to uidiv.o(.text) for __aeabi_uidivmod
    as32m0_des.o(i.Read_puf_key) refers to as32m0_des.o(i.des_write_reg) for des_write_reg
    as32m0_des.o(i.Read_puf_key) refers to as32m0_des.o(i.des_set_bits) for des_set_bits
    as32m0_des.o(i.Read_puf_key) refers to as32m0_des.o(i.apDes_Enable) for apDes_Enable
[...]
    printf1.o(i.__0vprintf$1) refers to retarget.o(i.fputc) for fputc
    printf1.o(i.__0vprintf$1) refers to retarget.o(.data) for __stdout
    printf1.o(i.__0vsnprintf$1) refers to printf1.o(i._printf_core) for _printf_core
    printf1.o(i.__0vsnprintf$1) refers to printf1.o(i._snputc) for _snputc
    printf1.o(i.__0vsprintf$1) refers to printf1.o(i._printf_core) for _printf_core
    printf1.o(i.__0vsprintf$1) refers to printf1.o(i._sputc) for _sputc
    printf1.o(i._printf_core) refers to uidiv.o(.text) for __aeabi_uidivmod
    printf2.o(i.__0fprintf$2) refers to printf2.o(i._printf_core) for _printf_core
    printf2.o(i.__0fprintf$2) refers to retarget.o(i.fputc) for fputc
    printf2.o(i.__0printf$2) refers to printf2.o(i._printf_core) for _printf_core
    printf2.o(i.__0printf$2) refers to retarget.o(i.fputc) for fputc
    printf2.o(i.__0printf$2) refers to retarget.o(.data) for __stdout
    printf2.o(i.__0snprintf$2) refers to printf2.o(i._printf_core) for _printf_core
    printf2.o(i.__0snprintf$2) refers to printf2.o(i._snputc) for _snputc
    printf2.o(i.__0sprintf$2) refers to printf2.o(i._printf_core) for _printf_core
    printf2.o(i.__0sprintf$2) refers to printf2.o(i._sputc) for _sputc
    printf2.o(i.__0vfprintf$2) refers to printf2.o(i._printf_core) for _printf_core
    printf2.o(i.__0vfprintf$2) refers to retarget.o(i.fputc) for fputc
    printf2.o(i.__0vprintf$2) refers to printf2.o(i._printf_core) for _printf_core
    printf2.o(i.__0vprintf$2) refers to retarget.o(i.fputc) for fputc
    printf2.o(i.__0vprintf$2) refers to retarget.o(.data) for __stdout
    printf2.o(i.__0vsnprintf$2) refers to printf2.o(i._printf_core) for _printf_core
    printf2.o(i.__0vsnprintf$2) refers to printf2.o(i._snputc) for _snputc
    printf2.o(i.__0vsprintf$2) refers to printf2.o(i._printf_core) for _printf_core
    printf2.o(i.__0vsprintf$2) refers to printf2.o(i._sputc) for _sputc
    printf3.o(i.__0fprintf$3) refers to printf3.o(i._printf_core) for _printf_core
    printf3.o(i.__0fprintf$3) refers to retarget.o(i.fputc) for fputc
    printf3.o(i.__0printf$3) refers to printf3.o(i._printf_core) for _printf_core
    printf3.o(i.__0printf$3) refers to retarget.o(i.fputc) for fputc
    printf3.o(i.__0printf$3) refers to retarget.o(.data) for __stdout
    printf3.o(i.__0snprintf$3) refers to printf3.o(i._printf_core) for _printf_core
    printf3.o(i.__0snprintf$3) refers to printf3.o(i._snputc) for _snputc
    printf3.o(i.__0sprintf$3) refers to printf3.o(i._printf_core) for _printf_core
    printf3.o(i.__0sprintf$3) refers to printf3.o(i._sputc) for _sputc
    printf3.o(i.__0vfprintf$3) refers to printf3.o(i._printf_core) for _printf_core
    printf3.o(i.__0vfprintf$3) refers to retarget.o(i.fputc) for fputc
    printf3.o(i.__0vprintf$3) refers to printf3.o(i._printf_core) for _printf_core
    printf3.o(i.__0vprintf$3) refers to retarget.o(i.fputc) for fputc
    printf3.o(i.__0vprintf$3) refers to retarget.o(.data) for __stdout
    printf3.o(i.__0vsnprintf$3) refers to printf3.o(i._printf_core) for _printf_core
    printf3.o(i.__0vsnprintf$3) refers to printf3.o(i._snputc) for _snputc
    printf3.o(i.__0vsprintf$3) refers to printf3.o(i._printf_core) for _printf_core
    printf3.o(i.__0vsprintf$3) refers to printf3.o(i._sputc) for _sputc
    printf3.o(i._printf_core) refers to uidiv.o(.text) for __aeabi_uidivmod
    printf4.o(i.__0fprintf$4) refers to printf4.o(i._printf_core) for _printf_core
    printf4.o(i.__0fprintf$4) refers to retarget.o(i.fputc) for fputc
    printf4.o(i.__0printf$4) refers to printf4.o(i._printf_core) for _printf_core
    printf4.o(i.__0printf$4) refers to retarget.o(i.fputc) for fputc
    printf4.o(i.__0printf$4) refers to retarget.o(.data) for __stdout
    printf4.o(i.__0snprintf$4) refers to printf4.o(i._printf_core) for _printf_core
    printf4.o(i.__0snprintf$4) refers to printf4.o(i._snputc) for _snputc
    printf4.o(i.__0sprintf$4) refers to printf4.o(i._printf_core) for _printf_core
    printf4.o(i.__0sprintf$4) refers to printf4.o(i._sputc) for _sputc
    printf4.o(i.__0vfprintf$4) refers to printf4.o(i._printf_core) for _printf_core
    printf4.o(i.__0vfprintf$4) refers to retarget.o(i.fputc) for fputc
    printf4.o(i.__0vprintf$4) refers to printf4.o(i._printf_core) for _printf_core
    printf4.o(i.__0vprintf$4) refers to retarget.o(i.fputc) for fputc
    printf4.o(i.__0vprintf$4) refers to retarget.o(.data) for __stdout
    printf4.o(i.__0vsnprintf$4) refers to printf4.o(i._printf_core) for _printf_core
    printf4.o(i.__0vsnprintf$4) refers to printf4.o(i._snputc) for _snputc
    printf4.o(i.__0vsprintf$4) refers to printf4.o(i._printf_core) for _printf_core
    printf4.o(i.__0vsprintf$4) refers to printf4.o(i._sputc) for _sputc
    printf4.o(i._printf_core) refers to uldiv.o(.text) for __aeabi_uldivmod
    printf5.o(i.__0fprintf$5) refers to printf5.o(i._printf_core) for _printf_core
    printf5.o(i.__0fprintf$5) refers to retarget.o(i.fputc) for fputc
    printf5.o(i.__0printf$5) refers to printf5.o(i._printf_core) for _printf_core
    printf5.o(i.__0printf$5) refers to retarget.o(i.fputc) for fputc
    printf5.o(i.__0printf$5) refers to retarget.o(.data) for __stdout
    printf5.o(i.__0snprintf$5) refers to printf5.o(i._printf_core) for _printf_core
    printf5.o(i.__0snprintf$5) refers to printf5.o(i._snputc) for _snputc
    printf5.o(i.__0sprintf$5) refers to printf5.o(i._printf_core) for _printf_core
    printf5.o(i.__0sprintf$5) refers to printf5.o(i._sputc) for _sputc
    printf5.o(i.__0vfprintf$5) refers to printf5.o(i._printf_core) for _printf_core
    printf5.o(i.__0vfprintf$5) refers to retarget.o(i.fputc) for fputc
    printf5.o(i.__0vprintf$5) refers to printf5.o(i._printf_core) for _printf_core
    printf5.o(i.__0vprintf$5) refers to retarget.o(i.fputc) for fputc
    printf5.o(i.__0vprintf$5) refers to retarget.o(.data) for __stdout
    printf5.o(i.__0vsnprintf$5) refers to printf5.o(i._printf_core) for _printf_core
    printf5.o(i.__0vsnprintf$5) refers to printf5.o(i._snputc) for _snputc
    printf5.o(i.__0vsprintf$5) refers to printf5.o(i._printf_core) for _printf_core
    printf5.o(i.__0vsprintf$5) refers to printf5.o(i._sputc) for _sputc
    printf5.o(i._printf_core) refers to uldiv.o(.text) for __aeabi_uldivmod
    printf6.o(i.__0fprintf$6) refers to printf6.o(i._printf_core) for _printf_core
    printf6.o(i.__0fprintf$6) refers to retarget.o(i.fputc) for fputc
    printf6.o(i.__0printf$6) refers to printf6.o(i._printf_core) for _printf_core
    printf6.o(i.__0printf$6) refers to retarget.o(i.fputc) for fputc
    printf6.o(i.__0printf$6) refers to retarget.o(.data) for __stdout
    printf6.o(i.__0snprintf$6) refers to printf6.o(i._printf_core) for _printf_core
    printf6.o(i.__0snprintf$6) refers to printf6.o(i._snputc) for _snputc
    printf6.o(i.__0sprintf$6) refers to printf6.o(i._printf_core) for _printf_core
    printf6.o(i.__0sprintf$6) refers to printf6.o(i._sputc) for _sputc
    printf6.o(i.__0vfprintf$6) refers to printf6.o(i._printf_core) for _printf_core
    printf6.o(i.__0vfprintf$6) refers to retarget.o(i.fputc) for fputc
    printf6.o(i.__0vprintf$6) refers to printf6.o(i._printf_core) for _printf_core
    printf6.o(i.__0vprintf$6) refers to retarget.o(i.fputc) for fputc
    printf6.o(i.__0vprintf$6) refers to retarget.o(.data) for __stdout
    printf6.o(i.__0vsnprintf$6) refers to printf6.o(i._printf_core) for _printf_core
    printf6.o(i.__0vsnprintf$6) refers to printf6.o(i._snputc) for _snputc
    printf6.o(i.__0vsprintf$6) refers to printf6.o(i._printf_core) for _printf_core
    printf6.o(i.__0vsprintf$6) refers to printf6.o(i._sputc) for _sputc
    printf6.o(i._printf_core) refers to printf6.o(i._printf_pre_padding) for _printf_pre_padding
    printf6.o(i._printf_core) refers to printf6.o(i._printf_post_padding) for _printf_post_padding
    printf6.o(i._printf_core) refers to uidiv.o(.text) for __aeabi_uidivmod
    printf7.o(i.__0fprintf$7) refers to printf7.o(i._printf_core) for _printf_core
    printf7.o(i.__0fprintf$7) refers to retarget.o(i.fputc) for fputc
    printf7.o(i.__0printf$7) refers to printf7.o(i._printf_core) for _printf_core
    printf7.o(i.__0printf$7) refers to retarget.o(i.fputc) for fputc
    printf7.o(i.__0printf$7) refers to retarget.o(.data) for __stdout
    printf7.o(i.__0snprintf$7) refers to printf7.o(i._printf_core) for _printf_core
    printf7.o(i.__0snprintf$7) refers to printf7.o(i._snputc) for _snputc
    printf7.o(i.__0sprintf$7) refers to printf7.o(i._printf_core) for _printf_core
    printf7.o(i.__0sprintf$7) refers to printf7.o(i._sputc) for _sputc
    printf7.o(i.__0vfprintf$7) refers to printf7.o(i._printf_core) for _printf_core
    printf7.o(i.__0vfprintf$7) refers to retarget.o(i.fputc) for fputc
    printf7.o(i.__0vprintf$7) refers to printf7.o(i._printf_core) for _printf_core
    printf7.o(i.__0vprintf$7) refers to retarget.o(i.fputc) for fputc
    printf7.o(i.__0vprintf$7) refers to retarget.o(.data) for __stdout
    printf7.o(i.__0vsnprintf$7) refers to printf7.o(i._printf_core) for _printf_core
    printf7.o(i.__0vsnprintf$7) refers to printf7.o(i._snputc) for _snputc
    printf7.o(i.__0vsprintf$7) refers to printf7.o(i._printf_core) for _printf_core
    printf7.o(i.__0vsprintf$7) refers to printf7.o(i._sputc) for _sputc
    printf7.o(i._printf_core) refers to printf7.o(i._printf_pre_padding) for _printf_pre_padding
    printf7.o(i._printf_core) refers to printf7.o(i._printf_post_padding) for _printf_post_padding
    printf7.o(i._printf_core) refers to uldiv.o(.text) for __aeabi_uldivmod
    printf8.o(i.__0fprintf$8) refers to printf8.o(i._printf_core) for _printf_core
    printf8.o(i.__0fprintf$8) refers to retarget.o(i.fputc) for fputc
    printf8.o(i.__0printf$8) refers to printf8.o(i._printf_core) for _printf_core
    printf8.o(i.__0printf$8) refers to retarget.o(i.fputc) for fputc
    printf8.o(i.__0printf$8) refers to retarget.o(.data) for __stdout
    printf8.o(i.__0snprintf$8) refers to printf8.o(i._printf_core) for _printf_core
    printf8.o(i.__0snprintf$8) refers to printf8.o(i._snputc) for _snputc
    printf8.o(i.__0sprintf$8) refers to printf8.o(i._printf_core) for _printf_core
    printf8.o(i.__0sprintf$8) refers to printf8.o(i._sputc) for _sputc
    printf8.o(i.__0vfprintf$8) refers to printf8.o(i._printf_core) for _printf_core
    printf8.o(i.__0vfprintf$8) refers to retarget.o(i.fputc) for fputc
    printf8.o(i.__0vprintf$8) refers to printf8.o(i._printf_core) for _printf_core
    printf8.o(i.__0vprintf$8) refers to retarget.o(i.fputc) for fputc
    printf8.o(i.__0vprintf$8) refers to retarget.o(.data) for __stdout
    printf8.o(i.__0vsnprintf$8) refers to printf8.o(i._printf_core) for _printf_core
    printf8.o(i.__0vsnprintf$8) refers to printf8.o(i._snputc) for _snputc
    printf8.o(i.__0vsprintf$8) refers to printf8.o(i._printf_core) for _printf_core
    printf8.o(i.__0vsprintf$8) refers to printf8.o(i._sputc) for _sputc
    printf8.o(i._printf_core) refers to printf8.o(i._printf_pre_padding) for _printf_pre_padding
    printf8.o(i._printf_core) refers to printf8.o(i._printf_post_padding) for _printf_post_padding
    printf8.o(i._printf_core) refers to uldiv.o(.text) for __aeabi_uldivmod
    printfa.o(i.__0fprintf) refers (Special) to iusefp.o(.text) for __I$use$fp
    printfa.o(i.__0fprintf) refers to printfa.o(i._printf_core) for _printf_core
    printfa.o(i.__0fprintf) refers to retarget.o(i.fputc) for fputc
    printfa.o(i.__0printf) refers (Special) to iusefp.o(.text) for __I$use$fp
    printfa.o(i.__0printf) refers to printfa.o(i._printf_core) for _printf_core
    printfa.o(i.__0printf) refers to retarget.o(i.fputc) for fputc
    printfa.o(i.__0printf) refers to retarget.o(.data) for __stdout
    printfa.o(i.__0snprintf) refers (Special) to iusefp.o(.text) for __I$use$fp
    printfa.o(i.__0snprintf) refers to printfa.o(i._printf_core) for _printf_core
    printfa.o(i.__0snprintf) refers to printfa.o(i._snputc) for _snputc
    printfa.o(i.__0sprintf) refers (Special) to iusefp.o(.text) for __I$use$fp
    printfa.o(i.__0sprintf) refers to printfa.o(i._printf_core) for _printf_core
    printfa.o(i.__0sprintf) refers to printfa.o(i._sputc) for _sputc
    printfa.o(i.__0vfprintf) refers (Special) to iusefp.o(.text) for __I$use$fp
    printfa.o(i.__0vfprintf) refers to printfa.o(i._printf_core) for _printf_core
    printfa.o(i.__0vfprintf) refers to retarget.o(i.fputc) for fputc
    printfa.o(i.__0vprintf) refers (Special) to iusefp.o(.text) for __I$use$fp
    printfa.o(i.__0vprintf) refers to printfa.o(i._printf_core) for _printf_core
    printfa.o(i.__0vprintf) refers to retarget.o(i.fputc) for fputc
    printfa.o(i.__0vprintf) refers to retarget.o(.data) for __stdout
    printfa.o(i.__0vsnprintf) refers (Special) to iusefp.o(.text) for __I$use$fp
    printfa.o(i.__0vsnprintf) refers to printfa.o(i._printf_core) for _printf_core
    printfa.o(i.__0vsnprintf) refers to printfa.o(i._snputc) for _snputc
    printfa.o(i.__0vsprintf) refers (Special) to iusefp.o(.text) for __I$use$fp
    printfa.o(i.__0vsprintf) refers to printfa.o(i._printf_core) for _printf_core
    printfa.o(i.__0vsprintf) refers to printfa.o(i._sputc) for _sputc
    printfa.o(i._fp_digits) refers (Special) to iusefp.o(.text) for __I$use$fp
    printfa.o(i._fp_digits) refers to dmul.o(.text) for __aeabi_dmul
    printfa.o(i._fp_digits) refers to ddiv.o(.text) for __aeabi_ddiv
    printfa.o(i._fp_digits) refers to cdrcmple.o(.text) for __aeabi_cdrcmple
    printfa.o(i._fp_digits) refers to dadd.o(.text) for __aeabi_dadd
    printfa.o(i._fp_digits) refers to dfixul.o(.text) for __aeabi_d2ulz
    printfa.o(i._fp_digits) refers to uldiv.o(.text) for __aeabi_uldivmod
    printfa.o(i._printf_core) refers (Special) to iusefp.o(.text) for __I$use$fp
    printfa.o(i._printf_core) refers to printfa.o(i._printf_pre_padding) for _printf_pre_padding
    printfa.o(i._printf_core) refers to uldiv.o(.text) for __aeabi_uldivmod
    printfa.o(i._printf_core) refers to printfa.o(i._printf_post_padding) for _printf_post_padding
    printfa.o(i._printf_core) refers to printfa.o(i._fp_digits) for _fp_digits
    printfa.o(i._printf_core) refers to uidiv.o(.text) for __aeabi_uidivmod
    printfa.o(i._printf_post_padding) refers (Special) to iusefp.o(.text) for __I$use$fp
    printfa.o(i._printf_pre_padding) refers (Special) to iusefp.o(.text) for __I$use$fp
    printfa.o(i._snputc) refers (Special) to iusefp.o(.text) for __I$use$fp
    printfa.o(i._sputc) refers (Special) to iusefp.o(.text) for __I$use$fp
    fdiv.o(.text) refers (Special) to iusefp.o(.text) for __I$use$fp
    fdiv.o(.text) refers to fepilogue.o(.text) for _float_round
    dadd.o(.text) refers (Special) to iusefp.o(.text) for __I$use$fp
    dadd.o(.text) refers to llshl.o(.text) for __aeabi_llsl
    dadd.o(.text) refers to llsshr.o(.text) for __aeabi_lasr
    dadd.o(.text) refers to depilogue.o(.text) for _double_epilogue
    dmul.o(.text) refers (Special) to iusefp.o(.text) for __I$use$fp
    dmul.o(.text) refers to depilogue.o(.text) for _double_epilogue
    ddiv.o(.text) refers (Special) to iusefp.o(.text) for __I$use$fp
    ddiv.o(.text) refers to depilogue.o(.text) for _double_round
    ffltui.o(.text) refers (Special) to iusefp.o(.text) for __I$use$fp
    ffltui.o(.text) refers to fepilogue.o(.text) for _float_epilogue
    dfltui.o(.text) refers (Special) to iusefp.o(.text) for __I$use$fp
    dfltui.o(.text) refers to depilogue.o(.text) for _double_epilogue
    ffixui.o(.text) refers (Special) to iusefp.o(.text) for __I$use$fp
    d2f.o(.text) refers (Special) to iusefp.o(.text) for __I$use$fp
    d2f.o(.text) refers to fepilogue.o(.text) for _float_round
    entry2.o(.ARM.Collect$$$$00000001) refers to entry2.o(.ARM.Collect$$$$00002712) for __lit__00000000
    entry2.o(.ARM.Collect$$$$00002712) refers to startup_as32m0.o(STACK) for __initial_sp
    entry2.o(__vectab_stack_and_reset_area) refers to startup_as32m0.o(STACK) for __initial_sp
    entry2.o(__vectab_stack_and_reset_area) refers to entry.o(.ARM.Collect$$$$00000000) for __main
    entry5.o(.ARM.Collect$$$$00000004) refers to init.o(.text) for __scatterload
    entry9a.o(.ARM.Collect$$$$0000000B) refers to main.o(i.main) for main
    entry9b.o(.ARM.Collect$$$$0000000C) refers to main.o(i.main) for main
    uldiv.o(.text) refers to llushr.o(.text) for __aeabi_llsr
    uldiv.o(.text) refers to llshl.o(.text) for __aeabi_llsl
    depilogue.o(.text) refers to depilogue.o(i.__ARM_clz) for __ARM_clz
    depilogue.o(.text) refers to llshl.o(.text) for __aeabi_llsl
    depilogue.o(.text) refers to llushr.o(.text) for __aeabi_llsr
    dfixul.o(.text) refers to llushr.o(.text) for __aeabi_llsr
    dfixul.o(.text) refers to llshl.o(.text) for __aeabi_llsl
    init.o(.text) refers to entry5.o(.ARM.Collect$$$$00000004) for __main_after_scatterload


==============================================================================

Removing Unused input sections from the image.

    Removing startup_as32m0.o(HEAP), (512 bytes).
    Removing system_as32m0.o(.rev16_text), (4 bytes).
    Removing system_as32m0.o(.revsh_text), (4 bytes).
    Removing system_as32m0.o(i.SystemCoreClockUpdate), (16 bytes).
    Removing as32m0_adc.o(.rev16_text), (4 bytes).
    Removing as32m0_adc.o(.revsh_text), (4 bytes).
    Removing as32m0_adc.o(i.ADC_BUSY_STA), (8 bytes).
    Removing as32m0_adc.o(i.ADC_CLOCK_DIV), (4 bytes).
    Removing as32m0_adc.o(i.ADC_CLR_CLK_GATE), (6 bytes).
    Removing as32m0_adc.o(i.ADC_CONTINUOUS_MODE_GET_RESULT), (116 bytes).
    Removing as32m0_adc.o(i.ADC_Config), (24 bytes).
    Removing as32m0_adc.o(i.ADC_DATA_READ), (10 bytes).
    Removing as32m0_adc.o(i.ADC_DATA_VALID), (10 bytes).
    Removing as32m0_adc.o(i.ADC_DATA_VALID_INTR_CLR), (6 bytes).
    Removing as32m0_adc.o(i.ADC_DATA_VALID_INTR_STA), (8 bytes).
    Removing as32m0_adc.o(i.ADC_DISABLE_DATA_VALID_INTR), (10 bytes).
    Removing as32m0_adc.o(i.ADC_DISABLE_FIFO_OVER_INTR), (10 bytes).
    Removing as32m0_adc.o(i.ADC_DMA_MODE_GET_RESULT), (232 bytes).
    Removing as32m0_adc.o(i.ADC_ENABLE_DATA_VALID_INTR), (10 bytes).
    Removing as32m0_adc.o(i.ADC_ENABLE_FIFO_OVER_INTR), (10 bytes).
    Removing as32m0_adc.o(i.ADC_FIFO_OVER_INTR_CLR), (6 bytes).
    Removing as32m0_adc.o(i.ADC_FIFO_OVER__INTR_STA), (8 bytes).
    Removing as32m0_adc.o(i.ADC_INIT_MODE), (72 bytes).
    Removing as32m0_adc.o(i.ADC_MODE_CONFIG), (12 bytes).
    Removing as32m0_adc.o(i.ADC_NOT_RESET), (10 bytes).
    Removing as32m0_adc.o(i.ADC_PD), (18 bytes).
    Removing as32m0_adc.o(i.ADC_RESET), (10 bytes).
    Removing as32m0_adc.o(i.ADC_SAMPLE_NUM), (4 bytes).
    Removing as32m0_adc.o(i.ADC_SET_CLK_GATE), (6 bytes).
    Removing as32m0_adc.o(i.ADC_SHOT_MODE_GET_RESULT), (112 bytes).
    Removing as32m0_adc.o(i.ADC_SOC_WRITE), (4 bytes).
    Removing as32m0_adc.o(i.ADC_WAIT_READY), (10 bytes).
    Removing as32m0_adc.o(i.adc_shot_test), (200 bytes).
    Removing as32m0_des.o(.rev16_text), (4 bytes).
    Removing as32m0_des.o(.revsh_text), (4 bytes).
    Removing as32m0_des.o(i.Read_puf_key), (240 bytes).
    Removing as32m0_des.o(i.apDes_Config), (108 bytes).
    Removing as32m0_des.o(i.apDes_Debug_Test), (144 bytes).
    Removing as32m0_des.o(i.apDes_Disable), (12 bytes).
    Removing as32m0_des.o(i.apDes_Enable), (12 bytes).
    Removing as32m0_des.o(i.apDes_Encrypt_Decrypt_Data), (136 bytes).
    Removing as32m0_des.o(i.apDes_Read_Data), (112 bytes).
    Removing as32m0_des.o(i.apDes_Write_Data), (92 bytes).
    Removing as32m0_des.o(i.des_check_busy), (38 bytes).
    Removing as32m0_des.o(i.des_check_input_ready), (38 bytes).
    Removing as32m0_des.o(i.des_check_output_ready), (38 bytes).
    Removing as32m0_des.o(i.des_clr_bits), (20 bytes).
    Removing as32m0_des.o(i.des_read_reg), (16 bytes).
    Removing as32m0_des.o(i.des_set_bits), (20 bytes).
    Removing as32m0_des.o(i.des_write_reg), (12 bytes).
    Removing as32m0_des.o(i.set_des_key), (28 bytes).
    Removing as32m0_dma.o(.rev16_text), (4 bytes).
    Removing as32m0_dma.o(.revsh_text), (4 bytes).
    Removing as32m0_dma.o(i.DMA_BigEndian), (40 bytes).
    Removing as32m0_dma.o(i.DMA_Data_Transfer), (268 bytes).
    Removing as32m0_dma.o(i.DMA_Disable), (20 bytes).
    Removing as32m0_dma.o(i.DMA_Disable_Sync), (20 bytes).
    Removing as32m0_dma.o(i.DMA_Enable), (20 bytes).
    Removing as32m0_dma.o(i.DMA_Enable_Sync), (20 bytes).
    Removing as32m0_dma.o(i.DMA_GetActiveChannels), (12 bytes).
    Removing as32m0_dma.o(i.DMA_GetChConfig), (132 bytes).
    Removing as32m0_dma.o(i.DMA_GetChControl), (160 bytes).
    Removing as32m0_dma.o(i.DMA_GetChLLI), (32 bytes).
    Removing as32m0_dma.o(i.DMA_GetConfiguration), (16 bytes).
    Removing as32m0_dma.o(i.DMA_GetDestAddr), (16 bytes).
    Removing as32m0_dma.o(i.DMA_GetIntErrorStatus), (12 bytes).
    Removing as32m0_dma.o(i.DMA_GetIntStatus), (12 bytes).
    Removing as32m0_dma.o(i.DMA_GetIntTCStatus), (12 bytes).
    Removing as32m0_dma.o(i.DMA_GetRawIntErrorStatus), (12 bytes).
    Removing as32m0_dma.o(i.DMA_GetRawIntTCStatus), (12 bytes).
    Removing as32m0_dma.o(i.DMA_GetSoftBReq), (12 bytes).
    Removing as32m0_dma.o(i.DMA_GetSoftLBReq), (12 bytes).
    Removing as32m0_dma.o(i.DMA_GetSoftLSReq), (12 bytes).
    Removing as32m0_dma.o(i.DMA_GetSoftSReq), (12 bytes).
    Removing as32m0_dma.o(i.DMA_GetSourAddr), (16 bytes).
    Removing as32m0_dma.o(i.DMA_GetSync), (12 bytes).
    Removing as32m0_dma.o(i.DMA_LittleEndian), (40 bytes).
    Removing as32m0_dma.o(i.DMA_SetChConfig), (50 bytes).
    Removing as32m0_dma.o(i.DMA_SetChControl), (68 bytes).
    Removing as32m0_dma.o(i.DMA_SetChLLI), (14 bytes).
    Removing as32m0_dma.o(i.DMA_SetChannelReg), (76 bytes).
    Removing as32m0_dma.o(i.DMA_SetIntErrClr), (140 bytes).
    Removing as32m0_dma.o(i.DMA_SetIntTCClear), (140 bytes).
    Removing as32m0_dma.o(i.DMA_SetSoftBReq), (20 bytes).
    Removing as32m0_dma.o(i.DMA_SetSoftLBReq), (20 bytes).
    Removing as32m0_dma.o(i.DMA_SetSoftLSReq), (20 bytes).
    Removing as32m0_dma.o(i.DMA_SetSoftSReq), (20 bytes).
    Removing as32m0_gpio.o(.rev16_text), (4 bytes).
    Removing as32m0_gpio.o(.revsh_text), (4 bytes).
    Removing as32m0_gpio.o(i.GPIO_CTN_Init), (2008 bytes).
    Removing as32m0_gpio.o(i.GPIO_ClrIntStat), (8 bytes).
    Removing as32m0_gpio.o(i.GPIO_ClrtBits), (12 bytes).
    Removing as32m0_gpio.o(i.GPIO_Debouncing_Bit_Disable), (16 bytes).
    Removing as32m0_gpio.o(i.GPIO_Debouncing_Bit_Enable), (16 bytes).
    Removing as32m0_gpio.o(i.GPIO_Debouncing_Disable), (12 bytes).
    Removing as32m0_gpio.o(i.GPIO_Debouncing_Enable), (12 bytes).
    Removing as32m0_gpio.o(i.GPIO_GetIntStat), (12 bytes).
    Removing as32m0_gpio.o(i.GPIO_ReadInputBit), (22 bytes).
    Removing as32m0_gpio.o(i.GPIO_ReadInputData), (14 bytes).
    Removing as32m0_gpio.o(i.GPIO_ReadInputDataBit), (30 bytes).
    Removing as32m0_gpio.o(i.GPIO_SetBits), (12 bytes).
    Removing as32m0_gpio.o(i.GPIO_Set_Debouncing_Lmt), (12 bytes).
    Removing as32m0_i2c.o(.rev16_text), (4 bytes).
    Removing as32m0_i2c.o(.revsh_text), (4 bytes).
    Removing as32m0_i2c.o(i.I2CReadBytes), (68 bytes).
    Removing as32m0_i2c.o(i.I2CReadOneByte), (64 bytes).
    Removing as32m0_i2c.o(i.I2CReadTwoBytes), (48 bytes).
    Removing as32m0_i2c.o(i.I2CWirteBytes), (48 bytes).
    Removing as32m0_i2c.o(i.I2CWirteOneByte), (56 bytes).
    Removing as32m0_i2c.o(i.I2CWirteOneByte_Loopback), (4 bytes).
    Removing as32m0_i2c.o(i.I2C_CLR_ACTIVITY), (6 bytes).
    Removing as32m0_i2c.o(i.I2C_CLR_GEN_CALL), (6 bytes).
    Removing as32m0_i2c.o(i.I2C_CLR_RD_REQ), (6 bytes).
    Removing as32m0_i2c.o(i.I2C_CLR_RX_DONE), (6 bytes).
    Removing as32m0_i2c.o(i.I2C_CLR_RX_OVER), (6 bytes).
    Removing as32m0_i2c.o(i.I2C_CLR_RX_UNDER), (6 bytes).
    Removing as32m0_i2c.o(i.I2C_CLR_START_DET), (6 bytes).
    Removing as32m0_i2c.o(i.I2C_CLR_STOP_DET), (6 bytes).
    Removing as32m0_i2c.o(i.I2C_CLR_TX_ABRT), (6 bytes).
    Removing as32m0_i2c.o(i.I2C_CLR_TX_OVER), (6 bytes).
    Removing as32m0_i2c.o(i.I2C_DISABLE), (12 bytes).
    Removing as32m0_i2c.o(i.I2C_ENABLE), (12 bytes).
    Removing as32m0_i2c.o(i.I2C_MasterConfig), (108 bytes).
    Removing as32m0_i2c.o(i.I2C_ReceFifoSet), (68 bytes).
    Removing as32m0_i2c.o(i.I2C_SCL_HCNT), (232 bytes).
    Removing as32m0_i2c.o(i.I2C_SCL_LCNT), (228 bytes).
    Removing as32m0_i2c.o(i.I2C_SearchAddr), (232 bytes).
    Removing as32m0_i2c.o(i.I2C_SlaveAdd), (4 bytes).
    Removing as32m0_i2c.o(i.I2C_SlaveConfig), (110 bytes).
    Removing as32m0_i2c.o(i.I2C_TargerAdd), (4 bytes).
    Removing as32m0_i2c.o(i.I2C_TransFifoSet), (68 bytes).
    Removing as32m0_i2c.o(i.I2C_init), (152 bytes).
    Removing as32m0_lvd.o(.rev16_text), (4 bytes).
    Removing as32m0_lvd.o(.revsh_text), (4 bytes).
    Removing as32m0_lvd.o(i.LVD_Disable), (20 bytes).
    Removing as32m0_lvd.o(i.LVD_Enable), (20 bytes).
    Removing as32m0_lvd.o(i.LVD_Filter_Enable), (20 bytes).
    Removing as32m0_lvd.o(i.LVD_Init), (132 bytes).
    Removing as32m0_lvd.o(i.LVD_Int_Clr), (20 bytes).
    Removing as32m0_pinctrl.o(.rev16_text), (4 bytes).
    Removing as32m0_pinctrl.o(.revsh_text), (4 bytes).
    Removing as32m0_pinctrl.o(i.PINCTRL_GetPadConfig), (6 bytes).
    Removing as32m0_pinctrl.o(i.PINCTRL_SetFuncMux), (4 bytes).
    Removing as32m0_pinctrl.o(i.PINCTRL_SetPadCtrl), (4 bytes).
    Removing as32m0_pwm.o(.rev16_text), (4 bytes).
    Removing as32m0_pwm.o(.revsh_text), (4 bytes).
    Removing as32m0_pwm.o(i.apPWM_DZConfig), (190 bytes).
    Removing as32m0_pwm.o(i.apPWM_Disable), (10 bytes).
    Removing as32m0_pwm.o(i.apPWM_Int_Clr), (10 bytes).
    Removing as32m0_pwm.o(i.apPWM_Int_Disable), (10 bytes).
    Removing as32m0_pwm.o(i.apPWM_Set_Cycle), (94 bytes).
    Removing as32m0_sleep.o(.rev16_text), (4 bytes).
    Removing as32m0_sleep.o(.revsh_text), (4 bytes).
    Removing as32m0_sleep.o(i.enter_sleep_mode), (60 bytes).
    Removing as32m0_ssp.o(.rev16_text), (4 bytes).
    Removing as32m0_ssp.o(.revsh_text), (4 bytes).
    Removing as32m0_ssp.o(i.apSSP_DMAAddressGet), (8 bytes).
    Removing as32m0_ssp.o(i.apSSP_DMAModeSet), (62 bytes).
    Removing as32m0_ssp.o(i.apSSP_DeviceParametersGet), (70 bytes).
    Removing as32m0_ssp.o(i.apSSP_DeviceReceiveClear), (22 bytes).
    Removing as32m0_ssp.o(i.apSSP_DeviceReceiveDisable), (10 bytes).
    Removing as32m0_ssp.o(i.apSSP_DeviceReceiveEnable), (10 bytes).
    Removing as32m0_ssp.o(i.apSSP_DeviceReceiveOverrunEnable), (10 bytes).
    Removing as32m0_ssp.o(i.apSSP_DeviceTransmitDisable), (10 bytes).
    Removing as32m0_ssp.o(i.apSSP_DeviceTransmitEnable), (10 bytes).
    Removing as32m0_ssp.o(i.apSSP_RxFifoFull), (10 bytes).
    Removing as32m0_ssp.o(i.apSSP_RxFifoNotEmpty), (10 bytes).
    Removing as32m0_ssp.o(i.apSSP_TxFifoEmpty), (10 bytes).
    Removing as32m0_ssp.o(i.apSSP_TxFifoNotFull), (10 bytes).
    Removing as32m0_ssp.o(i.apSSP_WriteFIFO), (4 bytes).
    Removing as32m0_ssp.o(i.ssp_get_byte), (48 bytes).
    Removing as32m0_ssp.o(i.ssp_send_byte), (44 bytes).
    Removing as32m0_ssp.o(i.ssp_slave_config), (56 bytes).
    Removing as32m0_sysctrl.o(.rev16_text), (4 bytes).
    Removing as32m0_sysctrl.o(.revsh_text), (4 bytes).
    Removing as32m0_sysctrl.o(i.SYSCTRL_ApbClkSel_Sys), (12 bytes).
    Removing as32m0_sysctrl.o(i.SYSCTRL_ApbClkSel_SysDiv), (12 bytes).
    Removing as32m0_sysctrl.o(i.SYSCTRL_ClrAhbClkGate), (12 bytes).
    Removing as32m0_sysctrl.o(i.SYSCTRL_ClrApbClkGate), (12 bytes).
    Removing as32m0_sysctrl.o(i.SYSCTRL_ClrClkGate_AHB_DES), (12 bytes).
    Removing as32m0_sysctrl.o(i.SYSCTRL_ClrClkGate_AHB_DMA), (12 bytes).
    Removing as32m0_sysctrl.o(i.SYSCTRL_ClrClkGate_APB_ADC), (12 bytes).
    Removing as32m0_sysctrl.o(i.SYSCTRL_ClrClkGate_APB_GPIO), (16 bytes).
    Removing as32m0_sysctrl.o(i.SYSCTRL_ClrClkGate_APB_I2C), (12 bytes).
    Removing as32m0_sysctrl.o(i.SYSCTRL_ClrClkGate_APB_LVD), (12 bytes).
    Removing as32m0_sysctrl.o(i.SYSCTRL_ClrClkGate_APB_PWM0), (12 bytes).
    Removing as32m0_sysctrl.o(i.SYSCTRL_ClrClkGate_APB_PWM1), (12 bytes).
    Removing as32m0_sysctrl.o(i.SYSCTRL_ClrClkGate_APB_PWM2), (12 bytes).
    Removing as32m0_sysctrl.o(i.SYSCTRL_ClrClkGate_APB_PWM3), (12 bytes).
    Removing as32m0_sysctrl.o(i.SYSCTRL_ClrClkGate_APB_PinCtrl), (12 bytes).
    Removing as32m0_sysctrl.o(i.SYSCTRL_ClrClkGate_APB_SCI0), (16 bytes).
    Removing as32m0_sysctrl.o(i.SYSCTRL_ClrClkGate_APB_SCI1), (16 bytes).
    Removing as32m0_sysctrl.o(i.SYSCTRL_ClrClkGate_APB_SPI), (16 bytes).
    Removing as32m0_sysctrl.o(i.SYSCTRL_ClrClkGate_APB_TIMER0), (16 bytes).
    Removing as32m0_sysctrl.o(i.SYSCTRL_ClrClkGate_APB_TIMER1), (16 bytes).
    Removing as32m0_sysctrl.o(i.SYSCTRL_ClrClkGate_APB_TIMER2), (16 bytes).
    Removing as32m0_sysctrl.o(i.SYSCTRL_ClrClkGate_APB_WDG), (16 bytes).
    Removing as32m0_sysctrl.o(i.SYSCTRL_ClrClkGate_WDG_WorkClk), (12 bytes).
    Removing as32m0_sysctrl.o(i.SYSCTRL_ClrReset_AHB), (12 bytes).
    Removing as32m0_sysctrl.o(i.SYSCTRL_ClrReset_AHB_DES), (12 bytes).
    Removing as32m0_sysctrl.o(i.SYSCTRL_ClrReset_AHB_DMA), (12 bytes).
    Removing as32m0_sysctrl.o(i.SYSCTRL_ClrReset_APB), (12 bytes).
    Removing as32m0_sysctrl.o(i.SYSCTRL_ClrReset_APB_ADC), (12 bytes).
    Removing as32m0_sysctrl.o(i.SYSCTRL_ClrReset_APB_GPIO), (16 bytes).
    Removing as32m0_sysctrl.o(i.SYSCTRL_ClrReset_APB_I2C), (12 bytes).
    Removing as32m0_sysctrl.o(i.SYSCTRL_ClrReset_APB_LVD), (12 bytes).
    Removing as32m0_sysctrl.o(i.SYSCTRL_ClrReset_APB_PWM0), (12 bytes).
    Removing as32m0_sysctrl.o(i.SYSCTRL_ClrReset_APB_PWM1), (12 bytes).
    Removing as32m0_sysctrl.o(i.SYSCTRL_ClrReset_APB_PWM2), (12 bytes).
    Removing as32m0_sysctrl.o(i.SYSCTRL_ClrReset_APB_PWM3), (12 bytes).
    Removing as32m0_sysctrl.o(i.SYSCTRL_ClrReset_APB_SCI1), (16 bytes).
    Removing as32m0_sysctrl.o(i.SYSCTRL_ClrReset_APB_SPI), (16 bytes).
    Removing as32m0_sysctrl.o(i.SYSCTRL_ClrReset_APB_TIMER0), (16 bytes).
    Removing as32m0_sysctrl.o(i.SYSCTRL_ClrReset_APB_TIMER1), (16 bytes).
    Removing as32m0_sysctrl.o(i.SYSCTRL_ClrReset_APB_TIMER2), (16 bytes).
    Removing as32m0_sysctrl.o(i.SYSCTRL_ClrReset_APB_WDG), (16 bytes).
    Removing as32m0_sysctrl.o(i.SYSCTRL_ClrReset_Soft_Cold), (20 bytes).
    Removing as32m0_sysctrl.o(i.SYSCTRL_ClrReset_Soft_Warm), (20 bytes).
    Removing as32m0_sysctrl.o(i.SYSCTRL_ClrReset_WDG_WorkClk), (12 bytes).
    Removing as32m0_sysctrl.o(i.SYSCTRL_ClrReset_WorkClk), (12 bytes).
    Removing as32m0_sysctrl.o(i.SYSCTRL_ClrWorkClkGate), (12 bytes).
    Removing as32m0_sysctrl.o(i.SYSCTRL_FastClockSwitch_EXT), (24 bytes).
    Removing as32m0_sysctrl.o(i.SYSCTRL_FastClockSwitch_ROSC), (24 bytes).
    Removing as32m0_sysctrl.o(i.SYSCTRL_GetAhbClkGate), (12 bytes).
    Removing as32m0_sysctrl.o(i.SYSCTRL_GetApbClkGate), (12 bytes).
    Removing as32m0_sysctrl.o(i.SYSCTRL_GetReset_AHB), (12 bytes).
    Removing as32m0_sysctrl.o(i.SYSCTRL_GetReset_APB), (12 bytes).
    Removing as32m0_sysctrl.o(i.SYSCTRL_GetReset_WorkClk), (12 bytes).
    Removing as32m0_sysctrl.o(i.SYSCTRL_GetWorkClkGate), (12 bytes).
    Removing as32m0_sysctrl.o(i.SYSCTRL_Get_Chip_ID), (12 bytes).
    Removing as32m0_sysctrl.o(i.SYSCTRL_Get_Chip_MOde), (12 bytes).
    Removing as32m0_sysctrl.o(i.SYSCTRL_OSCClkSel_FastClk), (12 bytes).
    Removing as32m0_sysctrl.o(i.SYSCTRL_OSCClkSel_SlowClk), (12 bytes).
    Removing as32m0_sysctrl.o(i.SYSCTRL_OSC_ClkDIv_Set), (16 bytes).
    Removing as32m0_sysctrl.o(i.SYSCTRL_ROSC_16M_Clr_PowerDown), (16 bytes).
    Removing as32m0_sysctrl.o(i.SYSCTRL_ROSC_16M_PowerDown), (16 bytes).
    Removing as32m0_sysctrl.o(i.SYSCTRL_ROSC_16M_Set), (16 bytes).
    Removing as32m0_sysctrl.o(i.SYSCTRL_ROSC_16M_Trimming_Sel), (16 bytes).
    Removing as32m0_sysctrl.o(i.SYSCTRL_ROSC_32K_Clr_PowerDown), (16 bytes).
    Removing as32m0_sysctrl.o(i.SYSCTRL_ROSC_32K_PowerDown), (16 bytes).
    Removing as32m0_sysctrl.o(i.SYSCTRL_SetAhbClkGate), (12 bytes).
    Removing as32m0_sysctrl.o(i.SYSCTRL_SetApbClkGate), (12 bytes).
    Removing as32m0_sysctrl.o(i.SYSCTRL_SetClkGate_AHB_DES), (12 bytes).
    Removing as32m0_sysctrl.o(i.SYSCTRL_SetClkGate_AHB_DMA), (12 bytes).
    Removing as32m0_sysctrl.o(i.SYSCTRL_SetClkGate_APB_ADC), (12 bytes).
    Removing as32m0_sysctrl.o(i.SYSCTRL_SetClkGate_APB_GPIO), (16 bytes).
    Removing as32m0_sysctrl.o(i.SYSCTRL_SetClkGate_APB_I2C), (12 bytes).
    Removing as32m0_sysctrl.o(i.SYSCTRL_SetClkGate_APB_LVD), (12 bytes).
    Removing as32m0_sysctrl.o(i.SYSCTRL_SetClkGate_APB_PWM0), (12 bytes).
    Removing as32m0_sysctrl.o(i.SYSCTRL_SetClkGate_APB_PWM1), (12 bytes).
    Removing as32m0_sysctrl.o(i.SYSCTRL_SetClkGate_APB_PWM2), (12 bytes).
    Removing as32m0_sysctrl.o(i.SYSCTRL_SetClkGate_APB_PWM3), (12 bytes).
    Removing as32m0_sysctrl.o(i.SYSCTRL_SetClkGate_APB_PinCtrl), (12 bytes).
    Removing as32m0_sysctrl.o(i.SYSCTRL_SetClkGate_APB_SCI0), (16 bytes).
    Removing as32m0_sysctrl.o(i.SYSCTRL_SetClkGate_APB_SCI1), (16 bytes).
    Removing as32m0_sysctrl.o(i.SYSCTRL_SetClkGate_APB_SPI), (16 bytes).
    Removing as32m0_sysctrl.o(i.SYSCTRL_SetClkGate_APB_TIMER0), (16 bytes).
    Removing as32m0_sysctrl.o(i.SYSCTRL_SetClkGate_APB_TIMER1), (16 bytes).
    Removing as32m0_sysctrl.o(i.SYSCTRL_SetClkGate_APB_TIMER2), (16 bytes).
    Removing as32m0_sysctrl.o(i.SYSCTRL_SetClkGate_APB_WDG), (16 bytes).
    Removing as32m0_sysctrl.o(i.SYSCTRL_SetClkGate_WDG_WorkClk), (12 bytes).
    Removing as32m0_sysctrl.o(i.SYSCTRL_SetReset_AHB), (12 bytes).
    Removing as32m0_sysctrl.o(i.SYSCTRL_SetReset_AHB_DES), (12 bytes).
    Removing as32m0_sysctrl.o(i.SYSCTRL_SetReset_AHB_DMA), (12 bytes).
    Removing as32m0_sysctrl.o(i.SYSCTRL_SetReset_APB), (12 bytes).
    Removing as32m0_sysctrl.o(i.SYSCTRL_SetReset_APB_ADC), (12 bytes).
    Removing as32m0_sysctrl.o(i.SYSCTRL_SetReset_APB_GPIO), (16 bytes).
    Removing as32m0_sysctrl.o(i.SYSCTRL_SetReset_APB_I2C), (12 bytes).
    Removing as32m0_sysctrl.o(i.SYSCTRL_SetReset_APB_LVD), (12 bytes).
    Removing as32m0_sysctrl.o(i.SYSCTRL_SetReset_APB_PWM0), (12 bytes).
    Removing as32m0_sysctrl.o(i.SYSCTRL_SetReset_APB_PWM1), (12 bytes).
    Removing as32m0_sysctrl.o(i.SYSCTRL_SetReset_APB_PWM2), (12 bytes).
    Removing as32m0_sysctrl.o(i.SYSCTRL_SetReset_APB_PWM3), (12 bytes).
    Removing as32m0_sysctrl.o(i.SYSCTRL_SetReset_APB_PinCtrl), (12 bytes).
    Removing as32m0_sysctrl.o(i.SYSCTRL_SetReset_APB_SCI0), (16 bytes).
    Removing as32m0_sysctrl.o(i.SYSCTRL_SetReset_APB_SCI1), (16 bytes).
    Removing as32m0_sysctrl.o(i.SYSCTRL_SetReset_APB_SPI), (16 bytes).
    Removing as32m0_sysctrl.o(i.SYSCTRL_SetReset_APB_TIMER0), (16 bytes).
    Removing as32m0_sysctrl.o(i.SYSCTRL_SetReset_APB_TIMER1), (16 bytes).
    Removing as32m0_sysctrl.o(i.SYSCTRL_SetReset_APB_TIMER2), (16 bytes).
    Removing as32m0_sysctrl.o(i.SYSCTRL_SetReset_APB_WDG), (16 bytes).
    Removing as32m0_sysctrl.o(i.SYSCTRL_SetReset_Soft_Cold), (20 bytes).
    Removing as32m0_sysctrl.o(i.SYSCTRL_SetReset_Soft_Warm), (20 bytes).
    Removing as32m0_sysctrl.o(i.SYSCTRL_SetReset_WDG_WorkClk), (12 bytes).
    Removing as32m0_sysctrl.o(i.SYSCTRL_SetReset_WorkClk), (12 bytes).
    Removing as32m0_sysctrl.o(i.SYSCTRL_SetWorkClkGate), (12 bytes).
    Removing as32m0_sysctrl.o(i.SYSCTRL_SlowClockSwitch_EXT), (24 bytes).
    Removing as32m0_sysctrl.o(i.SYSCTRL_SlowClockSwitch_ROSC), (24 bytes).
    Removing as32m0_sysctrl.o(i.SYSCTRL_SysClkSel_OSC), (12 bytes).
    Removing as32m0_sysctrl.o(i.SYSCTRL_SysClkSel_OSCDiv), (12 bytes).
    Removing as32m0_sysctrl.o(i.SYSCTRL_Sys_ClkDIv_Set), (16 bytes).
    Removing as32m0_sysctrl.o(i.SYSCTRL_TogClkGate_AHB_DES), (12 bytes).
    Removing as32m0_sysctrl.o(i.SYSCTRL_TogClkGate_AHB_DMA), (12 bytes).
    Removing as32m0_sysctrl.o(i.SYSCTRL_TogClkGate_APB_ADC), (12 bytes).
    Removing as32m0_sysctrl.o(i.SYSCTRL_TogClkGate_APB_GPIO), (16 bytes).
    Removing as32m0_sysctrl.o(i.SYSCTRL_TogClkGate_APB_I2C), (12 bytes).
    Removing as32m0_sysctrl.o(i.SYSCTRL_TogClkGate_APB_LVD), (12 bytes).
    Removing as32m0_sysctrl.o(i.SYSCTRL_TogClkGate_APB_PWM0), (12 bytes).
    Removing as32m0_sysctrl.o(i.SYSCTRL_TogClkGate_APB_PWM1), (12 bytes).
    Removing as32m0_sysctrl.o(i.SYSCTRL_TogClkGate_APB_PWM2), (12 bytes).
    Removing as32m0_sysctrl.o(i.SYSCTRL_TogClkGate_APB_PWM3), (12 bytes).
    Removing as32m0_sysctrl.o(i.SYSCTRL_TogClkGate_APB_PinCtrl), (12 bytes).
    Removing as32m0_sysctrl.o(i.SYSCTRL_TogClkGate_APB_SCI0), (16 bytes).
    Removing as32m0_sysctrl.o(i.SYSCTRL_TogClkGate_APB_SCI1), (16 bytes).
    Removing as32m0_sysctrl.o(i.SYSCTRL_TogClkGate_APB_SPI), (16 bytes).
    Removing as32m0_sysctrl.o(i.SYSCTRL_TogClkGate_APB_TIMER0), (16 bytes).
    Removing as32m0_sysctrl.o(i.SYSCTRL_TogClkGate_APB_TIMER1), (16 bytes).
    Removing as32m0_sysctrl.o(i.SYSCTRL_TogClkGate_APB_TIMER2), (16 bytes).
    Removing as32m0_sysctrl.o(i.SYSCTRL_TogClkGate_APB_WDG), (16 bytes).
    Removing as32m0_sysctrl.o(i.SYSCTRL_TogClkGate_WDG_WorkClk), (12 bytes).
    Removing as32m0_sysctrl.o(i.SYSCTRL_TogReset_AHB_DES), (12 bytes).
    Removing as32m0_sysctrl.o(i.SYSCTRL_TogReset_AHB_DMA), (12 bytes).
    Removing as32m0_sysctrl.o(i.SYSCTRL_TogReset_APB_ADC), (12 bytes).
    Removing as32m0_sysctrl.o(i.SYSCTRL_TogReset_APB_GPIO), (16 bytes).
    Removing as32m0_sysctrl.o(i.SYSCTRL_TogReset_APB_I2C), (12 bytes).
    Removing as32m0_sysctrl.o(i.SYSCTRL_TogReset_APB_LVD), (12 bytes).
    Removing as32m0_sysctrl.o(i.SYSCTRL_TogReset_APB_PWM0), (12 bytes).
    Removing as32m0_sysctrl.o(i.SYSCTRL_TogReset_APB_PWM1), (12 bytes).
    Removing as32m0_sysctrl.o(i.SYSCTRL_TogReset_APB_PWM2), (12 bytes).
    Removing as32m0_sysctrl.o(i.SYSCTRL_TogReset_APB_PWM3), (12 bytes).
    Removing as32m0_sysctrl.o(i.SYSCTRL_TogReset_APB_PinCtrl), (12 bytes).
    Removing as32m0_sysctrl.o(i.SYSCTRL_TogReset_APB_SCI0), (16 bytes).
    Removing as32m0_sysctrl.o(i.SYSCTRL_TogReset_APB_SCI1), (16 bytes).
    Removing as32m0_sysctrl.o(i.SYSCTRL_TogReset_APB_SPI), (16 bytes).
    Removing as32m0_sysctrl.o(i.SYSCTRL_TogReset_APB_TIMER0), (16 bytes).
    Removing as32m0_sysctrl.o(i.SYSCTRL_TogReset_APB_TIMER1), (16 bytes).
    Removing as32m0_sysctrl.o(i.SYSCTRL_TogReset_APB_TIMER2), (16 bytes).
    Removing as32m0_sysctrl.o(i.SYSCTRL_TogReset_APB_WDG), (16 bytes).
    Removing as32m0_sysctrl.o(i.SYSCTRL_TogReset_WDG_WorkClk), (12 bytes).
    Removing as32m0_systick.o(.rev16_text), (4 bytes).
    Removing as32m0_systick.o(.revsh_text), (4 bytes).
    Removing as32m0_systick.o(i.systick_delay_ms), (132 bytes).
    Removing as32m0_systick.o(i.systick_delay_s), (132 bytes).
    Removing as32m0_systick.o(i.systick_delay_us), (104 bytes).
    Removing as32m0_systick.o(i.systick_get_ms), (48 bytes).
    Removing as32m0_systick.o(i.systick_get_s), (48 bytes).
    Removing as32m0_systick.o(i.systick_get_us), (52 bytes).
    Removing as32m0_systick.o(i.systick_initialize), (96 bytes).
    Removing as32m0_systick.o(i.systick_uninitialize), (32 bytes).
    Removing as32m0_timer.o(.rev16_text), (4 bytes).
    Removing as32m0_timer.o(.revsh_text), (4 bytes).
    Removing as32m0_timer.o(i.TMR_0_LOCK), (12 bytes).
    Removing as32m0_timer.o(i.TMR_0_UNLOCK), (16 bytes).
    Removing as32m0_timer.o(i.TMR_Clr_CNT), (10 bytes).
    Removing as32m0_timer.o(i.TMR_Disable), (10 bytes).
    Removing as32m0_timer.o(i.TMR_Enable), (10 bytes).
    Removing as32m0_timer.o(i.TMR_Fetch_Disable), (12 bytes).
    Removing as32m0_timer.o(i.TMR_Fetch_Enable), (36 bytes).
    Removing as32m0_timer.o(i.TMR_Get_CMP), (6 bytes).
    Removing as32m0_timer.o(i.TMR_Get_CNT), (6 bytes).
    Removing as32m0_timer.o(i.TMR_Get_CTL), (6 bytes).
    Removing as32m0_timer.o(i.TMR_Int_Clr), (10 bytes).
    Removing as32m0_timer.o(i.TMR_Int_Disable), (10 bytes).
    Removing as32m0_timer.o(i.TMR_Int_Enable), (10 bytes).
    Removing as32m0_timer.o(i.TMR_Int_Happened), (10 bytes).
    Removing as32m0_timer.o(i.TMR_Set_CMP), (4 bytes).
    Removing as32m0_timer.o(i.TMR_Set_CNT), (4 bytes).
    Removing as32m0_timer.o(i.TMR_Set_CTL), (4 bytes).
    Removing as32m0_timer.o(i.TMR_Set_Op_Mode), (22 bytes).
    Removing as32m0_timer.o(i.WDG_Disable), (20 bytes).
    Removing as32m0_timer.o(i.WDG_Enable), (24 bytes).
    Removing as32m0_timer.o(i.WDG_Int_Disable), (20 bytes).
    Removing as32m0_timer.o(i.WDG_Int_Enable), (20 bytes).
    Removing as32m0_timer.o(i.WDG_Reset_Disable), (20 bytes).
    Removing as32m0_timer.o(i.WDG_Reset_Enable), (20 bytes).
    Removing as32m0_timer.o(i.WatchDog_Int_Clr), (20 bytes).
    Removing as32m0_timer.o(i.WatchDog_Reset_Happened), (16 bytes).
    Removing as32m0_uart.o(.rev16_text), (4 bytes).
    Removing as32m0_uart.o(.revsh_text), (4 bytes).
    Removing as32m0_uart.o(i.UART_DMAModeSet), (62 bytes).
    Removing as32m0_uart.o(i.apUART_BaudRateGet), (120 bytes).
    Removing as32m0_uart.o(i.apUART_Check_RXFIFO_FULL), (10 bytes).
    Removing as32m0_uart.o(i.apUART_Check_Rece_ERROR), (64 bytes).
    Removing as32m0_uart.o(i.apUART_Check_TXFIFO_EMPTY), (10 bytes).
    Removing as32m0_uart.o(i.apUART_DMAModeSet), (62 bytes).
    Removing as32m0_uart.o(i.apUART_Disable_FIFO), (10 bytes).
    Removing as32m0_uart.o(i.apUART_Disable_MASTER), (10 bytes).
    Removing as32m0_uart.o(i.apUART_Disable_RECEIVE), (12 bytes).
    Removing as32m0_uart.o(i.apUART_Disable_RECEIVE_INT), (10 bytes).
    Removing as32m0_uart.o(i.apUART_Disable_TRANSMIT), (12 bytes).
    Removing as32m0_uart.o(i.apUART_Disable_TRANSMIT_INT), (10 bytes).
    Removing as32m0_uart.o(i.apUART_Enable_FIFO), (10 bytes).
    Removing as32m0_uart.o(i.apUART_Enable_MASTER), (10 bytes).
    Removing as32m0_uart.o(i.apUART_Enable_RECEIVE), (12 bytes).
    Removing as32m0_uart.o(i.apUART_Enable_RECEIVE_INT), (10 bytes).
    Removing as32m0_uart.o(i.apUART_Enable_TRANSMIT), (12 bytes).
    Removing as32m0_uart.o(i.apUART_Enable_TRANSMIT_INT), (10 bytes).
    Removing as32m0_uart.o(i.apUART_INT_RX_CLR), (10 bytes).
    Removing as32m0_uart.o(i.apUART_INT_TX_CLR), (10 bytes).
    Removing as32m0_uart.o(i.apUART_LoopModeSet), (58 bytes).
    Removing as32m0_uart.o(i.apUART_ReceData), (8 bytes).
    Removing as32m0_uart.o(i.apUART_SendData), (4 bytes).
    Removing as32m0_uart.o(i.apUART_Set_RXFIFO_WATERLEVEL), (24 bytes).
    Removing as32m0_uart.o(i.apUART_Set_TXFIFO_WATERLEVEL), (18 bytes).
    Removing as32m0_misc.o(.rev16_text), (4 bytes).
    Removing as32m0_misc.o(.revsh_text), (4 bytes).
    Removing as32m0_misc.o(i.breakpoint_key), (44 bytes).
    Removing as32m0_misc.o(i.delay_us), (12 bytes).
    Removing main.o(.rev16_text), (4 bytes).
    Removing main.o(.revsh_text), (4 bytes).
    Removing main.o(i.bufferTest), (112 bytes).
    Removing main.o(i.rotateBufferLongTest), (80 bytes).
    Removing main.o(i.scrollLeft), (32 bytes).
    Removing main.o(i.scrollRight), (32 bytes).
    Removing ledcontrol.o(.rev16_text), (4 bytes).
    Removing ledcontrol.o(.revsh_text), (4 bytes).
    Removing ledcontrol.o(i.getDeviceCount), (12 bytes).
    Removing ledcontrol.o(i.setLed), (136 bytes).
    Removing printf_config.o(.rev16_text), (4 bytes).
    Removing printf_config.o(.revsh_text), (4 bytes).
    Removing printf_config.o(i.SER_PutChar1), (20 bytes).
    Removing printf_config.o(i.config_uart), (116 bytes).
    Removing printf_config.o(i.config_uart1), (152 bytes).
    Removing retarget.o(.rev16_text), (4 bytes).
    Removing retarget.o(.revsh_text), (4 bytes).
    Removing retarget.o(i._sys_exit), (4 bytes).
    Removing retarget.o(i._ttywrch), (12 bytes).
    Removing retarget.o(i.ferror), (8 bytes).
    Removing retarget.o(i.fgetc), (36 bytes).
    Removing fdiv.o(.text), (124 bytes).
    Removing dadd.o(.text), (356 bytes).
    Removing dmul.o(.text), (208 bytes).
    Removing ddiv.o(.text), (240 bytes).
    Removing ffltui.o(.text), (14 bytes).
    Removing dfltui.o(.text), (28 bytes).
    Removing ffixui.o(.text), (40 bytes).
    Removing d2f.o(.text), (56 bytes).
    Removing fepilogue.o(.text), (130 bytes).
    Removing depilogue.o(.text), (190 bytes).
    Removing dfixul.o(.text), (64 bytes).
    Removing cdrcmple.o(.text), (40 bytes).
    Removing depilogue.o(i.__ARM_clz), (46 bytes).

432 unused section(s) (total 15040 bytes) removed from the image.

==============================================================================

Image Symbol Table

    Local Symbols

    Symbol Name                              Value     Ov Type        Size  Object(Section)

    RESET                                    0x00000000   Section      132  startup_as32m0.o(RESET)
    ../clib/microlib/division.c              0x00000000   Number         0  uldiv.o ABSOLUTE
    ../clib/microlib/division.c              0x00000000   Number         0  uidiv.o ABSOLUTE
    ../clib/microlib/init/entry.s            0x00000000   Number         0  entry8a.o ABSOLUTE
    ../clib/microlib/init/entry.s            0x00000000   Number         0  entry11a.o ABSOLUTE
    ../clib/microlib/init/entry.s            0x00000000   Number         0  entry10b.o ABSOLUTE
    ../clib/microlib/init/entry.s            0x00000000   Number         0  entry9b.o ABSOLUTE
    ../clib/microlib/init/entry.s            0x00000000   Number         0  entry9a.o ABSOLUTE
    ../clib/microlib/init/entry.s            0x00000000   Number         0  entry8b.o ABSOLUTE
    ../clib/microlib/init/entry.s            0x00000000   Number         0  entry5.o ABSOLUTE
    ../clib/microlib/init/entry.s            0x00000000   Number         0  entry7b.o ABSOLUTE
    ../clib/microlib/init/entry.s            0x00000000   Number         0  entry7a.o ABSOLUTE
    ../clib/microlib/init/entry.s            0x00000000   Number         0  entry.o ABSOLUTE
    ../clib/microlib/init/entry.s            0x00000000   Number         0  entry2.o ABSOLUTE
    ../clib/microlib/init/entry.s            0x00000000   Number         0  entry11b.o ABSOLUTE
    ../clib/microlib/init/entry.s            0x00000000   Number         0  entry10a.o ABSOLUTE
    ../clib/microlib/longlong.c              0x00000000   Number         0  llshl.o ABSOLUTE
    ../clib/microlib/longlong.c              0x00000000   Number         0  llsshr.o ABSOLUTE
    ../clib/microlib/longlong.c              0x00000000   Number         0  llushr.o ABSOLUTE
    ../clib/microlib/printf/printf.c         0x00000000   Number         0  printfb.o ABSOLUTE
    ../clib/microlib/printf/printf.c         0x00000000   Number         0  printf0.o ABSOLUTE
    ../clib/microlib/printf/printf.c         0x00000000   Number         0  printf1.o ABSOLUTE
    ../clib/microlib/printf/printf.c         0x00000000   Number         0  printf2.o ABSOLUTE
    ../clib/microlib/printf/printf.c         0x00000000   Number         0  printf3.o ABSOLUTE
    ../clib/microlib/printf/printf.c         0x00000000   Number         0  printf5.o ABSOLUTE
    ../clib/microlib/printf/printf.c         0x00000000   Number         0  printf4.o ABSOLUTE
    ../clib/microlib/printf/printf.c         0x00000000   Number         0  printf6.o ABSOLUTE
    ../clib/microlib/printf/printf.c         0x00000000   Number         0  printf7.o ABSOLUTE
    ../clib/microlib/printf/printf.c         0x00000000   Number         0  printf8.o ABSOLUTE
    ../clib/microlib/printf/printf.c         0x00000000   Number         0  printfa.o ABSOLUTE
    ../clib/microlib/printf/stubs.s          0x00000000   Number         0  stubs.o ABSOLUTE
    ../clib/microlib/string/memset.c         0x00000000   Number         0  memseta.o ABSOLUTE
    ../clib/microlib/stubs.s                 0x00000000   Number         0  iusefp.o ABSOLUTE
    ../fplib/microlib/d2f.c                  0x00000000   Number         0  d2f.o ABSOLUTE
    ../fplib/microlib/fpadd.c                0x00000000   Number         0  dadd.o ABSOLUTE
    ../fplib/microlib/fpdiv.c                0x00000000   Number         0  ddiv.o ABSOLUTE
    ../fplib/microlib/fpdiv.c                0x00000000   Number         0  fdiv.o ABSOLUTE
    ../fplib/microlib/fpepilogue.c           0x00000000   Number         0  depilogue.o ABSOLUTE
    ../fplib/microlib/fpepilogue.c           0x00000000   Number         0  fepilogue.o ABSOLUTE
    ../fplib/microlib/fpfix.c                0x00000000   Number         0  ffixui.o ABSOLUTE
    ../fplib/microlib/fpfix.c                0x00000000   Number         0  dfixul.o ABSOLUTE
    ../fplib/microlib/fpflt.c                0x00000000   Number         0  ffltui.o ABSOLUTE
    ../fplib/microlib/fpflt.c                0x00000000   Number         0  dfltui.o ABSOLUTE
    ../fplib/microlib/fpmul.c                0x00000000   Number         0  dmul.o ABSOLUTE
    ..\..\..\FWLib\HardFaultHandler.c        0x00000000   Number         0  hardfaulthandler.o ABSOLUTE
    ..\..\..\FWLib\as32m0_adc.c              0x00000000   Number         0  as32m0_adc.o ABSOLUTE
    ..\..\..\FWLib\as32m0_des.c              0x00000000   Number         0  as32m0_des.o ABSOLUTE
    ..\..\..\FWLib\as32m0_dma.c              0x00000000   Number         0  as32m0_dma.o ABSOLUTE
    ..\..\..\FWLib\as32m0_gpio.c             0x00000000   Number         0  as32m0_gpio.o ABSOLUTE
    ..\..\..\FWLib\as32m0_i2c.c              0x00000000   Number         0  as32m0_i2c.o ABSOLUTE
    ..\..\..\FWLib\as32m0_lvd.c              0x00000000   Number         0  as32m0_lvd.o ABSOLUTE
    ..\..\..\FWLib\as32m0_misc.c             0x00000000   Number         0  as32m0_misc.o ABSOLUTE
    ..\..\..\FWLib\as32m0_pinctrl.c          0x00000000   Number         0  as32m0_pinctrl.o ABSOLUTE
    ..\..\..\FWLib\as32m0_pwm.c              0x00000000   Number         0  as32m0_pwm.o ABSOLUTE
    ..\..\..\FWLib\as32m0_sleep.c            0x00000000   Number         0  as32m0_sleep.o ABSOLUTE
    ..\..\..\FWLib\as32m0_ssp.c              0x00000000   Number         0  as32m0_ssp.o ABSOLUTE
    ..\..\..\FWLib\as32m0_sysctrl.c          0x00000000   Number         0  as32m0_sysctrl.o ABSOLUTE
    ..\..\..\FWLib\as32m0_systick.c          0x00000000   Number         0  as32m0_systick.o ABSOLUTE
    ..\..\..\FWLib\as32m0_timer.c            0x00000000   Number         0  as32m0_timer.o ABSOLUTE
    ..\..\..\FWLib\as32m0_uart.c             0x00000000   Number         0  as32m0_uart.o ABSOLUTE
    ..\..\..\as32m0\startup_as32m0.s         0x00000000   Number         0  startup_as32m0.o ABSOLUTE
    ..\..\..\as32m0\system_as32m0.c          0x00000000   Number         0  system_as32m0.o ABSOLUTE
    ..\..\..\printf_uart\Retarget.c          0x00000000   Number         0  retarget.o ABSOLUTE
    ..\..\..\printf_uart\printf_config.c     0x00000000   Number         0  printf_config.o ABSOLUTE
    ..\\..\\..\\FWLib\\HardFaultHandler.c    0x00000000   Number         0  hardfaulthandler.o ABSOLUTE
    ..\\..\\..\\FWLib\\as32m0_adc.c          0x00000000   Number         0  as32m0_adc.o ABSOLUTE
    ..\\..\\..\\FWLib\\as32m0_des.c          0x00000000   Number         0  as32m0_des.o ABSOLUTE
    ..\\..\\..\\FWLib\\as32m0_dma.c          0x00000000   Number         0  as32m0_dma.o ABSOLUTE
    ..\\..\\..\\FWLib\\as32m0_gpio.c         0x00000000   Number         0  as32m0_gpio.o ABSOLUTE
    ..\\..\\..\\FWLib\\as32m0_i2c.c          0x00000000   Number         0  as32m0_i2c.o ABSOLUTE
    ..\\..\\..\\FWLib\\as32m0_lvd.c          0x00000000   Number         0  as32m0_lvd.o ABSOLUTE
    ..\\..\\..\\FWLib\\as32m0_misc.c         0x00000000   Number         0  as32m0_misc.o ABSOLUTE
    ..\\..\\..\\FWLib\\as32m0_pinctrl.c      0x00000000   Number         0  as32m0_pinctrl.o ABSOLUTE
    ..\\..\\..\\FWLib\\as32m0_pwm.c          0x00000000   Number         0  as32m0_pwm.o ABSOLUTE
    ..\\..\\..\\FWLib\\as32m0_sleep.c        0x00000000   Number         0  as32m0_sleep.o ABSOLUTE
    ..\\..\\..\\FWLib\\as32m0_ssp.c          0x00000000   Number         0  as32m0_ssp.o ABSOLUTE
    ..\\..\\..\\FWLib\\as32m0_sysctrl.c      0x00000000   Number         0  as32m0_sysctrl.o ABSOLUTE
    ..\\..\\..\\FWLib\\as32m0_systick.c      0x00000000   Number         0  as32m0_systick.o ABSOLUTE
    ..\\..\\..\\FWLib\\as32m0_timer.c        0x00000000   Number         0  as32m0_timer.o ABSOLUTE
    ..\\..\\..\\FWLib\\as32m0_uart.c         0x00000000   Number         0  as32m0_uart.o ABSOLUTE
    ..\\..\\..\\as32m0\\system_as32m0.c      0x00000000   Number         0  system_as32m0.o ABSOLUTE
    ..\\..\\..\\printf_uart\\Retarget.c      0x00000000   Number         0  retarget.o ABSOLUTE
    ..\\..\\..\\printf_uart\\printf_config.c 0x00000000   Number         0  printf_config.o ABSOLUTE
    Src\LedControl.c                         0x00000000   Number         0  ledcontrol.o ABSOLUTE
    Src\\LedControl.c                        0x00000000   Number         0  ledcontrol.o ABSOLUTE
    Src\\main.c                              0x00000000   Number         0  main.o ABSOLUTE
    Src\main.c                               0x00000000   Number         0  main.o ABSOLUTE
    cdrcmple.s                               0x00000000   Number         0  cdrcmple.o ABSOLUTE
    dc.s                                     0x00000000   Number         0  dc.o ABSOLUTE
    handlers.s                               0x00000000   Number         0  handlers.o ABSOLUTE
    init.s                                   0x00000000   Number         0  init.o ABSOLUTE
    .ARM.Collect$$$$00000000                 0x00000084   Section        0  entry.o(.ARM.Collect$$$$00000000)
    .ARM.Collect$$$$00000001                 0x00000084   Section        4  entry2.o(.ARM.Collect$$$$00000001)
    .ARM.Collect$$$$00000004                 0x00000088   Section        4  entry5.o(.ARM.Collect$$$$00000004)
    .ARM.Collect$$$$00000008                 0x0000008c   Section        0  entry7b.o(.ARM.Collect$$$$00000008)
    .ARM.Collect$$$$0000000A                 0x0000008c   Section        0  entry8b.o(.ARM.Collect$$$$0000000A)
    .ARM.Collect$$$$0000000B                 0x0000008c   Section        8  entry9a.o(.ARM.Collect$$$$0000000B)
    .ARM.Collect$$$$0000000D                 0x00000094   Section        0  entry10a.o(.ARM.Collect$$$$0000000D)
    .ARM.Collect$$$$0000000F                 0x00000094   Section        0  entry11a.o(.ARM.Collect$$$$0000000F)
    .ARM.Collect$$$$00002712                 0x00000094   Section        4  entry2.o(.ARM.Collect$$$$00002712)
    __lit__00000000                          0x00000094   Data           4  entry2.o(.ARM.Collect$$$$00002712)
    .emb_text                                0x00000098   Section       28  hardfaulthandler.o(.emb_text)
    .text                                    0x000000b4   Section       24  startup_as32m0.o(.text)
    .text                                    0x000000cc   Section        0  uidiv.o(.text)
    .text                                    0x000000f8   Section        0  uldiv.o(.text)
    .text                                    0x00000158   Section        0  llshl.o(.text)
    .text                                    0x00000178   Section       36  init.o(.text)
    .text                                    0x0000019c   Section        0  llushr.o(.text)
    i.GPIO_Init                              0x000001be   Section        0  as32m0_gpio.o(i.GPIO_Init)
    i.PinCtrl_GIOSet                         0x0000028c   Section        0  as32m0_pinctrl.o(i.PinCtrl_GIOSet)
    i.SER_GetChar                            0x000002d4   Section        0  printf_config.o(i.SER_GetChar)
    i.SER_PutChar                            0x000002e4   Section        0  printf_config.o(i.SER_PutChar)
    i.SYSCTRL_ClrReset_APB_PinCtrl           0x000002f8   Section        0  as32m0_sysctrl.o(i.SYSCTRL_ClrReset_APB_PinCtrl)
    i.SYSCTRL_ClrReset_APB_SCI0              0x00000304   Section        0  as32m0_sysctrl.o(i.SYSCTRL_ClrReset_APB_SCI0)
    i.Spi_init                               0x00000314   Section        0  main.o(i.Spi_init)
    i.SysTick_Handler                        0x00000348   Section        0  as32m0_systick.o(i.SysTick_Handler)
    i.SystemInit                             0x00000358   Section        0  system_as32m0.o(i.SystemInit)
    i.UART_ReceData                          0x00000374   Section        0  as32m0_uart.o(i.UART_ReceData)
    i.UART_SendData                          0x0000037c   Section        0  as32m0_uart.o(i.UART_SendData)
    i.__0printf$8                            0x00000380   Section        0  printf8.o(i.__0printf$8)
    i.__ARM_common_switch8                   0x000003a0   Section        0  as32m0_dma.o(i.__ARM_common_switch8)
    i.__scatterload_copy                     0x000003bc   Section       14  handlers.o(i.__scatterload_copy)
    i.__scatterload_null                     0x000003ca   Section        2  handlers.o(i.__scatterload_null)
    i.__scatterload_zeroinit                 0x000003cc   Section       14  handlers.o(i.__scatterload_zeroinit)
    i._printf_core                           0x000003dc   Section        0  printf8.o(i._printf_core)
    _printf_core                             0x000003dd   Thumb Code  1020  printf8.o(i._printf_core)
    i._printf_post_padding                   0x00000804   Section        0  printf8.o(i._printf_post_padding)
    _printf_post_padding                     0x00000805   Thumb Code    32  printf8.o(i._printf_post_padding)
    i._printf_pre_padding                    0x00000824   Section        0  printf8.o(i._printf_pre_padding)
    _printf_pre_padding                      0x00000825   Thumb Code    44  printf8.o(i._printf_pre_padding)
    i.apPWM_Check_CMD_Busy                   0x00000850   Section        0  as32m0_pwm.o(i.apPWM_Check_CMD_Busy)
    apPWM_Check_CMD_Busy                     0x00000851   Thumb Code    30  as32m0_pwm.o(i.apPWM_Check_CMD_Busy)
    i.apPWM_Config                           0x00000874   Section        0  as32m0_pwm.o(i.apPWM_Config)
    i.apPWM_Enable                           0x00000924   Section        0  as32m0_pwm.o(i.apPWM_Enable)
    i.apPWM_Int_Enable                       0x0000092e   Section        0  as32m0_pwm.o(i.apPWM_Int_Enable)
    i.apSSP_DeviceBusyGet                    0x00000938   Section        0  as32m0_ssp.o(i.apSSP_DeviceBusyGet)
    i.apSSP_DeviceDisable                    0x00000942   Section        0  as32m0_ssp.o(i.apSSP_DeviceDisable)
    i.apSSP_DeviceEnable                     0x0000094c   Section        0  as32m0_ssp.o(i.apSSP_DeviceEnable)
    i.apSSP_DeviceParametersSet              0x00000956   Section        0  as32m0_ssp.o(i.apSSP_DeviceParametersSet)
    i.apSSP_Initialize                       0x00000988   Section        0  as32m0_ssp.o(i.apSSP_Initialize)
    i.apSSP_ReadFIFO                         0x00000994   Section        0  as32m0_ssp.o(i.apSSP_ReadFIFO)
    i.apUART_BaudRateSet                     0x0000099c   Section        0  as32m0_uart.o(i.apUART_BaudRateSet)
    i.apUART_Check_BUSY                      0x000009dc   Section        0  as32m0_uart.o(i.apUART_Check_BUSY)
    i.apUART_Check_RXFIFO_EMPTY              0x000009e6   Section        0  as32m0_uart.o(i.apUART_Check_RXFIFO_EMPTY)
    i.apUART_Check_TXFIFO_FULL               0x000009f0   Section        0  as32m0_uart.o(i.apUART_Check_TXFIFO_FULL)
    i.apUART_Initialize                      0x000009fa   Section        0  as32m0_uart.o(i.apUART_Initialize)
    i.clearDisplay                           0x00000a70   Section        0  ledcontrol.o(i.clearDisplay)
    i.clearScreen                            0x00000ab4   Section        0  main.o(i.clearScreen)
    i.config_uart0                           0x00000aec   Section        0  printf_config.o(i.config_uart0)
    i.delay                                  0x00000bb8   Section        0  as32m0_misc.o(i.delay)
    i.delay_ms                               0x00000bc2   Section        0  as32m0_misc.o(i.delay_ms)
    i.delay_s                                0x00000bd4   Section        0  as32m0_misc.o(i.delay_s)
    i.fputc                                  0x00000be8   Section        0  retarget.o(i.fputc)
    i.hardfault_handler_c                    0x00000c00   Section        0  hardfaulthandler.o(i.hardfault_handler_c)
    __tagsym$$used                           0x00000c01   Number         0  hardfaulthandler.o(i.hardfault_handler_c)
    i.init_beep                              0x00000d6c   Section        0  main.o(i.init_beep)
    i.ledControl_init                        0x00000dbc   Section        0  ledcontrol.o(i.ledControl_init)
    i.ledSetup                               0x00000e50   Section        0  main.o(i.ledSetup)
    i.loadBufferLong                         0x00000e74   Section        0  main.o(i.loadBufferLong)
    i.main                                   0x00000ef0   Section        0  main.o(i.main)
    i.printBufferLong                        0x000010b4   Section        0  main.o(i.printBufferLong)
    i.rotateBufferLongLeft                   0x000011d0   Section        0  main.o(i.rotateBufferLongLeft)
    i.rotateBufferLongRight                  0x00001298   Section        0  main.o(i.rotateBufferLongRight)
    i.scrollMessage                          0x0000138c   Section        0  main.o(i.scrollMessage)
    i.sendchar                               0x000013ae   Section        0  printf_config.o(i.sendchar)
    i.setIntensity                           0x000013cc   Section        0  ledcontrol.o(i.setIntensity)
    i.setRow                                 0x000013fc   Section        0  ledcontrol.o(i.setRow)
    i.setScanLimit                           0x00001444   Section        0  ledcontrol.o(i.setScanLimit)
    i.shutdown                               0x00001474   Section        0  ledcontrol.o(i.shutdown)
    i.spiTransfer                            0x000014ac   Section        0  ledcontrol.o(i.spiTransfer)
    i.ssp_config                             0x00001534   Section        0  as32m0_ssp.o(i.ssp_config)
    .constdata                               0x00001568   Section      929  main.o(.constdata)
    .data                                    0x20000000   Section        4  system_as32m0.o(.data)
    .data                                    0x20000004   Section       16  as32m0_systick.o(.data)
    fac_ms                                   0x20000004   Data           4  as32m0_systick.o(.data)
    fac_us                                   0x20000008   Data           4  as32m0_systick.o(.data)
    fac_s                                    0x2000000c   Data           4  as32m0_systick.o(.data)
    systick_reload_num                       0x20000010   Data           4  as32m0_systick.o(.data)
    .data                                    0x20000014   Section        4  hardfaulthandler.o(.data)
    _Continue                                0x20000014   Data           4  hardfaulthandler.o(.data)
    .data                                    0x20000018   Section       13  ledcontrol.o(.data)
    SPI_MOSI                                 0x20000018   Data           4  ledcontrol.o(.data)
    SPI_CLK                                  0x2000001c   Data           4  ledcontrol.o(.data)
    SPI_CS                                   0x20000020   Data           4  ledcontrol.o(.data)
    maxDevices                               0x20000024   Data           1  ledcontrol.o(.data)
    .data                                    0x20000028   Section        8  retarget.o(.data)
    .bss                                     0x20000030   Section      384  main.o(.bss)
    .bss                                     0x200001b0   Section       80  ledcontrol.o(.bss)
    spidata                                  0x200001b0   Data          16  ledcontrol.o(.bss)
    status                                   0x200001c0   Data          64  ledcontrol.o(.bss)
    STACK                                    0x20000200   Section     2048  startup_as32m0.o(STACK)

    Global Symbols

    Symbol Name                              Value     Ov Type        Size  Object(Section)

    BuildAttributes$$THM_ISAv3M$S$PE$A:L22$X:L11$S22$IEEE1$IW$USESV6$~STKCKD$USESV7$~SHL$OTIME$ROPI$EBA8$MICROLIB$REQ8$PRES8$EABIv2 0x00000000   Number         0  anon$$obj.o ABSOLUTE
    __ARM_use_no_argv                        0x00000000   Number         0  main.o ABSOLUTE
    __Vectors                                0x00000000   Data           4  startup_as32m0.o(RESET)
    _printf_a                                0x00000000   Number         0  stubs.o ABSOLUTE
    _printf_c                                0x00000000   Number         0  stubs.o ABSOLUTE
    _printf_charcount                        0x00000000   Number         0  stubs.o ABSOLUTE
    _printf_d                                0x00000000   Number         0  stubs.o ABSOLUTE
    _printf_e                                0x00000000   Number         0  stubs.o ABSOLUTE
    _printf_f                                0x00000000   Number         0  stubs.o ABSOLUTE
    _printf_flags                            0x00000000   Number         0  stubs.o ABSOLUTE
    _printf_fp_dec                           0x00000000   Number         0  stubs.o ABSOLUTE
    _printf_fp_hex                           0x00000000   Number         0  stubs.o ABSOLUTE
    _printf_g                                0x00000000   Number         0  stubs.o ABSOLUTE
    _printf_i                                0x00000000   Number         0  stubs.o ABSOLUTE
    _printf_int_dec                          0x00000000   Number         0  stubs.o ABSOLUTE
    _printf_l                                0x00000000   Number         0  stubs.o ABSOLUTE
    _printf_lc                               0x00000000   Number         0  stubs.o ABSOLUTE
    _printf_ll                               0x00000000   Number         0  stubs.o ABSOLUTE
    _printf_lld                              0x00000000   Number         0  stubs.o ABSOLUTE
    _printf_lli                              0x00000000   Number         0  stubs.o ABSOLUTE
    _printf_llo                              0x00000000   Number         0  stubs.o ABSOLUTE
    _printf_llu                              0x00000000   Number         0  stubs.o ABSOLUTE
    _printf_llx                              0x00000000   Number         0  stubs.o ABSOLUTE
    _printf_longlong_dec                     0x00000000   Number         0  stubs.o ABSOLUTE
    _printf_longlong_hex                     0x00000000   Number         0  stubs.o ABSOLUTE
    _printf_longlong_oct                     0x00000000   Number         0  stubs.o ABSOLUTE
    _printf_ls                               0x00000000   Number         0  stubs.o ABSOLUTE
    _printf_mbtowc                           0x00000000   Number         0  stubs.o ABSOLUTE
    _printf_n                                0x00000000   Number         0  stubs.o ABSOLUTE
    _printf_o                                0x00000000   Number         0  stubs.o ABSOLUTE
    _printf_p                                0x00000000   Number         0  stubs.o ABSOLUTE
    _printf_percent                          0x00000000   Number         0  stubs.o ABSOLUTE
    _printf_pre_padding                      0x00000000   Number         0  stubs.o ABSOLUTE
    _printf_return_value                     0x00000000   Number         0  stubs.o ABSOLUTE
    _printf_s                                0x00000000   Number         0  stubs.o ABSOLUTE
    _printf_sizespec                         0x00000000   Number         0  stubs.o ABSOLUTE
    _printf_str                              0x00000000   Number         0  stubs.o ABSOLUTE
    _printf_truncate_signed                  0x00000000   Number         0  stubs.o ABSOLUTE
    _printf_truncate_unsigned                0x00000000   Number         0  stubs.o ABSOLUTE
    _printf_u                                0x00000000   Number         0  stubs.o ABSOLUTE
    _printf_wc                               0x00000000   Number         0  stubs.o ABSOLUTE
    _printf_wctomb                           0x00000000   Number         0  stubs.o ABSOLUTE
    _printf_widthprec                        0x00000000   Number         0  stubs.o ABSOLUTE
    _printf_x                                0x00000000   Number         0  stubs.o ABSOLUTE
    __cpp_initialize__aeabi_                  - Undefined Weak Reference
    __cxa_finalize                            - Undefined Weak Reference
    __decompress                              - Undefined Weak Reference
    _clock_init                               - Undefined Weak Reference
    _microlib_exit                            - Undefined Weak Reference
    __main                                   0x00000085   Thumb Code     0  entry.o(.ARM.Collect$$$$00000000)
    _main_stk                                0x00000085   Thumb Code     0  entry2.o(.ARM.Collect$$$$00000001)
    _main_scatterload                        0x00000089   Thumb Code     0  entry5.o(.ARM.Collect$$$$00000004)
    __main_after_scatterload                 0x0000008d   Thumb Code     0  entry5.o(.ARM.Collect$$$$00000004)
    _main_clock                              0x0000008d   Thumb Code     0  entry7b.o(.ARM.Collect$$$$00000008)
    _main_cpp_init                           0x0000008d   Thumb Code     0  entry8b.o(.ARM.Collect$$$$0000000A)
    _main_init                               0x0000008d   Thumb Code     0  entry9a.o(.ARM.Collect$$$$0000000B)
    __rt_final_cpp                           0x00000095   Thumb Code     0  entry10a.o(.ARM.Collect$$$$0000000D)
    __rt_final_exit                          0x00000095   Thumb Code     0  entry11a.o(.ARM.Collect$$$$0000000F)
    HardFault_Handler                        0x00000099   Thumb Code    24  hardfaulthandler.o(.emb_text)
    Reset_Handler                            0x000000b5   Thumb Code     8  startup_as32m0.o(.text)
    NMI_Handler                              0x000000bd   Thumb Code     2  startup_as32m0.o(.text)
    SVC_Handler                              0x000000c1   Thumb Code     2  startup_as32m0.o(.text)
    PendSV_Handler                           0x000000c3   Thumb Code     2  startup_as32m0.o(.text)
    n00_WDG_IRQHandler                       0x000000c7   Thumb Code     0  startup_as32m0.o(.text)
    n01_DMA_IRQHandler                       0x000000c7   Thumb Code     0  startup_as32m0.o(.text)
    n02_ADC_IRQHandler                       0x000000c7   Thumb Code     0  startup_as32m0.o(.text)
    n03_LVD_IRQHandler                       0x000000c7   Thumb Code     0  startup_as32m0.o(.text)
    n04_PWM0_IRQHandler                      0x000000c7   Thumb Code     0  startup_as32m0.o(.text)
    n05_PWM1_IRQHandler                      0x000000c7   Thumb Code     0  startup_as32m0.o(.text)
    n06_PWM2_IRQHandler                      0x000000c7   Thumb Code     0  startup_as32m0.o(.text)
    n07_PWM3_IRQHandler                      0x000000c7   Thumb Code     0  startup_as32m0.o(.text)
    n08_UART0_IRQHandler                     0x000000c7   Thumb Code     0  startup_as32m0.o(.text)
    n09_UART1_IRQHandler                     0x000000c7   Thumb Code     0  startup_as32m0.o(.text)
    n10_TMR0_IRQHandler                      0x000000c7   Thumb Code     0  startup_as32m0.o(.text)
    n11_TMR1_IRQHandler                      0x000000c7   Thumb Code     0  startup_as32m0.o(.text)
    n12_TMR2_IRQHandler                      0x000000c7   Thumb Code     0  startup_as32m0.o(.text)
    n13_I2C_IRQHandler                       0x000000c7   Thumb Code     0  startup_as32m0.o(.text)
    n14_SPI_IRQHandler                       0x000000c7   Thumb Code     0  startup_as32m0.o(.text)
    n15_GIO_IRQHandler                       0x000000c7   Thumb Code     0  startup_as32m0.o(.text)
    n16_flash_IRQHandler                     0x000000c7   Thumb Code     0  startup_as32m0.o(.text)
    __aeabi_uidiv                            0x000000cd   Thumb Code     0  uidiv.o(.text)
    __aeabi_uidivmod                         0x000000cd   Thumb Code    44  uidiv.o(.text)
    __aeabi_uldivmod                         0x000000f9   Thumb Code    96  uldiv.o(.text)
    __aeabi_llsl                             0x00000159   Thumb Code    32  llshl.o(.text)
    _ll_shift_l                              0x00000159   Thumb Code     0  llshl.o(.text)
    __scatterload                            0x00000179   Thumb Code    28  init.o(.text)
    __scatterload_rt2                        0x00000179   Thumb Code     0  init.o(.text)
    __aeabi_llsr                             0x0000019d   Thumb Code    34  llushr.o(.text)
    _ll_ushift_r                             0x0000019d   Thumb Code     0  llushr.o(.text)
    GPIO_Init                                0x000001bf   Thumb Code   204  as32m0_gpio.o(i.GPIO_Init)
    PinCtrl_GIOSet                           0x0000028d   Thumb Code    68  as32m0_pinctrl.o(i.PinCtrl_GIOSet)
    SER_GetChar                              0x000002d5   Thumb Code    10  printf_config.o(i.SER_GetChar)
    SER_PutChar                              0x000002e5   Thumb Code    16  printf_config.o(i.SER_PutChar)
    SYSCTRL_ClrReset_APB_PinCtrl             0x000002f9   Thumb Code     8  as32m0_sysctrl.o(i.SYSCTRL_ClrReset_APB_PinCtrl)
    SYSCTRL_ClrReset_APB_SCI0                0x00000305   Thumb Code    10  as32m0_sysctrl.o(i.SYSCTRL_ClrReset_APB_SCI0)
    Spi_init                                 0x00000315   Thumb Code    52  main.o(i.Spi_init)
    SysTick_Handler                          0x00000349   Thumb Code    12  as32m0_systick.o(i.SysTick_Handler)
    SystemInit                               0x00000359   Thumb Code    16  system_as32m0.o(i.SystemInit)
    UART_ReceData                            0x00000375   Thumb Code     8  as32m0_uart.o(i.UART_ReceData)
    UART_SendData                            0x0000037d   Thumb Code     4  as32m0_uart.o(i.UART_SendData)
    __0printf$8                              0x00000381   Thumb Code    24  printf8.o(i.__0printf$8)
    __1printf$8                              0x00000381   Thumb Code     0  printf8.o(i.__0printf$8)
    __2printf                                0x00000381   Thumb Code     0  printf8.o(i.__0printf$8)
    __ARM_common_switch8                     0x000003a1   Thumb Code    28  as32m0_dma.o(i.__ARM_common_switch8)
    __scatterload_copy                       0x000003bd   Thumb Code    14  handlers.o(i.__scatterload_copy)
    __scatterload_null                       0x000003cb   Thumb Code     2  handlers.o(i.__scatterload_null)
    __scatterload_zeroinit                   0x000003cd   Thumb Code    14  handlers.o(i.__scatterload_zeroinit)
    apPWM_Config                             0x00000875   Thumb Code   176  as32m0_pwm.o(i.apPWM_Config)
    apPWM_Enable                             0x00000925   Thumb Code    10  as32m0_pwm.o(i.apPWM_Enable)
    apPWM_Int_Enable                         0x0000092f   Thumb Code    10  as32m0_pwm.o(i.apPWM_Int_Enable)
    apSSP_DeviceBusyGet                      0x00000939   Thumb Code    10  as32m0_ssp.o(i.apSSP_DeviceBusyGet)
    apSSP_DeviceDisable                      0x00000943   Thumb Code    10  as32m0_ssp.o(i.apSSP_DeviceDisable)
    apSSP_DeviceEnable                       0x0000094d   Thumb Code    10  as32m0_ssp.o(i.apSSP_DeviceEnable)
    apSSP_DeviceParametersSet                0x00000957   Thumb Code    50  as32m0_ssp.o(i.apSSP_DeviceParametersSet)
    apSSP_Initialize                         0x00000989   Thumb Code    12  as32m0_ssp.o(i.apSSP_Initialize)
    apSSP_ReadFIFO                           0x00000995   Thumb Code     8  as32m0_ssp.o(i.apSSP_ReadFIFO)
    apUART_BaudRateSet                       0x0000099d   Thumb Code    58  as32m0_uart.o(i.apUART_BaudRateSet)
    apUART_Check_BUSY                        0x000009dd   Thumb Code    10  as32m0_uart.o(i.apUART_Check_BUSY)
    apUART_Check_RXFIFO_EMPTY                0x000009e7   Thumb Code    10  as32m0_uart.o(i.apUART_Check_RXFIFO_EMPTY)
    apUART_Check_TXFIFO_FULL                 0x000009f1   Thumb Code    10  as32m0_uart.o(i.apUART_Check_TXFIFO_FULL)
    apUART_Initialize                        0x000009fb   Thumb Code   116  as32m0_uart.o(i.apUART_Initialize)
    clearDisplay                             0x00000a71   Thumb Code    60  ledcontrol.o(i.clearDisplay)
    clearScreen                              0x00000ab5   Thumb Code    52  main.o(i.clearScreen)
    config_uart0                             0x00000aed   Thumb Code   198  printf_config.o(i.config_uart0)
    delay                                    0x00000bb9   Thumb Code    10  as32m0_misc.o(i.delay)
    delay_ms                                 0x00000bc3   Thumb Code    18  as32m0_misc.o(i.delay_ms)
    delay_s                                  0x00000bd5   Thumb Code    16  as32m0_misc.o(i.delay_s)
    fputc                                    0x00000be9   Thumb Code    24  retarget.o(i.fputc)
    hardfault_handler_c                      0x00000c01   Thumb Code   108  hardfaulthandler.o(i.hardfault_handler_c)
    init_beep                                0x00000d6d   Thumb Code    68  main.o(i.init_beep)
    ledControl_init                          0x00000dbd   Thumb Code   128  ledcontrol.o(i.ledControl_init)
    ledSetup                                 0x00000e51   Thumb Code    36  main.o(i.ledSetup)
    loadBufferLong                           0x00000e75   Thumb Code   116  main.o(i.loadBufferLong)
    main                                     0x00000ef1   Thumb Code   388  main.o(i.main)
    printBufferLong                          0x000010b5   Thumb Code   280  main.o(i.printBufferLong)
    rotateBufferLongLeft                     0x000011d1   Thumb Code   194  main.o(i.rotateBufferLongLeft)
    rotateBufferLongRight                    0x00001299   Thumb Code   240  main.o(i.rotateBufferLongRight)
    scrollMessage                            0x0000138d   Thumb Code    34  main.o(i.scrollMessage)
    sendchar                                 0x000013af   Thumb Code    28  printf_config.o(i.sendchar)
    setIntensity                             0x000013cd   Thumb Code    42  ledcontrol.o(i.setIntensity)
    setRow                                   0x000013fd   Thumb Code    62  ledcontrol.o(i.setRow)
    setScanLimit                             0x00001445   Thumb Code    42  ledcontrol.o(i.setScanLimit)
    shutdown                                 0x00001475   Thumb Code    50  ledcontrol.o(i.shutdown)
    spiTransfer                              0x000014ad   Thumb Code   118  ledcontrol.o(i.spiTransfer)
    ssp_config                               0x00001535   Thumb Code    48  as32m0_ssp.o(i.ssp_config)
    numDevices                               0x00001568   Data           4  main.o(.constdata)
    scrollDelay                              0x0000156c   Data           4  main.o(.constdata)
    bufferLongSpace                          0x00001570   Data           1  main.o(.constdata)
    spaces                                   0x00001571   Data          28  main.o(.constdata)
    scrollText                               0x0000158d   Data          26  main.o(.constdata)
    scrollText2                              0x000015a7   Data          26  main.o(.constdata)
    scrollText3                              0x000015c1   Data          27  main.o(.constdata)
    cortex                                   0x000015dc   Data          37  main.o(.constdata)
    font5x7                                  0x00001601   Data         776  main.o(.constdata)
    Region$$Table$$Base                      0x0000190c   Number         0  anon$$obj.o(Region$$Table)
    Region$$Table$$Limit                     0x0000192c   Number         0  anon$$obj.o(Region$$Table)
    SystemCoreClock                          0x20000000   Data           4  system_as32m0.o(.data)
    __stdout                                 0x20000028   Data           4  retarget.o(.data)
    __stdin                                  0x2000002c   Data           4  retarget.o(.data)
    bufferLong                               0x20000030   Data         192  main.o(.bss)
    bufferLong2                              0x200000f0   Data         192  main.o(.bss)
    __initial_sp                             0x20000a00   Data           0  startup_as32m0.o(STACK)



==============================================================================

Memory Map of the image

  Image Entry point : 0x000000b5

  Load Region LR_1 (Base: 0x00000000, Size: 0x0000195c, Max: 0xffffffff, ABSOLUTE)

    Execution Region ER_RO (Exec base: 0x00000000, Load base: 0x00000000, Size: 0x0000192c, Max: 0xffffffff, ABSOLUTE)

    Exec Addr    Load Addr    Size         Type   Attr      Idx    E Section Name        Object

    0x00000000   0x00000000   0x00000084   Data   RO            3    RESET               startup_as32m0.o
    0x00000084   0x00000084   0x00000000   Code   RO         2983  * .ARM.Collect$$$$00000000  mc_p.l(entry.o)
    0x00000084   0x00000084   0x00000004   Code   RO         3267    .ARM.Collect$$$$00000001  mc_p.l(entry2.o)
    0x00000088   0x00000088   0x00000004   Code   RO         3270    .ARM.Collect$$$$00000004  mc_p.l(entry5.o)
    0x0000008c   0x0000008c   0x00000000   Code   RO         3272    .ARM.Collect$$$$00000008  mc_p.l(entry7b.o)
    0x0000008c   0x0000008c   0x00000000   Code   RO         3274    .ARM.Collect$$$$0000000A  mc_p.l(entry8b.o)
    0x0000008c   0x0000008c   0x00000008   Code   RO         3275    .ARM.Collect$$$$0000000B  mc_p.l(entry9a.o)
    0x00000094   0x00000094   0x00000000   Code   RO         3277    .ARM.Collect$$$$0000000D  mc_p.l(entry10a.o)
    0x00000094   0x00000094   0x00000000   Code   RO         3279    .ARM.Collect$$$$0000000F  mc_p.l(entry11a.o)
    0x00000094   0x00000094   0x00000004   Code   RO         3268    .ARM.Collect$$$$00002712  mc_p.l(entry2.o)
    0x00000098   0x00000098   0x0000001c   Code   RO         2616    .emb_text           hardfaulthandler.o
    0x000000b4   0x000000b4   0x00000018   Code   RO            4  * .text               startup_as32m0.o
    0x000000cc   0x000000cc   0x0000002c   Code   RO         2986    .text               mc_p.l(uidiv.o)
    0x000000f8   0x000000f8   0x00000060   Code   RO         3281    .text               mc_p.l(uldiv.o)
    0x00000158   0x00000158   0x00000020   Code   RO         3283    .text               mc_p.l(llshl.o)
    0x00000178   0x00000178   0x00000024   Code   RO         3298    .text               mc_p.l(init.o)
    0x0000019c   0x0000019c   0x00000022   Code   RO         3300    .text               mc_p.l(llushr.o)
    0x000001be   0x000001be   0x000000cc   Code   RO          586    i.GPIO_Init         as32m0_gpio.o
    0x0000028a   0x0000028a   0x00000002   PAD
    0x0000028c   0x0000028c   0x00000048   Code   RO          924    i.PinCtrl_GIOSet    as32m0_pinctrl.o
    0x000002d4   0x000002d4   0x00000010   Code   RO         2878    i.SER_GetChar       printf_config.o
    0x000002e4   0x000002e4   0x00000014   Code   RO         2879    i.SER_PutChar       printf_config.o
    0x000002f8   0x000002f8   0x0000000c   Code   RO         1248    i.SYSCTRL_ClrReset_APB_PinCtrl  as32m0_sysctrl.o
    0x00000304   0x00000304   0x00000010   Code   RO         1249    i.SYSCTRL_ClrReset_APB_SCI0  as32m0_sysctrl.o
    0x00000314   0x00000314   0x00000034   Code   RO         2680    i.Spi_init          main.o
    0x00000348   0x00000348   0x00000010   Code   RO         2166    i.SysTick_Handler   as32m0_systick.o
    0x00000358   0x00000358   0x0000001c   Code   RO           13    i.SystemInit        system_as32m0.o
    0x00000374   0x00000374   0x00000008   Code   RO         2413    i.UART_ReceData     as32m0_uart.o
    0x0000037c   0x0000037c   0x00000004   Code   RO         2414    i.UART_SendData     as32m0_uart.o
    0x00000380   0x00000380   0x00000020   Code   RO         3197    i.__0printf$8       mc_p.l(printf8.o)
    0x000003a0   0x000003a0   0x0000001c   Code   RO          571    i.__ARM_common_switch8  as32m0_dma.o
    0x000003bc   0x000003bc   0x0000000e   Code   RO         3304    i.__scatterload_copy  mc_p.l(handlers.o)
    0x000003ca   0x000003ca   0x00000002   Code   RO         3305    i.__scatterload_null  mc_p.l(handlers.o)
    0x000003cc   0x000003cc   0x0000000e   Code   RO         3306    i.__scatterload_zeroinit  mc_p.l(handlers.o)
    0x000003da   0x000003da   0x00000002   PAD
    0x000003dc   0x000003dc   0x00000428   Code   RO         3204    i._printf_core      mc_p.l(printf8.o)
    0x00000804   0x00000804   0x00000020   Code   RO         3205    i._printf_post_padding  mc_p.l(printf8.o)
    0x00000824   0x00000824   0x0000002c   Code   RO         3206    i._printf_pre_padding  mc_p.l(printf8.o)
    0x00000850   0x00000850   0x00000024   Code   RO          959    i.apPWM_Check_CMD_Busy  as32m0_pwm.o
    0x00000874   0x00000874   0x000000b0   Code   RO          960    i.apPWM_Config      as32m0_pwm.o
    0x00000924   0x00000924   0x0000000a   Code   RO          963    i.apPWM_Enable      as32m0_pwm.o
    0x0000092e   0x0000092e   0x0000000a   Code   RO          966    i.apPWM_Int_Enable  as32m0_pwm.o
    0x00000938   0x00000938   0x0000000a   Code   RO         1054    i.apSSP_DeviceBusyGet  as32m0_ssp.o
    0x00000942   0x00000942   0x0000000a   Code   RO         1055    i.apSSP_DeviceDisable  as32m0_ssp.o
    0x0000094c   0x0000094c   0x0000000a   Code   RO         1056    i.apSSP_DeviceEnable  as32m0_ssp.o
    0x00000956   0x00000956   0x00000032   Code   RO         1058    i.apSSP_DeviceParametersSet  as32m0_ssp.o
    0x00000988   0x00000988   0x0000000c   Code   RO         1065    i.apSSP_Initialize  as32m0_ssp.o
    0x00000994   0x00000994   0x00000008   Code   RO         1066    i.apSSP_ReadFIFO    as32m0_ssp.o
    0x0000099c   0x0000099c   0x00000040   Code   RO         2416    i.apUART_BaudRateSet  as32m0_uart.o
    0x000009dc   0x000009dc   0x0000000a   Code   RO         2417    i.apUART_Check_BUSY  as32m0_uart.o
    0x000009e6   0x000009e6   0x0000000a   Code   RO         2418    i.apUART_Check_RXFIFO_EMPTY  as32m0_uart.o
    0x000009f0   0x000009f0   0x0000000a   Code   RO         2422    i.apUART_Check_TXFIFO_FULL  as32m0_uart.o
    0x000009fa   0x000009fa   0x00000074   Code   RO         2438    i.apUART_Initialize  as32m0_uart.o
    0x00000a6e   0x00000a6e   0x00000002   PAD
    0x00000a70   0x00000a70   0x00000044   Code   RO         2801    i.clearDisplay      ledcontrol.o
    0x00000ab4   0x00000ab4   0x00000038   Code   RO         2682    i.clearScreen       main.o
    0x00000aec   0x00000aec   0x000000cc   Code   RO         2882    i.config_uart0      printf_config.o
    0x00000bb8   0x00000bb8   0x0000000a   Code   RO         2637    i.delay             as32m0_misc.o
    0x00000bc2   0x00000bc2   0x00000012   Code   RO         2638    i.delay_ms          as32m0_misc.o
    0x00000bd4   0x00000bd4   0x00000014   Code   RO         2639    i.delay_s           as32m0_misc.o
    0x00000be8   0x00000be8   0x00000018   Code   RO         2938    i.fputc             retarget.o
    0x00000c00   0x00000c00   0x0000016c   Code   RO         2617    i.hardfault_handler_c  hardfaulthandler.o
    0x00000d6c   0x00000d6c   0x00000050   Code   RO         2683    i.init_beep         main.o
    0x00000dbc   0x00000dbc   0x00000094   Code   RO         2803    i.ledControl_init   ledcontrol.o
    0x00000e50   0x00000e50   0x00000024   Code   RO         2684    i.ledSetup          main.o
    0x00000e74   0x00000e74   0x0000007c   Code   RO         2685    i.loadBufferLong    main.o
    0x00000ef0   0x00000ef0   0x000001c4   Code   RO         2686    i.main              main.o
    0x000010b4   0x000010b4   0x0000011c   Code   RO         2687    i.printBufferLong   main.o
    0x000011d0   0x000011d0   0x000000c8   Code   RO         2688    i.rotateBufferLongLeft  main.o
    0x00001298   0x00001298   0x000000f4   Code   RO         2689    i.rotateBufferLongRight  main.o
    0x0000138c   0x0000138c   0x00000022   Code   RO         2692    i.scrollMessage     main.o
    0x000013ae   0x000013ae   0x0000001c   Code   RO         2884    i.sendchar          printf_config.o
    0x000013ca   0x000013ca   0x00000002   PAD
    0x000013cc   0x000013cc   0x00000030   Code   RO         2804    i.setIntensity      ledcontrol.o
    0x000013fc   0x000013fc   0x00000048   Code   RO         2806    i.setRow            ledcontrol.o
    0x00001444   0x00001444   0x00000030   Code   RO         2807    i.setScanLimit      ledcontrol.o
    0x00001474   0x00001474   0x00000038   Code   RO         2808    i.shutdown          ledcontrol.o
    0x000014ac   0x000014ac   0x00000088   Code   RO         2809    i.spiTransfer       ledcontrol.o
    0x00001534   0x00001534   0x00000034   Code   RO         1072    i.ssp_config        as32m0_ssp.o
    0x00001568   0x00001568   0x000003a1   Data   RO         2695    .constdata          main.o
    0x00001909   0x00001909   0x00000003   PAD
    0x0000190c   0x0000190c   0x00000020   Data   RO         3302    Region$$Table       anon$$obj.o


    Execution Region ER_RW (Exec base: 0x20000000, Load base: 0x0000192c, Size: 0x00000030, Max: 0xffffffff, ABSOLUTE)

    Exec Addr    Load Addr    Size         Type   Attr      Idx    E Section Name        Object

    0x20000000   0x0000192c   0x00000004   Data   RW           14    .data               system_as32m0.o
    0x20000004   0x00001930   0x00000010   Data   RW         2175    .data               as32m0_systick.o
    0x20000014   0x00001940   0x00000004   Data   RW         2618    .data               hardfaulthandler.o
    0x20000018   0x00001944   0x0000000d   Data   RW         2811    .data               ledcontrol.o
    0x20000025   0x00001951   0x00000003   PAD
    0x20000028   0x00001954   0x00000008   Data   RW         2939    .data               retarget.o


    Execution Region ER_ZI (Exec base: 0x20000030, Load base: 0x0000195c, Size: 0x000009d0, Max: 0xffffffff, ABSOLUTE)

    Exec Addr    Load Addr    Size         Type   Attr      Idx    E Section Name        Object

    0x20000030        -       0x00000180   Zero   RW         2694    .bss                main.o
    0x200001b0        -       0x00000050   Zero   RW         2810    .bss                ledcontrol.o
    0x20000200        -       0x00000800   Zero   RW            1    STACK               startup_as32m0.o


==============================================================================

Image component sizes


      Code (inc. data)   RO Data    RW Data    ZI Data      Debug   Object Name

         0          0          0          0          0       8718   as32m0_adc.o
        28          0          0          0          0         76   as32m0_dma.o
       204          8          0          0          0       2996   as32m0_gpio.o
         0          0          0          0          0       6756   as32m0_i2c.o
        48          4          0          0          0       1361   as32m0_misc.o
        72          4          0          0          0        621   as32m0_pinctrl.o
       232          6          0          0          0       5037   as32m0_pwm.o
       152          4          0          0          0       6990   as32m0_ssp.o
        28         10          0          0          0        887   as32m0_sysctrl.o
        16          4          0         16          0        958   as32m0_systick.o
       222          6          0          0          0       4100   as32m0_uart.o
       392        260          0          4          0       1266   hardfaulthandler.o
       576         74          0         13         80       5269   ledcontrol.o
      1562        114        929          0        384       7762   main.o
       268         16          0          0          0       2734   printf_config.o
        24          0          0          8          0       2334   retarget.o
        24          4        132          0       2048        632   startup_as32m0.o
        28         12          0          4          0       5147   system_as32m0.o

    ----------------------------------------------------------------------
      3882        526       1096         48       2512      63644   Object Totals
         0          0         32          0          0          0   (incl. Generated)
         6          0          3          3          0          0   (incl. Padding)

    ----------------------------------------------------------------------

      Code (inc. data)   RO Data    RW Data    ZI Data      Debug   Library Member Name

         0          0          0          0          0          0   entry.o
         0          0          0          0          0          0   entry10a.o
         0          0          0          0          0          0   entry11a.o
         8          4          0          0          0          0   entry2.o
         4          0          0          0          0          0   entry5.o
         0          0          0          0          0          0   entry7b.o
         0          0          0          0          0          0   entry8b.o
         8          4          0          0          0          0   entry9a.o
        30          0          0          0          0          0   handlers.o
        36          8          0          0          0         68   init.o
        32          0          0          0          0         68   llshl.o
        34          0          0          0          0         68   llushr.o
      1172         52          0          0          0        324   printf8.o
        44          0          0          0          0         72   uidiv.o
        96          0          0          0          0         84   uldiv.o

    ----------------------------------------------------------------------
      1466         68          0          0          0        684   Library Totals
         2          0          0          0          0          0   (incl. Padding)

    ----------------------------------------------------------------------

      Code (inc. data)   RO Data    RW Data    ZI Data      Debug   Library Name

      1464         68          0          0          0        684   mc_p.l

    ----------------------------------------------------------------------
      1466         68          0          0          0        684   Library Totals

    ----------------------------------------------------------------------

==============================================================================


      Code (inc. data)   RO Data    RW Data    ZI Data      Debug   

      5348        594       1096         48       2512      62008   Grand Totals
      5348        594       1096         48       2512      62008   ELF Image Totals
      5348        594       1096         48          0          0   ROM Totals

==============================================================================

    Total RO  Size (Code + RO Data)                 6444 (   6.29kB)
    Total RW  Size (RW Data + ZI Data)              2560 (   2.50kB)
    Total ROM Size (Code + RO Data + RW Data)       6492 (   6.34kB)

==============================================================================

