<!doctype html public "-//w3c//dtd html 4.0 transitional//en">
<html><head>
<title>Static Call Graph - [.\output\des.axf]</title></head>
<body><HR>
<H1>Static Call Graph for image .\output\des.axf</H1><HR>
<BR><P>#&#060CALLGRAPH&#062# ARM Linker, 5060422: Last Updated: Thu Jul 02 17:01:32 2020
<BR><P>
<H3>Maximum Stack Usage =        164 bytes + Unknown(Cycles, Untraceable Function Pointers)</H3><H3>
Call chain for Maximum Stack Depth:</H3>
main &rArr; config_uart0 &rArr; apUART_Initialize &rArr; apUART_BaudRateSet &rArr; __aeabi_uidivmod
<P>
<H3>
Mutually Recursive functions
</H3> <LI><a href="#[1]">NMI_Handler</a>&nbsp;&nbsp;&nbsp;&rArr;&nbsp;&nbsp;&nbsp;<a href="#[1]">NMI_Handler</a><BR>
 <LI><a href="#[3]">SVC_Handler</a>&nbsp;&nbsp;&nbsp;&rArr;&nbsp;&nbsp;&nbsp;<a href="#[3]">SVC_Handler</a><BR>
 <LI><a href="#[4]">PendSV_Handler</a>&nbsp;&nbsp;&nbsp;&rArr;&nbsp;&nbsp;&nbsp;<a href="#[4]">PendSV_Handler</a><BR>
 <LI><a href="#[6]">n00_WDG_IRQHandler</a>&nbsp;&nbsp;&nbsp;&rArr;&nbsp;&nbsp;&nbsp;<a href="#[6]">n00_WDG_IRQHandler</a><BR>
</UL>
<P>
<H3>
Function Pointers
</H3><UL>
 <LI><a href="#[2]">HardFault_Handler</a> from hardfaulthandler.o(.emb_text) referenced from startup_as32m0.o(RESET)
 <LI><a href="#[1]">NMI_Handler</a> from startup_as32m0.o(.text) referenced from startup_as32m0.o(RESET)
 <LI><a href="#[4]">PendSV_Handler</a> from startup_as32m0.o(.text) referenced from startup_as32m0.o(RESET)
 <LI><a href="#[1b]">Reset_Handler</a> from startup_as32m0.o(.text) referenced from startup_as32m0.o(RESET)
 <LI><a href="#[3]">SVC_Handler</a> from startup_as32m0.o(.text) referenced from startup_as32m0.o(RESET)
 <LI><a href="#[5]">SysTick_Handler</a> from as32m0_systick.o(i.SysTick_Handler) referenced from startup_as32m0.o(RESET)
 <LI><a href="#[19]">__main</a> from entry.o(.ARM.Collect$$$$00000000) referenced from startup_as32m0.o(.text)
 <LI><a href="#[1a]">fputc</a> from retarget.o(i.fputc) referenced from printf5.o(i.__0printf$5)
 <LI><a href="#[18]">hardfault_handler_c</a> from hardfaulthandler.o(i.hardfault_handler_c) referenced from hardfaulthandler.o(.emb_text)
 <LI><a href="#[17]">main</a> from des.o(i.main) referenced from entry9a.o(.ARM.Collect$$$$0000000B)
 <LI><a href="#[6]">n00_WDG_IRQHandler</a> from startup_as32m0.o(.text) referenced from startup_as32m0.o(RESET)
 <LI><a href="#[7]">n01_DMA_IRQHandler</a> from startup_as32m0.o(.text) referenced from startup_as32m0.o(RESET)
 <LI><a href="#[8]">n02_ADC_IRQHandler</a> from startup_as32m0.o(.text) referenced from startup_as32m0.o(RESET)
 <LI><a href="#[9]">n03_LVD_IRQHandler</a> from startup_as32m0.o(.text) referenced from startup_as32m0.o(RESET)
 <LI><a href="#[a]">n04_PWM0_IRQHandler</a> from startup_as32m0.o(.text) referenced from startup_as32m0.o(RESET)
 <LI><a href="#[b]">n05_PWM1_IRQHandler</a> from startup_as32m0.o(.text) referenced from startup_as32m0.o(RESET)
 <LI><a href="#[c]">n06_PWM2_IRQHandler</a> from startup_as32m0.o(.text) referenced from startup_as32m0.o(RESET)
 <LI><a href="#[d]">n07_PWM3_IRQHandler</a> from startup_as32m0.o(.text) referenced from startup_as32m0.o(RESET)
 <LI><a href="#[e]">n08_UART0_IRQHandler</a> from startup_as32m0.o(.text) referenced from startup_as32m0.o(RESET)
 <LI><a href="#[f]">n09_UART1_IRQHandler</a> from startup_as32m0.o(.text) referenced from startup_as32m0.o(RESET)
 <LI><a href="#[10]">n10_TMR0_IRQHandler</a> from startup_as32m0.o(.text) referenced from startup_as32m0.o(RESET)
 <LI><a href="#[11]">n11_TMR1_IRQHandler</a> from startup_as32m0.o(.text) referenced from startup_as32m0.o(RESET)
 <LI><a href="#[12]">n12_TMR2_IRQHandler</a> from startup_as32m0.o(.text) referenced from startup_as32m0.o(RESET)
 <LI><a href="#[13]">n13_I2C_IRQHandler</a> from startup_as32m0.o(.text) referenced from startup_as32m0.o(RESET)
 <LI><a href="#[14]">n14_SPI_IRQHandler</a> from startup_as32m0.o(.text) referenced from startup_as32m0.o(RESET)
 <LI><a href="#[15]">n15_GIO_IRQHandler</a> from startup_as32m0.o(.text) referenced from startup_as32m0.o(RESET)
 <LI><a href="#[16]">n16_flash_IRQHandler</a> from startup_as32m0.o(.text) referenced from startup_as32m0.o(RESET)
</UL>
<P>
<H3>
Global Symbols
</H3>
<P><STRONG><a name="[19]"></a>__main</STRONG> (Thumb, 0 bytes, Stack size unknown bytes, entry.o(.ARM.Collect$$$$00000000))
<BR>[Address Reference Count : 1]<UL><LI> startup_as32m0.o(.text)
</UL>
<P><STRONG><a name="[42]"></a>_main_stk</STRONG> (Thumb, 0 bytes, Stack size unknown bytes, entry2.o(.ARM.Collect$$$$00000001))

<P><STRONG><a name="[1d]"></a>_main_scatterload</STRONG> (Thumb, 0 bytes, Stack size unknown bytes, entry5.o(.ARM.Collect$$$$00000004))
<BR><BR>[Calls]<UL><LI><a href="#[1e]">&gt;&gt;</a>&nbsp;&nbsp;&nbsp;__scatterload
</UL>

<P><STRONG><a name="[25]"></a>__main_after_scatterload</STRONG> (Thumb, 0 bytes, Stack size unknown bytes, entry5.o(.ARM.Collect$$$$00000004))
<BR><BR>[Called By]<UL><LI><a href="#[1e]">&gt;&gt;</a>&nbsp;&nbsp;&nbsp;__scatterload
</UL>

<P><STRONG><a name="[43]"></a>_main_clock</STRONG> (Thumb, 0 bytes, Stack size unknown bytes, entry7b.o(.ARM.Collect$$$$00000008))

<P><STRONG><a name="[44]"></a>_main_cpp_init</STRONG> (Thumb, 0 bytes, Stack size unknown bytes, entry8b.o(.ARM.Collect$$$$0000000A))

<P><STRONG><a name="[45]"></a>_main_init</STRONG> (Thumb, 0 bytes, Stack size unknown bytes, entry9a.o(.ARM.Collect$$$$0000000B))

<P><STRONG><a name="[46]"></a>__rt_final_cpp</STRONG> (Thumb, 0 bytes, Stack size unknown bytes, entry10a.o(.ARM.Collect$$$$0000000D))

<P><STRONG><a name="[47]"></a>__rt_final_exit</STRONG> (Thumb, 0 bytes, Stack size unknown bytes, entry11a.o(.ARM.Collect$$$$0000000F))

<P><STRONG><a name="[2]"></a>HardFault_Handler</STRONG> (Thumb, 24 bytes, Stack size 0 bytes, hardfaulthandler.o(.emb_text))
<BR>[Address Reference Count : 1]<UL><LI> startup_as32m0.o(RESET)
</UL>
<P><STRONG><a name="[1b]"></a>Reset_Handler</STRONG> (Thumb, 10 bytes, Stack size 0 bytes, startup_as32m0.o(.text))

<P><STRONG><a name="[1]"></a>NMI_Handler</STRONG> (Thumb, 2 bytes, Stack size 0 bytes, startup_as32m0.o(.text))
<BR><BR>[Calls]<UL><LI><a href="#[1]">&gt;&gt;</a>&nbsp;&nbsp;&nbsp;NMI_Handler
</UL>
<BR>[Called By]<UL><LI><a href="#[1]">&gt;&gt;</a>&nbsp;&nbsp;&nbsp;NMI_Handler
</UL>
<BR>[Address Reference Count : 1]<UL><LI> startup_as32m0.o(RESET)
</UL>
<P><STRONG><a name="[3]"></a>SVC_Handler</STRONG> (Thumb, 2 bytes, Stack size 0 bytes, startup_as32m0.o(.text))
<BR><BR>[Calls]<UL><LI><a href="#[3]">&gt;&gt;</a>&nbsp;&nbsp;&nbsp;SVC_Handler
</UL>
<BR>[Called By]<UL><LI><a href="#[3]">&gt;&gt;</a>&nbsp;&nbsp;&nbsp;SVC_Handler
</UL>
<BR>[Address Reference Count : 1]<UL><LI> startup_as32m0.o(RESET)
</UL>
<P><STRONG><a name="[4]"></a>PendSV_Handler</STRONG> (Thumb, 2 bytes, Stack size 0 bytes, startup_as32m0.o(.text))
<BR><BR>[Calls]<UL><LI><a href="#[4]">&gt;&gt;</a>&nbsp;&nbsp;&nbsp;PendSV_Handler
</UL>
<BR>[Called By]<UL><LI><a href="#[4]">&gt;&gt;</a>&nbsp;&nbsp;&nbsp;PendSV_Handler
</UL>
<BR>[Address Reference Count : 1]<UL><LI> startup_as32m0.o(RESET)
</UL>
<P><STRONG><a name="[6]"></a>n00_WDG_IRQHandler</STRONG> (Thumb, 0 bytes, Stack size 0 bytes, startup_as32m0.o(.text))
<BR><BR>[Calls]<UL><LI><a href="#[6]">&gt;&gt;</a>&nbsp;&nbsp;&nbsp;n00_WDG_IRQHandler
</UL>
<BR>[Called By]<UL><LI><a href="#[6]">&gt;&gt;</a>&nbsp;&nbsp;&nbsp;n00_WDG_IRQHandler
</UL>
<BR>[Address Reference Count : 1]<UL><LI> startup_as32m0.o(RESET)
</UL>
<P><STRONG><a name="[7]"></a>n01_DMA_IRQHandler</STRONG> (Thumb, 0 bytes, Stack size 0 bytes, startup_as32m0.o(.text))
<BR>[Address Reference Count : 1]<UL><LI> startup_as32m0.o(RESET)
</UL>
<P><STRONG><a name="[8]"></a>n02_ADC_IRQHandler</STRONG> (Thumb, 0 bytes, Stack size 0 bytes, startup_as32m0.o(.text))
<BR>[Address Reference Count : 1]<UL><LI> startup_as32m0.o(RESET)
</UL>
<P><STRONG><a name="[9]"></a>n03_LVD_IRQHandler</STRONG> (Thumb, 0 bytes, Stack size 0 bytes, startup_as32m0.o(.text))
<BR>[Address Reference Count : 1]<UL><LI> startup_as32m0.o(RESET)
</UL>
<P><STRONG><a name="[a]"></a>n04_PWM0_IRQHandler</STRONG> (Thumb, 0 bytes, Stack size 0 bytes, startup_as32m0.o(.text))
<BR>[Address Reference Count : 1]<UL><LI> startup_as32m0.o(RESET)
</UL>
<P><STRONG><a name="[b]"></a>n05_PWM1_IRQHandler</STRONG> (Thumb, 0 bytes, Stack size 0 bytes, startup_as32m0.o(.text))
<BR>[Address Reference Count : 1]<UL><LI> startup_as32m0.o(RESET)
</UL>
<P><STRONG><a name="[c]"></a>n06_PWM2_IRQHandler</STRONG> (Thumb, 0 bytes, Stack size 0 bytes, startup_as32m0.o(.text))
<BR>[Address Reference Count : 1]<UL><LI> startup_as32m0.o(RESET)
</UL>
<P><STRONG><a name="[d]"></a>n07_PWM3_IRQHandler</STRONG> (Thumb, 0 bytes, Stack size 0 bytes, startup_as32m0.o(.text))
<BR>[Address Reference Count : 1]<UL><LI> startup_as32m0.o(RESET)
</UL>
<P><STRONG><a name="[e]"></a>n08_UART0_IRQHandler</STRONG> (Thumb, 0 bytes, Stack size 0 bytes, startup_as32m0.o(.text))
<BR>[Address Reference Count : 1]<UL><LI> startup_as32m0.o(RESET)
</UL>
<P><STRONG><a name="[f]"></a>n09_UART1_IRQHandler</STRONG> (Thumb, 0 bytes, Stack size 0 bytes, startup_as32m0.o(.text))
<BR>[Address Reference Count : 1]<UL><LI> startup_as32m0.o(RESET)
</UL>
<P><STRONG><a name="[10]"></a>n10_TMR0_IRQHandler</STRONG> (Thumb, 0 bytes, Stack size 0 bytes, startup_as32m0.o(.text))
<BR>[Address Reference Count : 1]<UL><LI> startup_as32m0.o(RESET)
</UL>
<P><STRONG><a name="[11]"></a>n11_TMR1_IRQHandler</STRONG> (Thumb, 0 bytes, Stack size 0 bytes, startup_as32m0.o(.text))
<BR>[Address Reference Count : 1]<UL><LI> startup_as32m0.o(RESET)
</UL>
<P><STRONG><a name="[12]"></a>n12_TMR2_IRQHandler</STRONG> (Thumb, 0 bytes, Stack size 0 bytes, startup_as32m0.o(.text))
<BR>[Address Reference Count : 1]<UL><LI> startup_as32m0.o(RESET)
</UL>
<P><STRONG><a name="[13]"></a>n13_I2C_IRQHandler</STRONG> (Thumb, 0 bytes, Stack size 0 bytes, startup_as32m0.o(.text))
<BR>[Address Reference Count : 1]<UL><LI> startup_as32m0.o(RESET)
</UL>
<P><STRONG><a name="[14]"></a>n14_SPI_IRQHandler</STRONG> (Thumb, 0 bytes, Stack size 0 bytes, startup_as32m0.o(.text))
<BR>[Address Reference Count : 1]<UL><LI> startup_as32m0.o(RESET)
</UL>
<P><STRONG><a name="[15]"></a>n15_GIO_IRQHandler</STRONG> (Thumb, 0 bytes, Stack size 0 bytes, startup_as32m0.o(.text))
<BR>[Address Reference Count : 1]<UL><LI> startup_as32m0.o(RESET)
</UL>
<P><STRONG><a name="[16]"></a>n16_flash_IRQHandler</STRONG> (Thumb, 0 bytes, Stack size 0 bytes, startup_as32m0.o(.text))
<BR>[Address Reference Count : 1]<UL><LI> startup_as32m0.o(RESET)
</UL>
<P><STRONG><a name="[48]"></a>__aeabi_uidiv</STRONG> (Thumb, 0 bytes, Stack size 12 bytes, uidiv.o(.text), UNUSED)

<P><STRONG><a name="[36]"></a>__aeabi_uidivmod</STRONG> (Thumb, 44 bytes, Stack size 12 bytes, uidiv.o(.text))
<BR><BR>[Stack]<UL><LI>Max Depth = 12<LI>Call Chain = __aeabi_uidivmod
</UL>
<BR>[Called By]<UL><LI><a href="#[35]">&gt;&gt;</a>&nbsp;&nbsp;&nbsp;apUART_BaudRateSet
</UL>

<P><STRONG><a name="[20]"></a>__aeabi_memset</STRONG> (Thumb, 14 bytes, Stack size 0 bytes, memseta.o(.text))
<BR><BR>[Called By]<UL><LI><a href="#[21]">&gt;&gt;</a>&nbsp;&nbsp;&nbsp;_memset$wrapper
<LI><a href="#[1f]">&gt;&gt;</a>&nbsp;&nbsp;&nbsp;__aeabi_memclr
</UL>

<P><STRONG><a name="[49]"></a>__aeabi_memset4</STRONG> (Thumb, 0 bytes, Stack size 0 bytes, memseta.o(.text), UNUSED)

<P><STRONG><a name="[4a]"></a>__aeabi_memset8</STRONG> (Thumb, 0 bytes, Stack size 0 bytes, memseta.o(.text), UNUSED)

<P><STRONG><a name="[1f]"></a>__aeabi_memclr</STRONG> (Thumb, 4 bytes, Stack size 0 bytes, memseta.o(.text))
<BR><BR>[Calls]<UL><LI><a href="#[20]">&gt;&gt;</a>&nbsp;&nbsp;&nbsp;__aeabi_memset
</UL>
<BR>[Called By]<UL><LI><a href="#[17]">&gt;&gt;</a>&nbsp;&nbsp;&nbsp;main
</UL>

<P><STRONG><a name="[4b]"></a>__aeabi_memclr4</STRONG> (Thumb, 0 bytes, Stack size 0 bytes, memseta.o(.text), UNUSED)

<P><STRONG><a name="[4c]"></a>__aeabi_memclr8</STRONG> (Thumb, 0 bytes, Stack size 0 bytes, memseta.o(.text), UNUSED)

<P><STRONG><a name="[21]"></a>_memset$wrapper</STRONG> (Thumb, 18 bytes, Stack size 8 bytes, memseta.o(.text), UNUSED)
<BR><BR>[Calls]<UL><LI><a href="#[20]">&gt;&gt;</a>&nbsp;&nbsp;&nbsp;__aeabi_memset
</UL>

<P><STRONG><a name="[22]"></a>__aeabi_uldivmod</STRONG> (Thumb, 96 bytes, Stack size 48 bytes, uldiv.o(.text), UNUSED)
<BR><BR>[Calls]<UL><LI><a href="#[23]">&gt;&gt;</a>&nbsp;&nbsp;&nbsp;__aeabi_llsr
<LI><a href="#[24]">&gt;&gt;</a>&nbsp;&nbsp;&nbsp;__aeabi_llsl
</UL>
<BR>[Called By]<UL><LI><a href="#[29]">&gt;&gt;</a>&nbsp;&nbsp;&nbsp;_printf_core
</UL>

<P><STRONG><a name="[24]"></a>__aeabi_llsl</STRONG> (Thumb, 32 bytes, Stack size 8 bytes, llshl.o(.text), UNUSED)
<BR><BR>[Called By]<UL><LI><a href="#[22]">&gt;&gt;</a>&nbsp;&nbsp;&nbsp;__aeabi_uldivmod
</UL>

<P><STRONG><a name="[4d]"></a>_ll_shift_l</STRONG> (Thumb, 0 bytes, Stack size 8 bytes, llshl.o(.text), UNUSED)

<P><STRONG><a name="[1e]"></a>__scatterload</STRONG> (Thumb, 28 bytes, Stack size 0 bytes, init.o(.text))
<BR><BR>[Calls]<UL><LI><a href="#[25]">&gt;&gt;</a>&nbsp;&nbsp;&nbsp;__main_after_scatterload
</UL>
<BR>[Called By]<UL><LI><a href="#[1d]">&gt;&gt;</a>&nbsp;&nbsp;&nbsp;_main_scatterload
</UL>

<P><STRONG><a name="[4e]"></a>__scatterload_rt2</STRONG> (Thumb, 0 bytes, Stack size 0 bytes, init.o(.text), UNUSED)

<P><STRONG><a name="[23]"></a>__aeabi_llsr</STRONG> (Thumb, 34 bytes, Stack size 8 bytes, llushr.o(.text), UNUSED)
<BR><BR>[Called By]<UL><LI><a href="#[22]">&gt;&gt;</a>&nbsp;&nbsp;&nbsp;__aeabi_uldivmod
</UL>

<P><STRONG><a name="[4f]"></a>_ll_ushift_r</STRONG> (Thumb, 0 bytes, Stack size 8 bytes, llushr.o(.text), UNUSED)

<P><STRONG><a name="[1c]"></a>initial_MCU007</STRONG> (Thumb, 8 bytes, Stack size 0 bytes, initial_mcu007.o(INITIAL_CODE))

<P><STRONG><a name="[3c]"></a>PinCtrl_GIOSet</STRONG> (Thumb, 68 bytes, Stack size 16 bytes, as32m0_pinctrl.o(i.PinCtrl_GIOSet))
<BR><BR>[Stack]<UL><LI>Max Depth = 16<LI>Call Chain = PinCtrl_GIOSet
</UL>
<BR>[Called By]<UL><LI><a href="#[39]">&gt;&gt;</a>&nbsp;&nbsp;&nbsp;config_uart0
</UL>

<P><STRONG><a name="[26]"></a>SER_PutChar</STRONG> (Thumb, 16 bytes, Stack size 8 bytes, printf_config.o(i.SER_PutChar))
<BR><BR>[Stack]<UL><LI>Max Depth = 24<LI>Call Chain = SER_PutChar &rArr; sendchar
</UL>
<BR>[Calls]<UL><LI><a href="#[27]">&gt;&gt;</a>&nbsp;&nbsp;&nbsp;sendchar
</UL>
<BR>[Called By]<UL><LI><a href="#[1a]">&gt;&gt;</a>&nbsp;&nbsp;&nbsp;fputc
</UL>

<P><STRONG><a name="[3b]"></a>SYSCTRL_ClrReset_APB_PinCtrl</STRONG> (Thumb, 8 bytes, Stack size 0 bytes, as32m0_sysctrl.o(i.SYSCTRL_ClrReset_APB_PinCtrl))
<BR><BR>[Called By]<UL><LI><a href="#[39]">&gt;&gt;</a>&nbsp;&nbsp;&nbsp;config_uart0
</UL>

<P><STRONG><a name="[3a]"></a>SYSCTRL_ClrReset_APB_SCI0</STRONG> (Thumb, 10 bytes, Stack size 0 bytes, as32m0_sysctrl.o(i.SYSCTRL_ClrReset_APB_SCI0))
<BR><BR>[Called By]<UL><LI><a href="#[39]">&gt;&gt;</a>&nbsp;&nbsp;&nbsp;config_uart0
</UL>

<P><STRONG><a name="[5]"></a>SysTick_Handler</STRONG> (Thumb, 12 bytes, Stack size 0 bytes, as32m0_systick.o(i.SysTick_Handler))
<BR>[Address Reference Count : 1]<UL><LI> startup_as32m0.o(RESET)
</UL>
<P><STRONG><a name="[41]"></a>UART_SendData</STRONG> (Thumb, 4 bytes, Stack size 0 bytes, as32m0_uart.o(i.UART_SendData))
<BR><BR>[Called By]<UL><LI><a href="#[27]">&gt;&gt;</a>&nbsp;&nbsp;&nbsp;sendchar
</UL>

<P><STRONG><a name="[28]"></a>__0printf$5</STRONG> (Thumb, 24 bytes, Stack size 24 bytes, printf5.o(i.__0printf$5), UNUSED)
<BR><BR>[Calls]<UL><LI><a href="#[29]">&gt;&gt;</a>&nbsp;&nbsp;&nbsp;_printf_core
</UL>

<P><STRONG><a name="[50]"></a>__1printf$5</STRONG> (Thumb, 0 bytes, Stack size 24 bytes, printf5.o(i.__0printf$5), UNUSED)

<P><STRONG><a name="[30]"></a>__2printf</STRONG> (Thumb, 0 bytes, Stack size 24 bytes, printf5.o(i.__0printf$5))
<BR><BR>[Stack]<UL><LI>Max Depth = 24<LI>Call Chain = __2printf
</UL>
<BR>[Called By]<UL><LI><a href="#[17]">&gt;&gt;</a>&nbsp;&nbsp;&nbsp;main
<LI><a href="#[3d]">&gt;&gt;</a>&nbsp;&nbsp;&nbsp;des_check_result
<LI><a href="#[2f]">&gt;&gt;</a>&nbsp;&nbsp;&nbsp;apDes_Write_Data
<LI><a href="#[31]">&gt;&gt;</a>&nbsp;&nbsp;&nbsp;apDes_Read_Data
<LI><a href="#[2e]">&gt;&gt;</a>&nbsp;&nbsp;&nbsp;apDes_Encrypt_Decrypt_Data
<LI><a href="#[18]">&gt;&gt;</a>&nbsp;&nbsp;&nbsp;hardfault_handler_c
</UL>

<P><STRONG><a name="[51]"></a>__scatterload_copy</STRONG> (Thumb, 14 bytes, Stack size unknown bytes, handlers.o(i.__scatterload_copy), UNUSED)

<P><STRONG><a name="[52]"></a>__scatterload_null</STRONG> (Thumb, 2 bytes, Stack size unknown bytes, handlers.o(i.__scatterload_null), UNUSED)

<P><STRONG><a name="[53]"></a>__scatterload_zeroinit</STRONG> (Thumb, 14 bytes, Stack size unknown bytes, handlers.o(i.__scatterload_zeroinit), UNUSED)

<P><STRONG><a name="[3f]"></a>_sys_exit</STRONG> (Thumb, 4 bytes, Stack size 0 bytes, retarget.o(i._sys_exit))
<BR><BR>[Called By]<UL><LI><a href="#[17]">&gt;&gt;</a>&nbsp;&nbsp;&nbsp;main
</UL>

<P><STRONG><a name="[2a]"></a>apDes_Config</STRONG> (Thumb, 108 bytes, Stack size 16 bytes, as32m0_des.o(i.apDes_Config))
<BR><BR>[Stack]<UL><LI>Max Depth = 24<LI>Call Chain = apDes_Config &rArr; apDes_Enable
</UL>
<BR>[Calls]<UL><LI><a href="#[2d]">&gt;&gt;</a>&nbsp;&nbsp;&nbsp;apDes_Enable
<LI><a href="#[2b]">&gt;&gt;</a>&nbsp;&nbsp;&nbsp;des_write_reg
<LI><a href="#[2c]">&gt;&gt;</a>&nbsp;&nbsp;&nbsp;des_set_bits
</UL>
<BR>[Called By]<UL><LI><a href="#[17]">&gt;&gt;</a>&nbsp;&nbsp;&nbsp;main
</UL>

<P><STRONG><a name="[2d]"></a>apDes_Enable</STRONG> (Thumb, 12 bytes, Stack size 8 bytes, as32m0_des.o(i.apDes_Enable))
<BR><BR>[Stack]<UL><LI>Max Depth = 8<LI>Call Chain = apDes_Enable
</UL>
<BR>[Calls]<UL><LI><a href="#[2c]">&gt;&gt;</a>&nbsp;&nbsp;&nbsp;des_set_bits
</UL>
<BR>[Called By]<UL><LI><a href="#[2a]">&gt;&gt;</a>&nbsp;&nbsp;&nbsp;apDes_Config
</UL>

<P><STRONG><a name="[2e]"></a>apDes_Encrypt_Decrypt_Data</STRONG> (Thumb, 80 bytes, Stack size 32 bytes, as32m0_des.o(i.apDes_Encrypt_Decrypt_Data))
<BR><BR>[Stack]<UL><LI>Max Depth = 80<LI>Call Chain = apDes_Encrypt_Decrypt_Data &rArr; apDes_Read_Data &rArr; __2printf
</UL>
<BR>[Calls]<UL><LI><a href="#[30]">&gt;&gt;</a>&nbsp;&nbsp;&nbsp;__2printf
<LI><a href="#[2f]">&gt;&gt;</a>&nbsp;&nbsp;&nbsp;apDes_Write_Data
<LI><a href="#[31]">&gt;&gt;</a>&nbsp;&nbsp;&nbsp;apDes_Read_Data
</UL>
<BR>[Called By]<UL><LI><a href="#[17]">&gt;&gt;</a>&nbsp;&nbsp;&nbsp;main
</UL>

<P><STRONG><a name="[31]"></a>apDes_Read_Data</STRONG> (Thumb, 72 bytes, Stack size 24 bytes, as32m0_des.o(i.apDes_Read_Data))
<BR><BR>[Stack]<UL><LI>Max Depth = 48<LI>Call Chain = apDes_Read_Data &rArr; __2printf
</UL>
<BR>[Calls]<UL><LI><a href="#[30]">&gt;&gt;</a>&nbsp;&nbsp;&nbsp;__2printf
<LI><a href="#[33]">&gt;&gt;</a>&nbsp;&nbsp;&nbsp;des_read_reg
<LI><a href="#[32]">&gt;&gt;</a>&nbsp;&nbsp;&nbsp;des_check_output_ready
</UL>
<BR>[Called By]<UL><LI><a href="#[2e]">&gt;&gt;</a>&nbsp;&nbsp;&nbsp;apDes_Encrypt_Decrypt_Data
</UL>

<P><STRONG><a name="[2f]"></a>apDes_Write_Data</STRONG> (Thumb, 52 bytes, Stack size 16 bytes, as32m0_des.o(i.apDes_Write_Data))
<BR><BR>[Stack]<UL><LI>Max Depth = 40<LI>Call Chain = apDes_Write_Data &rArr; __2printf
</UL>
<BR>[Calls]<UL><LI><a href="#[30]">&gt;&gt;</a>&nbsp;&nbsp;&nbsp;__2printf
<LI><a href="#[2b]">&gt;&gt;</a>&nbsp;&nbsp;&nbsp;des_write_reg
<LI><a href="#[34]">&gt;&gt;</a>&nbsp;&nbsp;&nbsp;des_check_input_ready
</UL>
<BR>[Called By]<UL><LI><a href="#[2e]">&gt;&gt;</a>&nbsp;&nbsp;&nbsp;apDes_Encrypt_Decrypt_Data
</UL>

<P><STRONG><a name="[35]"></a>apUART_BaudRateSet</STRONG> (Thumb, 58 bytes, Stack size 40 bytes, as32m0_uart.o(i.apUART_BaudRateSet))
<BR><BR>[Stack]<UL><LI>Max Depth = 52<LI>Call Chain = apUART_BaudRateSet &rArr; __aeabi_uidivmod
</UL>
<BR>[Calls]<UL><LI><a href="#[36]">&gt;&gt;</a>&nbsp;&nbsp;&nbsp;__aeabi_uidivmod
</UL>
<BR>[Called By]<UL><LI><a href="#[37]">&gt;&gt;</a>&nbsp;&nbsp;&nbsp;apUART_Initialize
</UL>

<P><STRONG><a name="[3e]"></a>apUART_Check_BUSY</STRONG> (Thumb, 10 bytes, Stack size 0 bytes, as32m0_uart.o(i.apUART_Check_BUSY))
<BR><BR>[Called By]<UL><LI><a href="#[17]">&gt;&gt;</a>&nbsp;&nbsp;&nbsp;main
</UL>

<P><STRONG><a name="[38]"></a>apUART_Check_RXFIFO_EMPTY</STRONG> (Thumb, 10 bytes, Stack size 0 bytes, as32m0_uart.o(i.apUART_Check_RXFIFO_EMPTY))
<BR><BR>[Called By]<UL><LI><a href="#[37]">&gt;&gt;</a>&nbsp;&nbsp;&nbsp;apUART_Initialize
</UL>

<P><STRONG><a name="[40]"></a>apUART_Check_TXFIFO_FULL</STRONG> (Thumb, 10 bytes, Stack size 0 bytes, as32m0_uart.o(i.apUART_Check_TXFIFO_FULL))
<BR><BR>[Called By]<UL><LI><a href="#[27]">&gt;&gt;</a>&nbsp;&nbsp;&nbsp;sendchar
</UL>

<P><STRONG><a name="[37]"></a>apUART_Initialize</STRONG> (Thumb, 116 bytes, Stack size 16 bytes, as32m0_uart.o(i.apUART_Initialize))
<BR><BR>[Stack]<UL><LI>Max Depth = 68<LI>Call Chain = apUART_Initialize &rArr; apUART_BaudRateSet &rArr; __aeabi_uidivmod
</UL>
<BR>[Calls]<UL><LI><a href="#[38]">&gt;&gt;</a>&nbsp;&nbsp;&nbsp;apUART_Check_RXFIFO_EMPTY
<LI><a href="#[35]">&gt;&gt;</a>&nbsp;&nbsp;&nbsp;apUART_BaudRateSet
</UL>
<BR>[Called By]<UL><LI><a href="#[39]">&gt;&gt;</a>&nbsp;&nbsp;&nbsp;config_uart0
</UL>

<P><STRONG><a name="[39]"></a>config_uart0</STRONG> (Thumb, 198 bytes, Stack size 48 bytes, printf_config.o(i.config_uart0))
<BR><BR>[Stack]<UL><LI>Max Depth = 116<LI>Call Chain = config_uart0 &rArr; apUART_Initialize &rArr; apUART_BaudRateSet &rArr; __aeabi_uidivmod
</UL>
<BR>[Calls]<UL><LI><a href="#[3c]">&gt;&gt;</a>&nbsp;&nbsp;&nbsp;PinCtrl_GIOSet
<LI><a href="#[37]">&gt;&gt;</a>&nbsp;&nbsp;&nbsp;apUART_Initialize
<LI><a href="#[3a]">&gt;&gt;</a>&nbsp;&nbsp;&nbsp;SYSCTRL_ClrReset_APB_SCI0
<LI><a href="#[3b]">&gt;&gt;</a>&nbsp;&nbsp;&nbsp;SYSCTRL_ClrReset_APB_PinCtrl
</UL>
<BR>[Called By]<UL><LI><a href="#[17]">&gt;&gt;</a>&nbsp;&nbsp;&nbsp;main
</UL>

<P><STRONG><a name="[3d]"></a>des_check_result</STRONG> (Thumb, 234 bytes, Stack size 16 bytes, des.o(i.des_check_result))
<BR><BR>[Stack]<UL><LI>Max Depth = 40<LI>Call Chain = des_check_result &rArr; __2printf
</UL>
<BR>[Calls]<UL><LI><a href="#[30]">&gt;&gt;</a>&nbsp;&nbsp;&nbsp;__2printf
</UL>
<BR>[Called By]<UL><LI><a href="#[17]">&gt;&gt;</a>&nbsp;&nbsp;&nbsp;main
</UL>

<P><STRONG><a name="[1a]"></a>fputc</STRONG> (Thumb, 24 bytes, Stack size 16 bytes, retarget.o(i.fputc))
<BR><BR>[Stack]<UL><LI>Max Depth = 40<LI>Call Chain = fputc &rArr; SER_PutChar &rArr; sendchar
</UL>
<BR>[Calls]<UL><LI><a href="#[26]">&gt;&gt;</a>&nbsp;&nbsp;&nbsp;SER_PutChar
</UL>
<BR>[Address Reference Count : 1]<UL><LI> printf5.o(i.__0printf$5)
</UL>
<P><STRONG><a name="[18]"></a>hardfault_handler_c</STRONG> (Thumb, 108 bytes, Stack size 16 bytes, hardfaulthandler.o(i.hardfault_handler_c))
<BR><BR>[Stack]<UL><LI>Max Depth = 40<LI>Call Chain = hardfault_handler_c &rArr; __2printf
</UL>
<BR>[Calls]<UL><LI><a href="#[30]">&gt;&gt;</a>&nbsp;&nbsp;&nbsp;__2printf
</UL>
<BR>[Address Reference Count : 1]<UL><LI> hardfaulthandler.o(.emb_text)
</UL>
<P><STRONG><a name="[17]"></a>main</STRONG> (Thumb, 284 bytes, Stack size 48 bytes, des.o(i.main))
<BR><BR>[Stack]<UL><LI>Max Depth = 164<LI>Call Chain = main &rArr; config_uart0 &rArr; apUART_Initialize &rArr; apUART_BaudRateSet &rArr; __aeabi_uidivmod
</UL>
<BR>[Calls]<UL><LI><a href="#[30]">&gt;&gt;</a>&nbsp;&nbsp;&nbsp;__2printf
<LI><a href="#[1f]">&gt;&gt;</a>&nbsp;&nbsp;&nbsp;__aeabi_memclr
<LI><a href="#[39]">&gt;&gt;</a>&nbsp;&nbsp;&nbsp;config_uart0
<LI><a href="#[3f]">&gt;&gt;</a>&nbsp;&nbsp;&nbsp;_sys_exit
<LI><a href="#[3d]">&gt;&gt;</a>&nbsp;&nbsp;&nbsp;des_check_result
<LI><a href="#[2e]">&gt;&gt;</a>&nbsp;&nbsp;&nbsp;apDes_Encrypt_Decrypt_Data
<LI><a href="#[2a]">&gt;&gt;</a>&nbsp;&nbsp;&nbsp;apDes_Config
<LI><a href="#[3e]">&gt;&gt;</a>&nbsp;&nbsp;&nbsp;apUART_Check_BUSY
</UL>
<BR>[Address Reference Count : 1]<UL><LI> entry9a.o(.ARM.Collect$$$$0000000B)
</UL>
<P><STRONG><a name="[27]"></a>sendchar</STRONG> (Thumb, 28 bytes, Stack size 16 bytes, printf_config.o(i.sendchar))
<BR><BR>[Stack]<UL><LI>Max Depth = 16<LI>Call Chain = sendchar
</UL>
<BR>[Calls]<UL><LI><a href="#[40]">&gt;&gt;</a>&nbsp;&nbsp;&nbsp;apUART_Check_TXFIFO_FULL
<LI><a href="#[41]">&gt;&gt;</a>&nbsp;&nbsp;&nbsp;UART_SendData
</UL>
<BR>[Called By]<UL><LI><a href="#[26]">&gt;&gt;</a>&nbsp;&nbsp;&nbsp;SER_PutChar
</UL>
<P>
<H3>
Local Symbols
</H3>
<P><STRONG><a name="[34]"></a>des_check_input_ready</STRONG> (Thumb, 38 bytes, Stack size 8 bytes, as32m0_des.o(i.des_check_input_ready))
<BR><BR>[Stack]<UL><LI>Max Depth = 8<LI>Call Chain = des_check_input_ready
</UL>
<BR>[Calls]<UL><LI><a href="#[33]">&gt;&gt;</a>&nbsp;&nbsp;&nbsp;des_read_reg
</UL>
<BR>[Called By]<UL><LI><a href="#[2f]">&gt;&gt;</a>&nbsp;&nbsp;&nbsp;apDes_Write_Data
</UL>

<P><STRONG><a name="[32]"></a>des_check_output_ready</STRONG> (Thumb, 38 bytes, Stack size 8 bytes, as32m0_des.o(i.des_check_output_ready))
<BR><BR>[Stack]<UL><LI>Max Depth = 8<LI>Call Chain = des_check_output_ready
</UL>
<BR>[Calls]<UL><LI><a href="#[33]">&gt;&gt;</a>&nbsp;&nbsp;&nbsp;des_read_reg
</UL>
<BR>[Called By]<UL><LI><a href="#[31]">&gt;&gt;</a>&nbsp;&nbsp;&nbsp;apDes_Read_Data
</UL>

<P><STRONG><a name="[33]"></a>des_read_reg</STRONG> (Thumb, 10 bytes, Stack size 0 bytes, as32m0_des.o(i.des_read_reg))
<BR><BR>[Called By]<UL><LI><a href="#[31]">&gt;&gt;</a>&nbsp;&nbsp;&nbsp;apDes_Read_Data
<LI><a href="#[32]">&gt;&gt;</a>&nbsp;&nbsp;&nbsp;des_check_output_ready
<LI><a href="#[34]">&gt;&gt;</a>&nbsp;&nbsp;&nbsp;des_check_input_ready
</UL>

<P><STRONG><a name="[2c]"></a>des_set_bits</STRONG> (Thumb, 16 bytes, Stack size 0 bytes, as32m0_des.o(i.des_set_bits))
<BR><BR>[Called By]<UL><LI><a href="#[2d]">&gt;&gt;</a>&nbsp;&nbsp;&nbsp;apDes_Enable
<LI><a href="#[2a]">&gt;&gt;</a>&nbsp;&nbsp;&nbsp;apDes_Config
</UL>

<P><STRONG><a name="[2b]"></a>des_write_reg</STRONG> (Thumb, 8 bytes, Stack size 0 bytes, as32m0_des.o(i.des_write_reg))
<BR><BR>[Called By]<UL><LI><a href="#[2f]">&gt;&gt;</a>&nbsp;&nbsp;&nbsp;apDes_Write_Data
<LI><a href="#[2a]">&gt;&gt;</a>&nbsp;&nbsp;&nbsp;apDes_Config
</UL>

<P><STRONG><a name="[29]"></a>_printf_core</STRONG> (Thumb, 688 bytes, Stack size 96 bytes, printf5.o(i._printf_core), UNUSED)
<BR><BR>[Calls]<UL><LI><a href="#[22]">&gt;&gt;</a>&nbsp;&nbsp;&nbsp;__aeabi_uldivmod
</UL>
<BR>[Called By]<UL><LI><a href="#[28]">&gt;&gt;</a>&nbsp;&nbsp;&nbsp;__0printf$5
</UL>
<P>
<H3>
Undefined Global Symbols
</H3><HR></body></html>
