<html>
<body>
<pre>
<h1>µVision Build Log</h1>
<h2>Tool Versions:</h2>
IDE-Version: £gVision V5.28.0.0
Copyright (C) 2019 ARM Ltd and ARM Germany GmbH. All rights reserved.
License Information: Wilson Ho, N/A, LIC=----
 
Tool Versions:
Toolchain:       MDK-Lite  Version: 5.28.0.0
Toolchain Path:  C:\Keil_v5\ARM\ARMCC\Bin
C Compiler:      Armcc.exe V5.06 update 6 (build 750)
Assembler:       Armasm.exe V5.06 update 6 (build 750)
Linker/Locator:  ArmLink.exe V5.06 update 6 (build 750)
Library Manager: ArmAr.exe V5.06 update 6 (build 750)
Hex Converter:   FromElf.exe V5.06 update 6 (build 750)
CPU DLL:         SARMCM3.DLL V5.28.0.0
Dialog DLL:      DARMCM1.DLL V1.19.2.0
Target DLL:      UL2CM3.DLL V1.162.16.0
Dialog DLL:      TARMCM1.DLL V1.14.1.0
 
<h2>Project:</h2>
C:\Users\Wilson_Ho\Desktop\Project\MCU007n8_FPGA_0905\software\as32m0\user\Probe_Evl\NVR_Flash\NVR_flash.uvprojx
Project File Date:  04/29/2021

<h2>Output:</h2>
*** Using Compiler 'V5.06 update 6 (build 750)', folder: 'C:\Keil_v5\ARM\ARMCC\Bin'
Rebuild target 'as32m0'
assembling startup_as32m0.s...
compiling system_as32m0.c...
compiling as32m0_adc.c...
compiling as32m0_des.c...
..\..\..\FWLib\as32m0_des.c(25): warning:  #177-D: function "des_check_busy"  was declared but never referenced
  static int32_t des_check_busy(void)
..\..\..\FWLib\as32m0_des.c: 1 warning, 0 errors
compiling as32m0_dma.c...
compiling as32m0_i2c.c...
compiling as32m0_gpio.c...
compiling as32m0_lvd.c...
compiling as32m0_pinctrl.c...
compiling as32m0_sleep.c...
compiling as32m0_pwm.c...
compiling as32m0_ssp.c...
compiling as32m0_sysctrl.c...
compiling as32m0_systick.c...
compiling as32m0_timer.c...
compiling as32m0_uart.c...
compiling as32m0_misc.c...
compiling HardFaultHandler.c...
compiling as32m0_nvr.c...
..\..\..\FWLib\as32m0_nvr.c(57): warning:  #1-D: last line of file ends without a newline
  }
..\..\..\FWLib\as32m0_nvr.c: 1 warning, 0 errors
compiling NVR_flash.c...
compiling printf_config.c...
compiling Retarget.c...
linking...
Program Size: Code=2616 RO-data=180 RW-data=32 ZI-data=2560  
FromELF: creating hex file...
After Build - User command #1: fromelf --bin -o NVR_flash.bin ./output/NVR_flash.axf
After Build - User command #2: fromelf -c -o NVR_flash.txt ./output/NVR_flash.axf
".\output\NVR_flash.axf" - 0 Error(s), 2 Warning(s).

<h2>Software Packages used:</h2>

Package Vendor: ARM
                http://www.keil.com/pack/ARM.CMSIS.5.6.0.pack
                ARM.CMSIS.5.6.0
                CMSIS (Cortex Microcontroller Software Interface Standard)

<h2>Collection of Component include folders:</h2>
  .\RTE\_as32m0
  C:\Users\Wilson_Ho\AppData\Local\Arm\Packs\ARM\CMSIS\5.6.0\Device\ARM\ARMCM0\Include

<h2>Collection of Component Files used:</h2>
Build Time Elapsed:  00:00:05
</pre>
</body>
</html>
