<!doctype html public "-//w3c//dtd html 4.0 transitional//en">
<html><head>
<title>Static Call Graph - [.\output\example_mx7219.axf]</title></head>
<body><HR>
<H1>Static Call Graph for image .\output\example_mx7219.axf</H1><HR>
<BR><P>#&#060CALLGRAPH&#062# ARM Linker, 5060750: Last Updated: Fri Aug 13 13:54:09 2021
<BR><P>
<H3>Maximum Stack Usage =        132 bytes + Unknown(Cycles, Untraceable Function Pointers)</H3><H3>
Call chain for Maximum Stack Depth:</H3>
main &rArr; config_uart0 &rArr; apUART_Initialize &rArr; apUART_BaudRateSet &rArr; __aeabi_uidivmod
<P>
<H3>
Mutually Recursive functions
</H3> <LI><a href="#[1]">NMI_Handler</a>&nbsp;&nbsp;&nbsp;&rArr;&nbsp;&nbsp;&nbsp;<a href="#[1]">NMI_Handler</a><BR>
 <LI><a href="#[3]">SVC_Handler</a>&nbsp;&nbsp;&nbsp;&rArr;&nbsp;&nbsp;&nbsp;<a href="#[3]">SVC_Handler</a><BR>
 <LI><a href="#[4]">PendSV_Handler</a>&nbsp;&nbsp;&nbsp;&rArr;&nbsp;&nbsp;&nbsp;<a href="#[4]">PendSV_Handler</a><BR>
 <LI><a href="#[6]">n00_WDG_IRQHandler</a>&nbsp;&nbsp;&nbsp;&rArr;&nbsp;&nbsp;&nbsp;<a href="#[6]">n00_WDG_IRQHandler</a><BR>
</UL>
<P>
<H3>
Function Pointers
</H3><UL>
 <LI><a href="#[2]">HardFault_Handler</a> from hardfaulthandler.o(.emb_text) referenced from startup_as32m0.o(RESET)
 <LI><a href="#[1]">NMI_Handler</a> from startup_as32m0.o(.text) referenced from startup_as32m0.o(RESET)
 <LI><a href="#[4]">PendSV_Handler</a> from startup_as32m0.o(.text) referenced from startup_as32m0.o(RESET)
 <LI><a href="#[1b]">Reset_Handler</a> from startup_as32m0.o(.text) referenced from startup_as32m0.o(RESET)
 <LI><a href="#[3]">SVC_Handler</a> from startup_as32m0.o(.text) referenced from startup_as32m0.o(RESET)
 <LI><a href="#[5]">SysTick_Handler</a> from as32m0_systick.o(i.SysTick_Handler) referenced from startup_as32m0.o(RESET)
 <LI><a href="#[19]">__main</a> from entry.o(.ARM.Collect$$$$00000000) referenced from startup_as32m0.o(.text)
 <LI><a href="#[1a]">fputc</a> from retarget.o(i.fputc) referenced from printf8.o(i.__0printf$8)
 <LI><a href="#[18]">hardfault_handler_c</a> from hardfaulthandler.o(i.hardfault_handler_c) referenced from hardfaulthandler.o(.emb_text)
 <LI><a href="#[17]">main</a> from example_mx7219.o(i.main) referenced from entry9a.o(.ARM.Collect$$$$0000000B)
 <LI><a href="#[6]">n00_WDG_IRQHandler</a> from startup_as32m0.o(.text) referenced from startup_as32m0.o(RESET)
 <LI><a href="#[7]">n01_DMA_IRQHandler</a> from startup_as32m0.o(.text) referenced from startup_as32m0.o(RESET)
 <LI><a href="#[8]">n02_ADC_IRQHandler</a> from startup_as32m0.o(.text) referenced from startup_as32m0.o(RESET)
 <LI><a href="#[9]">n03_LVD_IRQHandler</a> from startup_as32m0.o(.text) referenced from startup_as32m0.o(RESET)
 <LI><a href="#[a]">n04_PWM0_IRQHandler</a> from startup_as32m0.o(.text) referenced from startup_as32m0.o(RESET)
 <LI><a href="#[b]">n05_PWM1_IRQHandler</a> from startup_as32m0.o(.text) referenced from startup_as32m0.o(RESET)
 <LI><a href="#[c]">n06_PWM2_IRQHandler</a> from startup_as32m0.o(.text) referenced from startup_as32m0.o(RESET)
 <LI><a href="#[d]">n07_PWM3_IRQHandler</a> from startup_as32m0.o(.text) referenced from startup_as32m0.o(RESET)
 <LI><a href="#[e]">n08_UART0_IRQHandler</a> from startup_as32m0.o(.text) referenced from startup_as32m0.o(RESET)
 <LI><a href="#[f]">n09_UART1_IRQHandler</a> from startup_as32m0.o(.text) referenced from startup_as32m0.o(RESET)
 <LI><a href="#[10]">n10_TMR0_IRQHandler</a> from startup_as32m0.o(.text) referenced from startup_as32m0.o(RESET)
 <LI><a href="#[11]">n11_TMR1_IRQHandler</a> from startup_as32m0.o(.text) referenced from startup_as32m0.o(RESET)
 <LI><a href="#[12]">n12_TMR2_IRQHandler</a> from startup_as32m0.o(.text) referenced from startup_as32m0.o(RESET)
 <LI><a href="#[13]">n13_I2C_IRQHandler</a> from startup_as32m0.o(.text) referenced from startup_as32m0.o(RESET)
 <LI><a href="#[14]">n14_SPI_IRQHandler</a> from startup_as32m0.o(.text) referenced from startup_as32m0.o(RESET)
 <LI><a href="#[15]">n15_GIO_IRQHandler</a> from startup_as32m0.o(.text) referenced from startup_as32m0.o(RESET)
 <LI><a href="#[16]">n16_flash_IRQHandler</a> from startup_as32m0.o(.text) referenced from startup_as32m0.o(RESET)
</UL>
<P>
<H3>
Global Symbols
</H3>
<P><STRONG><a name="[19]"></a>__main</STRONG> (Thumb, 0 bytes, Stack size unknown bytes, entry.o(.ARM.Collect$$$$00000000))
<BR>[Address Reference Count : 1]<UL><LI> startup_as32m0.o(.text)
</UL>
<P><STRONG><a name="[49]"></a>_main_stk</STRONG> (Thumb, 0 bytes, Stack size unknown bytes, entry2.o(.ARM.Collect$$$$00000001))

<P><STRONG><a name="[1c]"></a>_main_scatterload</STRONG> (Thumb, 0 bytes, Stack size unknown bytes, entry5.o(.ARM.Collect$$$$00000004))
<BR><BR>[Calls]<UL><LI><a href="#[1d]">&gt;&gt;</a>&nbsp;&nbsp;&nbsp;__scatterload
</UL>

<P><STRONG><a name="[22]"></a>__main_after_scatterload</STRONG> (Thumb, 0 bytes, Stack size unknown bytes, entry5.o(.ARM.Collect$$$$00000004))
<BR><BR>[Called By]<UL><LI><a href="#[1d]">&gt;&gt;</a>&nbsp;&nbsp;&nbsp;__scatterload
</UL>

<P><STRONG><a name="[4a]"></a>_main_clock</STRONG> (Thumb, 0 bytes, Stack size unknown bytes, entry7b.o(.ARM.Collect$$$$00000008))

<P><STRONG><a name="[4b]"></a>_main_cpp_init</STRONG> (Thumb, 0 bytes, Stack size unknown bytes, entry8b.o(.ARM.Collect$$$$0000000A))

<P><STRONG><a name="[4c]"></a>_main_init</STRONG> (Thumb, 0 bytes, Stack size unknown bytes, entry9a.o(.ARM.Collect$$$$0000000B))

<P><STRONG><a name="[4d]"></a>__rt_final_cpp</STRONG> (Thumb, 0 bytes, Stack size unknown bytes, entry10a.o(.ARM.Collect$$$$0000000D))

<P><STRONG><a name="[4e]"></a>__rt_final_exit</STRONG> (Thumb, 0 bytes, Stack size unknown bytes, entry11a.o(.ARM.Collect$$$$0000000F))

<P><STRONG><a name="[2]"></a>HardFault_Handler</STRONG> (Thumb, 24 bytes, Stack size 0 bytes, hardfaulthandler.o(.emb_text))
<BR>[Address Reference Count : 1]<UL><LI> startup_as32m0.o(RESET)
</UL>
<P><STRONG><a name="[1b]"></a>Reset_Handler</STRONG> (Thumb, 8 bytes, Stack size 0 bytes, startup_as32m0.o(.text))
<BR><BR>[Calls]<UL><LI><a href="#[1e]">&gt;&gt;</a>&nbsp;&nbsp;&nbsp;SystemInit
</UL>

<P><STRONG><a name="[1]"></a>NMI_Handler</STRONG> (Thumb, 2 bytes, Stack size 0 bytes, startup_as32m0.o(.text))
<BR><BR>[Calls]<UL><LI><a href="#[1]">&gt;&gt;</a>&nbsp;&nbsp;&nbsp;NMI_Handler
</UL>
<BR>[Called By]<UL><LI><a href="#[1]">&gt;&gt;</a>&nbsp;&nbsp;&nbsp;NMI_Handler
</UL>
<BR>[Address Reference Count : 1]<UL><LI> startup_as32m0.o(RESET)
</UL>
<P><STRONG><a name="[3]"></a>SVC_Handler</STRONG> (Thumb, 2 bytes, Stack size 0 bytes, startup_as32m0.o(.text))
<BR><BR>[Calls]<UL><LI><a href="#[3]">&gt;&gt;</a>&nbsp;&nbsp;&nbsp;SVC_Handler
</UL>
<BR>[Called By]<UL><LI><a href="#[3]">&gt;&gt;</a>&nbsp;&nbsp;&nbsp;SVC_Handler
</UL>
<BR>[Address Reference Count : 1]<UL><LI> startup_as32m0.o(RESET)
</UL>
<P><STRONG><a name="[4]"></a>PendSV_Handler</STRONG> (Thumb, 2 bytes, Stack size 0 bytes, startup_as32m0.o(.text))
<BR><BR>[Calls]<UL><LI><a href="#[4]">&gt;&gt;</a>&nbsp;&nbsp;&nbsp;PendSV_Handler
</UL>
<BR>[Called By]<UL><LI><a href="#[4]">&gt;&gt;</a>&nbsp;&nbsp;&nbsp;PendSV_Handler
</UL>
<BR>[Address Reference Count : 1]<UL><LI> startup_as32m0.o(RESET)
</UL>
<P><STRONG><a name="[6]"></a>n00_WDG_IRQHandler</STRONG> (Thumb, 0 bytes, Stack size 0 bytes, startup_as32m0.o(.text))
<BR><BR>[Calls]<UL><LI><a href="#[6]">&gt;&gt;</a>&nbsp;&nbsp;&nbsp;n00_WDG_IRQHandler
</UL>
<BR>[Called By]<UL><LI><a href="#[6]">&gt;&gt;</a>&nbsp;&nbsp;&nbsp;n00_WDG_IRQHandler
</UL>
<BR>[Address Reference Count : 1]<UL><LI> startup_as32m0.o(RESET)
</UL>
<P><STRONG><a name="[7]"></a>n01_DMA_IRQHandler</STRONG> (Thumb, 0 bytes, Stack size 0 bytes, startup_as32m0.o(.text))
<BR>[Address Reference Count : 1]<UL><LI> startup_as32m0.o(RESET)
</UL>
<P><STRONG><a name="[8]"></a>n02_ADC_IRQHandler</STRONG> (Thumb, 0 bytes, Stack size 0 bytes, startup_as32m0.o(.text))
<BR>[Address Reference Count : 1]<UL><LI> startup_as32m0.o(RESET)
</UL>
<P><STRONG><a name="[9]"></a>n03_LVD_IRQHandler</STRONG> (Thumb, 0 bytes, Stack size 0 bytes, startup_as32m0.o(.text))
<BR>[Address Reference Count : 1]<UL><LI> startup_as32m0.o(RESET)
</UL>
<P><STRONG><a name="[a]"></a>n04_PWM0_IRQHandler</STRONG> (Thumb, 0 bytes, Stack size 0 bytes, startup_as32m0.o(.text))
<BR>[Address Reference Count : 1]<UL><LI> startup_as32m0.o(RESET)
</UL>
<P><STRONG><a name="[b]"></a>n05_PWM1_IRQHandler</STRONG> (Thumb, 0 bytes, Stack size 0 bytes, startup_as32m0.o(.text))
<BR>[Address Reference Count : 1]<UL><LI> startup_as32m0.o(RESET)
</UL>
<P><STRONG><a name="[c]"></a>n06_PWM2_IRQHandler</STRONG> (Thumb, 0 bytes, Stack size 0 bytes, startup_as32m0.o(.text))
<BR>[Address Reference Count : 1]<UL><LI> startup_as32m0.o(RESET)
</UL>
<P><STRONG><a name="[d]"></a>n07_PWM3_IRQHandler</STRONG> (Thumb, 0 bytes, Stack size 0 bytes, startup_as32m0.o(.text))
<BR>[Address Reference Count : 1]<UL><LI> startup_as32m0.o(RESET)
</UL>
<P><STRONG><a name="[e]"></a>n08_UART0_IRQHandler</STRONG> (Thumb, 0 bytes, Stack size 0 bytes, startup_as32m0.o(.text))
<BR>[Address Reference Count : 1]<UL><LI> startup_as32m0.o(RESET)
</UL>
<P><STRONG><a name="[f]"></a>n09_UART1_IRQHandler</STRONG> (Thumb, 0 bytes, Stack size 0 bytes, startup_as32m0.o(.text))
<BR>[Address Reference Count : 1]<UL><LI> startup_as32m0.o(RESET)
</UL>
<P><STRONG><a name="[10]"></a>n10_TMR0_IRQHandler</STRONG> (Thumb, 0 bytes, Stack size 0 bytes, startup_as32m0.o(.text))
<BR>[Address Reference Count : 1]<UL><LI> startup_as32m0.o(RESET)
</UL>
<P><STRONG><a name="[11]"></a>n11_TMR1_IRQHandler</STRONG> (Thumb, 0 bytes, Stack size 0 bytes, startup_as32m0.o(.text))
<BR>[Address Reference Count : 1]<UL><LI> startup_as32m0.o(RESET)
</UL>
<P><STRONG><a name="[12]"></a>n12_TMR2_IRQHandler</STRONG> (Thumb, 0 bytes, Stack size 0 bytes, startup_as32m0.o(.text))
<BR>[Address Reference Count : 1]<UL><LI> startup_as32m0.o(RESET)
</UL>
<P><STRONG><a name="[13]"></a>n13_I2C_IRQHandler</STRONG> (Thumb, 0 bytes, Stack size 0 bytes, startup_as32m0.o(.text))
<BR>[Address Reference Count : 1]<UL><LI> startup_as32m0.o(RESET)
</UL>
<P><STRONG><a name="[14]"></a>n14_SPI_IRQHandler</STRONG> (Thumb, 0 bytes, Stack size 0 bytes, startup_as32m0.o(.text))
<BR>[Address Reference Count : 1]<UL><LI> startup_as32m0.o(RESET)
</UL>
<P><STRONG><a name="[15]"></a>n15_GIO_IRQHandler</STRONG> (Thumb, 0 bytes, Stack size 0 bytes, startup_as32m0.o(.text))
<BR>[Address Reference Count : 1]<UL><LI> startup_as32m0.o(RESET)
</UL>
<P><STRONG><a name="[16]"></a>n16_flash_IRQHandler</STRONG> (Thumb, 0 bytes, Stack size 0 bytes, startup_as32m0.o(.text))
<BR>[Address Reference Count : 1]<UL><LI> startup_as32m0.o(RESET)
</UL>
<P><STRONG><a name="[4f]"></a>__aeabi_uidiv</STRONG> (Thumb, 0 bytes, Stack size 12 bytes, uidiv.o(.text), UNUSED)

<P><STRONG><a name="[38]"></a>__aeabi_uidivmod</STRONG> (Thumb, 44 bytes, Stack size 12 bytes, uidiv.o(.text))
<BR><BR>[Stack]<UL><LI>Max Depth = 12<LI>Call Chain = __aeabi_uidivmod
</UL>
<BR>[Called By]<UL><LI><a href="#[37]">&gt;&gt;</a>&nbsp;&nbsp;&nbsp;apUART_BaudRateSet
</UL>

<P><STRONG><a name="[1f]"></a>__aeabi_uldivmod</STRONG> (Thumb, 96 bytes, Stack size 48 bytes, uldiv.o(.text), UNUSED)
<BR><BR>[Calls]<UL><LI><a href="#[20]">&gt;&gt;</a>&nbsp;&nbsp;&nbsp;__aeabi_llsr
<LI><a href="#[21]">&gt;&gt;</a>&nbsp;&nbsp;&nbsp;__aeabi_llsl
</UL>
<BR>[Called By]<UL><LI><a href="#[34]">&gt;&gt;</a>&nbsp;&nbsp;&nbsp;_printf_core
</UL>

<P><STRONG><a name="[21]"></a>__aeabi_llsl</STRONG> (Thumb, 32 bytes, Stack size 8 bytes, llshl.o(.text), UNUSED)
<BR><BR>[Called By]<UL><LI><a href="#[1f]">&gt;&gt;</a>&nbsp;&nbsp;&nbsp;__aeabi_uldivmod
</UL>

<P><STRONG><a name="[50]"></a>_ll_shift_l</STRONG> (Thumb, 0 bytes, Stack size 8 bytes, llshl.o(.text), UNUSED)

<P><STRONG><a name="[1d]"></a>__scatterload</STRONG> (Thumb, 28 bytes, Stack size 0 bytes, init.o(.text))
<BR><BR>[Calls]<UL><LI><a href="#[22]">&gt;&gt;</a>&nbsp;&nbsp;&nbsp;__main_after_scatterload
</UL>
<BR>[Called By]<UL><LI><a href="#[1c]">&gt;&gt;</a>&nbsp;&nbsp;&nbsp;_main_scatterload
</UL>

<P><STRONG><a name="[51]"></a>__scatterload_rt2</STRONG> (Thumb, 0 bytes, Stack size 0 bytes, init.o(.text), UNUSED)

<P><STRONG><a name="[20]"></a>__aeabi_llsr</STRONG> (Thumb, 34 bytes, Stack size 8 bytes, llushr.o(.text), UNUSED)
<BR><BR>[Called By]<UL><LI><a href="#[1f]">&gt;&gt;</a>&nbsp;&nbsp;&nbsp;__aeabi_uldivmod
</UL>

<P><STRONG><a name="[52]"></a>_ll_ushift_r</STRONG> (Thumb, 0 bytes, Stack size 8 bytes, llushr.o(.text), UNUSED)

<P><STRONG><a name="[2d]"></a>MAX7219_char_lookup</STRONG> (Thumb, 18 bytes, Stack size 0 bytes, as32m0_max7219.o(i.MAX7219_char_lookup))
<BR><BR>[Called By]<UL><LI><a href="#[17]">&gt;&gt;</a>&nbsp;&nbsp;&nbsp;main
<LI><a href="#[2c]">&gt;&gt;</a>&nbsp;&nbsp;&nbsp;MAX7219_print_string
</UL>

<P><STRONG><a name="[23]"></a>MAX7219_clear_all</STRONG> (Thumb, 46 bytes, Stack size 8 bytes, as32m0_max7219.o(i.MAX7219_clear_all))
<BR><BR>[Stack]<UL><LI>Max Depth = 24<LI>Call Chain = MAX7219_clear_all &rArr; MAX7219_write
</UL>
<BR>[Calls]<UL><LI><a href="#[24]">&gt;&gt;</a>&nbsp;&nbsp;&nbsp;MAX7219_write
</UL>
<BR>[Called By]<UL><LI><a href="#[17]">&gt;&gt;</a>&nbsp;&nbsp;&nbsp;main
</UL>

<P><STRONG><a name="[25]"></a>MAX7219_dummy_cycle</STRONG> (Thumb, 32 bytes, Stack size 16 bytes, as32m0_max7219.o(i.MAX7219_dummy_cycle))
<BR><BR>[Stack]<UL><LI>Max Depth = 32<LI>Call Chain = MAX7219_dummy_cycle &rArr; MAX7219_multi_write
</UL>
<BR>[Calls]<UL><LI><a href="#[26]">&gt;&gt;</a>&nbsp;&nbsp;&nbsp;MAX7219_multi_write
</UL>
<BR>[Called By]<UL><LI><a href="#[2e]">&gt;&gt;</a>&nbsp;&nbsp;&nbsp;MAX7219_ser_8x8_display_write
</UL>

<P><STRONG><a name="[27]"></a>MAX7219_init</STRONG> (Thumb, 64 bytes, Stack size 8 bytes, as32m0_max7219.o(i.MAX7219_init))
<BR><BR>[Stack]<UL><LI>Max Depth = 24<LI>Call Chain = MAX7219_init &rArr; MAX7219_write
</UL>
<BR>[Calls]<UL><LI><a href="#[24]">&gt;&gt;</a>&nbsp;&nbsp;&nbsp;MAX7219_write
</UL>
<BR>[Called By]<UL><LI><a href="#[17]">&gt;&gt;</a>&nbsp;&nbsp;&nbsp;main
</UL>

<P><STRONG><a name="[26]"></a>MAX7219_multi_write</STRONG> (Thumb, 48 bytes, Stack size 16 bytes, as32m0_max7219.o(i.MAX7219_multi_write))
<BR><BR>[Stack]<UL><LI>Max Depth = 16<LI>Call Chain = MAX7219_multi_write
</UL>
<BR>[Calls]<UL><LI><a href="#[2b]">&gt;&gt;</a>&nbsp;&nbsp;&nbsp;apSSP_ReadFIFO
<LI><a href="#[28]">&gt;&gt;</a>&nbsp;&nbsp;&nbsp;apSSP_DeviceEnable
<LI><a href="#[2a]">&gt;&gt;</a>&nbsp;&nbsp;&nbsp;apSSP_DeviceDisable
<LI><a href="#[29]">&gt;&gt;</a>&nbsp;&nbsp;&nbsp;apSSP_DeviceBusyGet
</UL>
<BR>[Called By]<UL><LI><a href="#[2e]">&gt;&gt;</a>&nbsp;&nbsp;&nbsp;MAX7219_ser_8x8_display_write
<LI><a href="#[25]">&gt;&gt;</a>&nbsp;&nbsp;&nbsp;MAX7219_dummy_cycle
</UL>

<P><STRONG><a name="[2c]"></a>MAX7219_print_string</STRONG> (Thumb, 46 bytes, Stack size 24 bytes, as32m0_max7219.o(i.MAX7219_print_string))
<BR><BR>[Stack]<UL><LI>Max Depth = 80<LI>Call Chain = MAX7219_print_string &rArr; MAX7219_ser_8x8_display_write &rArr; MAX7219_dummy_cycle &rArr; MAX7219_multi_write
</UL>
<BR>[Calls]<UL><LI><a href="#[2e]">&gt;&gt;</a>&nbsp;&nbsp;&nbsp;MAX7219_ser_8x8_display_write
<LI><a href="#[2d]">&gt;&gt;</a>&nbsp;&nbsp;&nbsp;MAX7219_char_lookup
</UL>
<BR>[Called By]<UL><LI><a href="#[17]">&gt;&gt;</a>&nbsp;&nbsp;&nbsp;main
</UL>

<P><STRONG><a name="[2e]"></a>MAX7219_ser_8x8_display_write</STRONG> (Thumb, 100 bytes, Stack size 24 bytes, as32m0_max7219.o(i.MAX7219_ser_8x8_display_write))
<BR><BR>[Stack]<UL><LI>Max Depth = 56<LI>Call Chain = MAX7219_ser_8x8_display_write &rArr; MAX7219_dummy_cycle &rArr; MAX7219_multi_write
</UL>
<BR>[Calls]<UL><LI><a href="#[24]">&gt;&gt;</a>&nbsp;&nbsp;&nbsp;MAX7219_write
<LI><a href="#[26]">&gt;&gt;</a>&nbsp;&nbsp;&nbsp;MAX7219_multi_write
<LI><a href="#[25]">&gt;&gt;</a>&nbsp;&nbsp;&nbsp;MAX7219_dummy_cycle
</UL>
<BR>[Called By]<UL><LI><a href="#[2c]">&gt;&gt;</a>&nbsp;&nbsp;&nbsp;MAX7219_print_string
</UL>

<P><STRONG><a name="[24]"></a>MAX7219_write</STRONG> (Thumb, 64 bytes, Stack size 16 bytes, as32m0_max7219.o(i.MAX7219_write))
<BR><BR>[Stack]<UL><LI>Max Depth = 16<LI>Call Chain = MAX7219_write
</UL>
<BR>[Calls]<UL><LI><a href="#[2b]">&gt;&gt;</a>&nbsp;&nbsp;&nbsp;apSSP_ReadFIFO
<LI><a href="#[28]">&gt;&gt;</a>&nbsp;&nbsp;&nbsp;apSSP_DeviceEnable
<LI><a href="#[2a]">&gt;&gt;</a>&nbsp;&nbsp;&nbsp;apSSP_DeviceDisable
<LI><a href="#[29]">&gt;&gt;</a>&nbsp;&nbsp;&nbsp;apSSP_DeviceBusyGet
</UL>
<BR>[Called By]<UL><LI><a href="#[2e]">&gt;&gt;</a>&nbsp;&nbsp;&nbsp;MAX7219_ser_8x8_display_write
<LI><a href="#[27]">&gt;&gt;</a>&nbsp;&nbsp;&nbsp;MAX7219_init
<LI><a href="#[23]">&gt;&gt;</a>&nbsp;&nbsp;&nbsp;MAX7219_clear_all
</UL>

<P><STRONG><a name="[3e]"></a>PinCtrl_GIOSet</STRONG> (Thumb, 68 bytes, Stack size 16 bytes, as32m0_pinctrl.o(i.PinCtrl_GIOSet))
<BR><BR>[Stack]<UL><LI>Max Depth = 16<LI>Call Chain = PinCtrl_GIOSet
</UL>
<BR>[Called By]<UL><LI><a href="#[3b]">&gt;&gt;</a>&nbsp;&nbsp;&nbsp;config_uart0
<LI><a href="#[43]">&gt;&gt;</a>&nbsp;&nbsp;&nbsp;init_SPI
</UL>

<P><STRONG><a name="[2f]"></a>SER_GetChar</STRONG> (Thumb, 10 bytes, Stack size 8 bytes, printf_config.o(i.SER_GetChar))
<BR><BR>[Stack]<UL><LI>Max Depth = 8<LI>Call Chain = SER_GetChar
</UL>
<BR>[Calls]<UL><LI><a href="#[30]">&gt;&gt;</a>&nbsp;&nbsp;&nbsp;UART_ReceData
</UL>
<BR>[Called By]<UL><LI><a href="#[17]">&gt;&gt;</a>&nbsp;&nbsp;&nbsp;main
</UL>

<P><STRONG><a name="[31]"></a>SER_PutChar</STRONG> (Thumb, 16 bytes, Stack size 8 bytes, printf_config.o(i.SER_PutChar))
<BR><BR>[Stack]<UL><LI>Max Depth = 24<LI>Call Chain = SER_PutChar &rArr; sendchar
</UL>
<BR>[Calls]<UL><LI><a href="#[32]">&gt;&gt;</a>&nbsp;&nbsp;&nbsp;sendchar
</UL>
<BR>[Called By]<UL><LI><a href="#[1a]">&gt;&gt;</a>&nbsp;&nbsp;&nbsp;fputc
</UL>

<P><STRONG><a name="[3d]"></a>SYSCTRL_ClrReset_APB_PinCtrl</STRONG> (Thumb, 8 bytes, Stack size 0 bytes, as32m0_sysctrl.o(i.SYSCTRL_ClrReset_APB_PinCtrl))
<BR><BR>[Called By]<UL><LI><a href="#[3b]">&gt;&gt;</a>&nbsp;&nbsp;&nbsp;config_uart0
</UL>

<P><STRONG><a name="[3c]"></a>SYSCTRL_ClrReset_APB_SCI0</STRONG> (Thumb, 10 bytes, Stack size 0 bytes, as32m0_sysctrl.o(i.SYSCTRL_ClrReset_APB_SCI0))
<BR><BR>[Called By]<UL><LI><a href="#[3b]">&gt;&gt;</a>&nbsp;&nbsp;&nbsp;config_uart0
</UL>

<P><STRONG><a name="[5]"></a>SysTick_Handler</STRONG> (Thumb, 12 bytes, Stack size 0 bytes, as32m0_systick.o(i.SysTick_Handler))
<BR>[Address Reference Count : 1]<UL><LI> startup_as32m0.o(RESET)
</UL>
<P><STRONG><a name="[1e]"></a>SystemInit</STRONG> (Thumb, 16 bytes, Stack size 0 bytes, system_as32m0.o(i.SystemInit))
<BR><BR>[Called By]<UL><LI><a href="#[1b]">&gt;&gt;</a>&nbsp;&nbsp;&nbsp;Reset_Handler
</UL>

<P><STRONG><a name="[30]"></a>UART_ReceData</STRONG> (Thumb, 8 bytes, Stack size 0 bytes, as32m0_uart.o(i.UART_ReceData))
<BR><BR>[Called By]<UL><LI><a href="#[2f]">&gt;&gt;</a>&nbsp;&nbsp;&nbsp;SER_GetChar
</UL>

<P><STRONG><a name="[46]"></a>UART_SendData</STRONG> (Thumb, 4 bytes, Stack size 0 bytes, as32m0_uart.o(i.UART_SendData))
<BR><BR>[Called By]<UL><LI><a href="#[32]">&gt;&gt;</a>&nbsp;&nbsp;&nbsp;sendchar
</UL>

<P><STRONG><a name="[33]"></a>__0printf$8</STRONG> (Thumb, 24 bytes, Stack size 24 bytes, printf8.o(i.__0printf$8), UNUSED)
<BR><BR>[Calls]<UL><LI><a href="#[34]">&gt;&gt;</a>&nbsp;&nbsp;&nbsp;_printf_core
</UL>

<P><STRONG><a name="[53]"></a>__1printf$8</STRONG> (Thumb, 0 bytes, Stack size 24 bytes, printf8.o(i.__0printf$8), UNUSED)

<P><STRONG><a name="[42]"></a>__2printf</STRONG> (Thumb, 0 bytes, Stack size 24 bytes, printf8.o(i.__0printf$8))
<BR><BR>[Stack]<UL><LI>Max Depth = 24<LI>Call Chain = __2printf
</UL>
<BR>[Called By]<UL><LI><a href="#[17]">&gt;&gt;</a>&nbsp;&nbsp;&nbsp;main
<LI><a href="#[18]">&gt;&gt;</a>&nbsp;&nbsp;&nbsp;hardfault_handler_c
</UL>

<P><STRONG><a name="[54]"></a>__scatterload_copy</STRONG> (Thumb, 14 bytes, Stack size unknown bytes, handlers.o(i.__scatterload_copy), UNUSED)

<P><STRONG><a name="[55]"></a>__scatterload_null</STRONG> (Thumb, 2 bytes, Stack size unknown bytes, handlers.o(i.__scatterload_null), UNUSED)

<P><STRONG><a name="[56]"></a>__scatterload_zeroinit</STRONG> (Thumb, 14 bytes, Stack size unknown bytes, handlers.o(i.__scatterload_zeroinit), UNUSED)

<P><STRONG><a name="[29]"></a>apSSP_DeviceBusyGet</STRONG> (Thumb, 10 bytes, Stack size 0 bytes, as32m0_ssp.o(i.apSSP_DeviceBusyGet))
<BR><BR>[Called By]<UL><LI><a href="#[24]">&gt;&gt;</a>&nbsp;&nbsp;&nbsp;MAX7219_write
<LI><a href="#[26]">&gt;&gt;</a>&nbsp;&nbsp;&nbsp;MAX7219_multi_write
</UL>

<P><STRONG><a name="[2a]"></a>apSSP_DeviceDisable</STRONG> (Thumb, 10 bytes, Stack size 0 bytes, as32m0_ssp.o(i.apSSP_DeviceDisable))
<BR><BR>[Called By]<UL><LI><a href="#[24]">&gt;&gt;</a>&nbsp;&nbsp;&nbsp;MAX7219_write
<LI><a href="#[26]">&gt;&gt;</a>&nbsp;&nbsp;&nbsp;MAX7219_multi_write
</UL>

<P><STRONG><a name="[28]"></a>apSSP_DeviceEnable</STRONG> (Thumb, 10 bytes, Stack size 0 bytes, as32m0_ssp.o(i.apSSP_DeviceEnable))
<BR><BR>[Called By]<UL><LI><a href="#[24]">&gt;&gt;</a>&nbsp;&nbsp;&nbsp;MAX7219_write
<LI><a href="#[26]">&gt;&gt;</a>&nbsp;&nbsp;&nbsp;MAX7219_multi_write
</UL>

<P><STRONG><a name="[48]"></a>apSSP_DeviceParametersSet</STRONG> (Thumb, 50 bytes, Stack size 0 bytes, as32m0_ssp.o(i.apSSP_DeviceParametersSet))
<BR><BR>[Called By]<UL><LI><a href="#[44]">&gt;&gt;</a>&nbsp;&nbsp;&nbsp;ssp_config
</UL>

<P><STRONG><a name="[47]"></a>apSSP_Initialize</STRONG> (Thumb, 12 bytes, Stack size 0 bytes, as32m0_ssp.o(i.apSSP_Initialize))
<BR><BR>[Called By]<UL><LI><a href="#[44]">&gt;&gt;</a>&nbsp;&nbsp;&nbsp;ssp_config
</UL>

<P><STRONG><a name="[2b]"></a>apSSP_ReadFIFO</STRONG> (Thumb, 8 bytes, Stack size 0 bytes, as32m0_ssp.o(i.apSSP_ReadFIFO))
<BR><BR>[Called By]<UL><LI><a href="#[24]">&gt;&gt;</a>&nbsp;&nbsp;&nbsp;MAX7219_write
<LI><a href="#[26]">&gt;&gt;</a>&nbsp;&nbsp;&nbsp;MAX7219_multi_write
</UL>

<P><STRONG><a name="[37]"></a>apUART_BaudRateSet</STRONG> (Thumb, 58 bytes, Stack size 40 bytes, as32m0_uart.o(i.apUART_BaudRateSet))
<BR><BR>[Stack]<UL><LI>Max Depth = 52<LI>Call Chain = apUART_BaudRateSet &rArr; __aeabi_uidivmod
</UL>
<BR>[Calls]<UL><LI><a href="#[38]">&gt;&gt;</a>&nbsp;&nbsp;&nbsp;__aeabi_uidivmod
</UL>
<BR>[Called By]<UL><LI><a href="#[39]">&gt;&gt;</a>&nbsp;&nbsp;&nbsp;apUART_Initialize
</UL>

<P><STRONG><a name="[3a]"></a>apUART_Check_RXFIFO_EMPTY</STRONG> (Thumb, 10 bytes, Stack size 0 bytes, as32m0_uart.o(i.apUART_Check_RXFIFO_EMPTY))
<BR><BR>[Called By]<UL><LI><a href="#[17]">&gt;&gt;</a>&nbsp;&nbsp;&nbsp;main
<LI><a href="#[39]">&gt;&gt;</a>&nbsp;&nbsp;&nbsp;apUART_Initialize
</UL>

<P><STRONG><a name="[45]"></a>apUART_Check_TXFIFO_FULL</STRONG> (Thumb, 10 bytes, Stack size 0 bytes, as32m0_uart.o(i.apUART_Check_TXFIFO_FULL))
<BR><BR>[Called By]<UL><LI><a href="#[32]">&gt;&gt;</a>&nbsp;&nbsp;&nbsp;sendchar
</UL>

<P><STRONG><a name="[39]"></a>apUART_Initialize</STRONG> (Thumb, 116 bytes, Stack size 16 bytes, as32m0_uart.o(i.apUART_Initialize))
<BR><BR>[Stack]<UL><LI>Max Depth = 68<LI>Call Chain = apUART_Initialize &rArr; apUART_BaudRateSet &rArr; __aeabi_uidivmod
</UL>
<BR>[Calls]<UL><LI><a href="#[3a]">&gt;&gt;</a>&nbsp;&nbsp;&nbsp;apUART_Check_RXFIFO_EMPTY
<LI><a href="#[37]">&gt;&gt;</a>&nbsp;&nbsp;&nbsp;apUART_BaudRateSet
</UL>
<BR>[Called By]<UL><LI><a href="#[3b]">&gt;&gt;</a>&nbsp;&nbsp;&nbsp;config_uart0
</UL>

<P><STRONG><a name="[3b]"></a>config_uart0</STRONG> (Thumb, 198 bytes, Stack size 48 bytes, printf_config.o(i.config_uart0))
<BR><BR>[Stack]<UL><LI>Max Depth = 116<LI>Call Chain = config_uart0 &rArr; apUART_Initialize &rArr; apUART_BaudRateSet &rArr; __aeabi_uidivmod
</UL>
<BR>[Calls]<UL><LI><a href="#[3e]">&gt;&gt;</a>&nbsp;&nbsp;&nbsp;PinCtrl_GIOSet
<LI><a href="#[39]">&gt;&gt;</a>&nbsp;&nbsp;&nbsp;apUART_Initialize
<LI><a href="#[3c]">&gt;&gt;</a>&nbsp;&nbsp;&nbsp;SYSCTRL_ClrReset_APB_SCI0
<LI><a href="#[3d]">&gt;&gt;</a>&nbsp;&nbsp;&nbsp;SYSCTRL_ClrReset_APB_PinCtrl
</UL>
<BR>[Called By]<UL><LI><a href="#[17]">&gt;&gt;</a>&nbsp;&nbsp;&nbsp;main
</UL>

<P><STRONG><a name="[40]"></a>delay</STRONG> (Thumb, 10 bytes, Stack size 0 bytes, as32m0_misc.o(i.delay))
<BR><BR>[Called By]<UL><LI><a href="#[41]">&gt;&gt;</a>&nbsp;&nbsp;&nbsp;delay_s
<LI><a href="#[3f]">&gt;&gt;</a>&nbsp;&nbsp;&nbsp;delay_ms
</UL>

<P><STRONG><a name="[3f]"></a>delay_ms</STRONG> (Thumb, 18 bytes, Stack size 4 bytes, as32m0_misc.o(i.delay_ms))
<BR><BR>[Stack]<UL><LI>Max Depth = 4<LI>Call Chain = delay_ms
</UL>
<BR>[Calls]<UL><LI><a href="#[40]">&gt;&gt;</a>&nbsp;&nbsp;&nbsp;delay
</UL>
<BR>[Called By]<UL><LI><a href="#[17]">&gt;&gt;</a>&nbsp;&nbsp;&nbsp;main
</UL>

<P><STRONG><a name="[41]"></a>delay_s</STRONG> (Thumb, 16 bytes, Stack size 4 bytes, as32m0_misc.o(i.delay_s))
<BR><BR>[Stack]<UL><LI>Max Depth = 4<LI>Call Chain = delay_s
</UL>
<BR>[Calls]<UL><LI><a href="#[40]">&gt;&gt;</a>&nbsp;&nbsp;&nbsp;delay
</UL>
<BR>[Called By]<UL><LI><a href="#[17]">&gt;&gt;</a>&nbsp;&nbsp;&nbsp;main
</UL>

<P><STRONG><a name="[1a]"></a>fputc</STRONG> (Thumb, 24 bytes, Stack size 16 bytes, retarget.o(i.fputc))
<BR><BR>[Stack]<UL><LI>Max Depth = 40<LI>Call Chain = fputc &rArr; SER_PutChar &rArr; sendchar
</UL>
<BR>[Calls]<UL><LI><a href="#[31]">&gt;&gt;</a>&nbsp;&nbsp;&nbsp;SER_PutChar
</UL>
<BR>[Address Reference Count : 1]<UL><LI> printf8.o(i.__0printf$8)
</UL>
<P><STRONG><a name="[18]"></a>hardfault_handler_c</STRONG> (Thumb, 108 bytes, Stack size 16 bytes, hardfaulthandler.o(i.hardfault_handler_c))
<BR><BR>[Stack]<UL><LI>Max Depth = 40<LI>Call Chain = hardfault_handler_c &rArr; __2printf
</UL>
<BR>[Calls]<UL><LI><a href="#[42]">&gt;&gt;</a>&nbsp;&nbsp;&nbsp;__2printf
</UL>
<BR>[Address Reference Count : 1]<UL><LI> hardfaulthandler.o(.emb_text)
</UL>
<P><STRONG><a name="[43]"></a>init_SPI</STRONG> (Thumb, 54 bytes, Stack size 16 bytes, example_mx7219.o(i.init_SPI))
<BR><BR>[Stack]<UL><LI>Max Depth = 40<LI>Call Chain = init_SPI &rArr; ssp_config
</UL>
<BR>[Calls]<UL><LI><a href="#[44]">&gt;&gt;</a>&nbsp;&nbsp;&nbsp;ssp_config
<LI><a href="#[3e]">&gt;&gt;</a>&nbsp;&nbsp;&nbsp;PinCtrl_GIOSet
</UL>
<BR>[Called By]<UL><LI><a href="#[17]">&gt;&gt;</a>&nbsp;&nbsp;&nbsp;main
</UL>

<P><STRONG><a name="[17]"></a>main</STRONG> (Thumb, 356 bytes, Stack size 16 bytes, example_mx7219.o(i.main))
<BR><BR>[Stack]<UL><LI>Max Depth = 132<LI>Call Chain = main &rArr; config_uart0 &rArr; apUART_Initialize &rArr; apUART_BaudRateSet &rArr; __aeabi_uidivmod
</UL>
<BR>[Calls]<UL><LI><a href="#[3b]">&gt;&gt;</a>&nbsp;&nbsp;&nbsp;config_uart0
<LI><a href="#[2f]">&gt;&gt;</a>&nbsp;&nbsp;&nbsp;SER_GetChar
<LI><a href="#[43]">&gt;&gt;</a>&nbsp;&nbsp;&nbsp;init_SPI
<LI><a href="#[2c]">&gt;&gt;</a>&nbsp;&nbsp;&nbsp;MAX7219_print_string
<LI><a href="#[27]">&gt;&gt;</a>&nbsp;&nbsp;&nbsp;MAX7219_init
<LI><a href="#[23]">&gt;&gt;</a>&nbsp;&nbsp;&nbsp;MAX7219_clear_all
<LI><a href="#[2d]">&gt;&gt;</a>&nbsp;&nbsp;&nbsp;MAX7219_char_lookup
<LI><a href="#[41]">&gt;&gt;</a>&nbsp;&nbsp;&nbsp;delay_s
<LI><a href="#[3f]">&gt;&gt;</a>&nbsp;&nbsp;&nbsp;delay_ms
<LI><a href="#[3a]">&gt;&gt;</a>&nbsp;&nbsp;&nbsp;apUART_Check_RXFIFO_EMPTY
<LI><a href="#[42]">&gt;&gt;</a>&nbsp;&nbsp;&nbsp;__2printf
</UL>
<BR>[Address Reference Count : 1]<UL><LI> entry9a.o(.ARM.Collect$$$$0000000B)
</UL>
<P><STRONG><a name="[32]"></a>sendchar</STRONG> (Thumb, 28 bytes, Stack size 16 bytes, printf_config.o(i.sendchar))
<BR><BR>[Stack]<UL><LI>Max Depth = 16<LI>Call Chain = sendchar
</UL>
<BR>[Calls]<UL><LI><a href="#[45]">&gt;&gt;</a>&nbsp;&nbsp;&nbsp;apUART_Check_TXFIFO_FULL
<LI><a href="#[46]">&gt;&gt;</a>&nbsp;&nbsp;&nbsp;UART_SendData
</UL>
<BR>[Called By]<UL><LI><a href="#[31]">&gt;&gt;</a>&nbsp;&nbsp;&nbsp;SER_PutChar
</UL>

<P><STRONG><a name="[44]"></a>ssp_config</STRONG> (Thumb, 48 bytes, Stack size 24 bytes, as32m0_ssp.o(i.ssp_config))
<BR><BR>[Stack]<UL><LI>Max Depth = 24<LI>Call Chain = ssp_config
</UL>
<BR>[Calls]<UL><LI><a href="#[47]">&gt;&gt;</a>&nbsp;&nbsp;&nbsp;apSSP_Initialize
<LI><a href="#[48]">&gt;&gt;</a>&nbsp;&nbsp;&nbsp;apSSP_DeviceParametersSet
</UL>
<BR>[Called By]<UL><LI><a href="#[43]">&gt;&gt;</a>&nbsp;&nbsp;&nbsp;init_SPI
</UL>
<P>
<H3>
Local Symbols
</H3>
<P><STRONG><a name="[34]"></a>_printf_core</STRONG> (Thumb, 1020 bytes, Stack size 104 bytes, printf8.o(i._printf_core), UNUSED)
<BR><BR>[Calls]<UL><LI><a href="#[1f]">&gt;&gt;</a>&nbsp;&nbsp;&nbsp;__aeabi_uldivmod
<LI><a href="#[35]">&gt;&gt;</a>&nbsp;&nbsp;&nbsp;_printf_pre_padding
<LI><a href="#[36]">&gt;&gt;</a>&nbsp;&nbsp;&nbsp;_printf_post_padding
</UL>
<BR>[Called By]<UL><LI><a href="#[33]">&gt;&gt;</a>&nbsp;&nbsp;&nbsp;__0printf$8
</UL>

<P><STRONG><a name="[36]"></a>_printf_post_padding</STRONG> (Thumb, 32 bytes, Stack size 24 bytes, printf8.o(i._printf_post_padding), UNUSED)
<BR><BR>[Called By]<UL><LI><a href="#[34]">&gt;&gt;</a>&nbsp;&nbsp;&nbsp;_printf_core
</UL>

<P><STRONG><a name="[35]"></a>_printf_pre_padding</STRONG> (Thumb, 44 bytes, Stack size 40 bytes, printf8.o(i._printf_pre_padding), UNUSED)
<BR><BR>[Called By]<UL><LI><a href="#[34]">&gt;&gt;</a>&nbsp;&nbsp;&nbsp;_printf_core
</UL>
<P>
<H3>
Undefined Global Symbols
</H3><HR></body></html>
