<html>
<body>
<pre>
<h1>µVision Build Log</h1>
<h2>Tool Versions:</h2>
IDE-Version: µVision V5.31.0.0
Copyright (C) 2020 ARM Ltd and ARM Germany GmbH. All rights reserved.
License Information: Henry Chen, DME Electronics, LIC=LSNXV-PE6LX-BSTYX-H8U4U-BIKFD-W25KS
 
Tool Versions:
Toolchain:       MDK-ARM Plus  Version: 5.31.0.0
Toolchain Path:  C:\Keil_v5\ARM\ARMCC\Bin
C Compiler:      Armcc.exe V5.06 update 6 (build 750)
Assembler:       Armasm.exe V5.06 update 6 (build 750)
Linker/Locator:  ArmLink.exe V5.06 update 6 (build 750)
Library Manager: ArmAr.exe V5.06 update 6 (build 750)
Hex Converter:   FromElf.exe V5.06 update 6 (build 750)
CPU DLL:         SARMCM3.DLL V5.31.0.0
Dialog DLL:      DARMCM1.DLL V1.19.3.0
Target DLL:      Segger\JL2CM3.dll V2.99.38.0
Dialog DLL:      TARMCM1.DLL V1.14.2.0
 
<h2>Project:</h2>
D:\A_Projs\as32m0\user\evb2\lcd19264\lcd19264.uvprojx
Project File Date:  11/19/2021

<h2>Output:</h2>
*** Using Compiler 'V5.06 update 6 (build 750)', folder: 'C:\Keil_v5\ARM\ARMCC\Bin'
Rebuild target 'as32m0'
assembling startup_as32m0.s...
compiling system_as32m0.c...
compiling as32m0_dma.c...
compiling as32m0_lvd.c...
compiling as32m0_adc.c...
compiling as32m0_des.c...
..\..\..\FWLib\as32m0_des.c(25): warning:  #177-D: function "des_check_busy"  was declared but never referenced
  static int32_t des_check_busy(void)
..\..\..\FWLib\as32m0_des.c(174): warning:  #177-D: function "set_des_key"  was declared but never referenced
  static void set_des_key(uint32_t key)
..\..\..\FWLib\as32m0_des.c: 2 warnings, 0 errors
compiling as32m0_gpio.c...
compiling as32m0_i2c.c...
compiling as32m0_pinctrl.c...
compiling as32m0_sleep.c...
compiling as32m0_ssp.c...
compiling as32m0_pwm.c...
compiling as32m0_uart.c...
compiling as32m0_timer.c...
compiling as32m0_systick.c...
compiling as32m0_sysctrl.c...
compiling HardFaultHandler.c...
compiling fonts.c...
compiling as32m0_misc.c...
compiling lcd19264.c...
Src\lcd19264.c(195): warning:  #111-D: statement is unreachable
    printf("\n");
Src\lcd19264.c: 1 warning, 0 errors
compiling Retarget.c...
compiling printf_config.c...
compiling UC1609C.c...
linking...
Program Size: Code=5620 RO-data=10580 RW-data=60 ZI-data=3588  
FromELF: creating hex file...
After Build - User command #1: fromelf --bin -o lcd19264.bin ./output/lcd19264.axf
After Build - User command #2: fromelf -c -olcd19264.txt ./output/lcd19264.axf
".\output\lcd19264.axf" - 0 Error(s), 3 Warning(s).

<h2>Software Packages used:</h2>

Package Vendor: ARM
                http://www.keil.com/pack/ARM.CMSIS.5.7.0.pack
                ARM.CMSIS.5.7.0
                CMSIS (Cortex Microcontroller Software Interface Standard)

<h2>Collection of Component include folders:</h2>
  C:\Users\henry\AppData\Local\Arm\Packs\ARM\CMSIS\5.7.0\Device\ARM\ARMCM0\Include

<h2>Collection of Component Files used:</h2>
Build Time Elapsed:  00:00:04
</pre>
</body>
</html>
