<html>
<body>
<pre>
<h1>µVision Build Log</h1>
<h2>Tool Versions:</h2>
IDE-Version: µVision V5.31.0.0
Copyright (C) 2020 ARM Ltd and ARM Germany GmbH. All rights reserved.
License Information: Henry Chen, DME Electronics, LIC=03CTG-V1Q6D-9GZ70-BEW2N-AENBQ-R3H0H
 
Tool Versions:
Toolchain:       MDK-ARM Plus  Version: 5.31.0.0
Toolchain Path:  C:\Keil_v5\ARM\ARMCC\Bin
C Compiler:      Armcc.exe V5.06 update 6 (build 750)
Assembler:       Armasm.exe V5.06 update 6 (build 750)
Linker/Locator:  ArmLink.exe V5.06 update 6 (build 750)
Library Manager: ArmAr.exe V5.06 update 6 (build 750)
Hex Converter:   FromElf.exe V5.06 update 6 (build 750)
CPU DLL:         SARMCM3.DLL V5.31.0.0
Dialog DLL:      DARMCM1.DLL V1.19.3.0
Target DLL:      UL2CM3.DLL V1.163.4.0
Dialog DLL:      TARMCM1.DLL V1.14.2.0
 
<h2>Project:</h2>
D:\A_Projs\as32m0\user\evb2\Timer_example\Timer_example.uvprojx
Project File Date:  05/27/2021

<h2>Output:</h2>
  
Warning: *** SUPPORT EXPIRED, NEW PRODUCT SERIAL NUMBER REQUIRED ***
         *** Running with Code Size Limit: 32K                   ***
*** Using Compiler 'V5.06 update 6 (build 750)', folder: 'C:\Keil_v5\ARM\ARMCC\Bin'
Rebuild target 'as32m0'
assembling startup_as32m0.s...
compiling system_as32m0.c...
compiling as32m0_des.c...
..\..\..\FWLib\as32m0_des.c(25): warning:  #177-D: function "des_check_busy"  was declared but never referenced
  static int32_t des_check_busy(void)
..\..\..\FWLib\as32m0_des.c(174): warning:  #177-D: function "set_des_key"  was declared but never referenced
  static void set_des_key(uint32_t key)
..\..\..\FWLib\as32m0_des.c: 2 warnings, 0 errors
compiling as32m0_i2c.c...
compiling as32m0_adc.c...
compiling as32m0_gpio.c...
compiling as32m0_dma.c...
compiling as32m0_lvd.c...
compiling as32m0_pinctrl.c...
compiling as32m0_sleep.c...
compiling as32m0_pwm.c...
compiling as32m0_ssp.c...
compiling as32m0_systick.c...
compiling as32m0_timer.c...
compiling as32m0_sysctrl.c...
compiling HardFaultHandler.c...
compiling as32m0_uart.c...
compiling as32m0_misc.c...
compiling Timer_example.c...
Timer_example.c(44): warning:  #1-D: last line of file ends without a newline
  }
Timer_example.c: 1 warning, 0 errors
compiling Retarget.c...
compiling printf_config.c...
linking...
Program Size: Code=2868 RO-data=164 RW-data=36 ZI-data=2564  
FromELF: creating hex file...
After Build - User command #1: fromelf --bin -o Timer_example.bin ./output/Timer_example.axf
After Build - User command #2: fromelf -c -o Timer_example.txt ./output/Timer_example.axf
".\output\Timer_example.axf" - 0 Error(s), 4 Warning(s).

<h2>Software Packages used:</h2>

Package Vendor: ARM
                http://www.keil.com/pack/ARM.CMSIS.5.7.0.pack
                ARM.CMSIS.5.7.0
                CMSIS (Cortex Microcontroller Software Interface Standard)

<h2>Collection of Component include folders:</h2>
  C:\Users\henry\AppData\Local\Arm\Packs\ARM\CMSIS\5.7.0\Device\ARM\ARMCM0\Include

<h2>Collection of Component Files used:</h2>
Build Time Elapsed:  00:00:03
</pre>
</body>
</html>
