Component: ARM Compiler 5.06 update 6 (build 750) Tool: armlink [4d35ed]

==============================================================================

Section Cross References

    startup_as32m0.o(RESET) refers to startup_as32m0.o(STACK) for __initial_sp
    startup_as32m0.o(RESET) refers to startup_as32m0.o(.text) for Reset_Handler
    startup_as32m0.o(RESET) refers to hardfaulthandler.o(.emb_text) for HardFault_Handler
    startup_as32m0.o(RESET) refers to as32m0_systick.o(i.SysTick_Handler) for SysTick_Handler
    startup_as32m0.o(RESET) refers to wdg.o(i.n00_WDG_IRQHandler) for n00_WDG_IRQHandler
    startup_as32m0.o(.text) refers to initial_mcu007.o(INITIAL_CODE) for initial_MCU007
    startup_as32m0.o(.text) refers to entry.o(.ARM.Collect$$$$00000000) for __main
    as32m0_adc.o(i.ADC_CONTINUOUS_MODE_GET_RESULT) refers to memseta.o(.text) for __aeabi_memclr4
    as32m0_adc.o(i.ADC_CONTINUOUS_MODE_GET_RESULT) refers to as32m0_adc.o(i.ADC_Config) for ADC_Config
    as32m0_adc.o(i.ADC_CONTINUOUS_MODE_GET_RESULT) refers to as32m0_adc.o(i.ADC_SOC_WRITE) for ADC_SOC_WRITE
    as32m0_adc.o(i.ADC_CONTINUOUS_MODE_GET_RESULT) refers to as32m0_adc.o(i.ADC_DATA_VALID) for ADC_DATA_VALID
    as32m0_adc.o(i.ADC_CONTINUOUS_MODE_GET_RESULT) refers to uidiv.o(.text) for __aeabi_uidivmod
    as32m0_adc.o(i.ADC_DMA_MODE_GET_RESULT) refers to memseta.o(.text) for __aeabi_memclr4
    as32m0_adc.o(i.ADC_DMA_MODE_GET_RESULT) refers to as32m0_dma.o(i.DMA_LittleEndian) for DMA_LittleEndian
    as32m0_adc.o(i.ADC_DMA_MODE_GET_RESULT) refers to as32m0_dma.o(i.DMA_Enable_Sync) for DMA_Enable_Sync
    as32m0_adc.o(i.ADC_DMA_MODE_GET_RESULT) refers to as32m0_adc.o(i.ADC_Config) for ADC_Config
    as32m0_adc.o(i.ADC_DMA_MODE_GET_RESULT) refers to as32m0_adc.o(i.ADC_SAMPLE_NUM) for ADC_SAMPLE_NUM
    as32m0_adc.o(i.ADC_DMA_MODE_GET_RESULT) refers to as32m0_dma.o(i.DMA_Enable) for DMA_Enable
    as32m0_adc.o(i.ADC_DMA_MODE_GET_RESULT) refers to as32m0_dma.o(i.DMA_SetChannelReg) for DMA_SetChannelReg
    as32m0_adc.o(i.ADC_DMA_MODE_GET_RESULT) refers to as32m0_adc.o(i.ADC_SOC_WRITE) for ADC_SOC_WRITE
    as32m0_adc.o(i.ADC_DMA_MODE_GET_RESULT) refers to as32m0_dma.o(i.DMA_GetActiveChannels) for DMA_GetActiveChannels
    as32m0_adc.o(i.ADC_DMA_MODE_GET_RESULT) refers to as32m0_dma.o(i.DMA_Disable) for DMA_Disable
    as32m0_adc.o(i.ADC_DMA_MODE_GET_RESULT) refers to uidiv.o(.text) for __aeabi_uidivmod
    as32m0_adc.o(i.ADC_INIT_MODE) refers to as32m0_adc.o(i.ADC_CLR_CLK_GATE) for ADC_CLR_CLK_GATE
    as32m0_adc.o(i.ADC_INIT_MODE) refers to as32m0_adc.o(i.ADC_NOT_RESET) for ADC_NOT_RESET
    as32m0_adc.o(i.ADC_INIT_MODE) refers to as32m0_adc.o(i.ADC_MODE_CONFIG) for ADC_MODE_CONFIG
    as32m0_adc.o(i.ADC_INIT_MODE) refers to as32m0_adc.o(i.ADC_CLOCK_DIV) for ADC_CLOCK_DIV
    as32m0_adc.o(i.ADC_INIT_MODE) refers to as32m0_adc.o(i.ADC_Config) for ADC_Config
    as32m0_adc.o(i.ADC_SHOT_MODE_GET_RESULT) refers to memseta.o(.text) for __aeabi_memclr4
    as32m0_adc.o(i.ADC_SHOT_MODE_GET_RESULT) refers to as32m0_adc.o(i.ADC_Config) for ADC_Config
    as32m0_adc.o(i.ADC_SHOT_MODE_GET_RESULT) refers to as32m0_adc.o(i.ADC_SOC_WRITE) for ADC_SOC_WRITE
    as32m0_adc.o(i.ADC_SHOT_MODE_GET_RESULT) refers to as32m0_adc.o(i.ADC_DATA_VALID) for ADC_DATA_VALID
    as32m0_adc.o(i.ADC_SHOT_MODE_GET_RESULT) refers to as32m0_adc.o(i.ADC_DATA_READ) for ADC_DATA_READ
    as32m0_adc.o(i.ADC_SHOT_MODE_GET_RESULT) refers to uidiv.o(.text) for __aeabi_uidivmod
    as32m0_adc.o(i.adc_shot_test) refers to memseta.o(.text) for __aeabi_memclr4
    as32m0_adc.o(i.adc_shot_test) refers to as32m0_adc.o(i.ADC_CLR_CLK_GATE) for ADC_CLR_CLK_GATE
    as32m0_adc.o(i.adc_shot_test) refers to as32m0_adc.o(i.ADC_NOT_RESET) for ADC_NOT_RESET
    as32m0_adc.o(i.adc_shot_test) refers to as32m0_adc.o(i.ADC_MODE_CONFIG) for ADC_MODE_CONFIG
    as32m0_adc.o(i.adc_shot_test) refers to as32m0_adc.o(i.ADC_CLOCK_DIV) for ADC_CLOCK_DIV
    as32m0_adc.o(i.adc_shot_test) refers to as32m0_adc.o(i.ADC_Config) for ADC_Config
    as32m0_adc.o(i.adc_shot_test) refers to as32m0_adc.o(i.ADC_SOC_WRITE) for ADC_SOC_WRITE
    as32m0_adc.o(i.adc_shot_test) refers to as32m0_adc.o(i.ADC_DATA_VALID) for ADC_DATA_VALID
    as32m0_adc.o(i.adc_shot_test) refers to as32m0_adc.o(i.ADC_DATA_READ) for ADC_DATA_READ
    as32m0_adc.o(i.adc_shot_test) refers to uidiv.o(.text) for __aeabi_uidivmod
    as32m0_dma.o(i.DMA_Data_Transfer) refers to as32m0_dma.o(i.DMA_SetChControl) for DMA_SetChControl
    as32m0_dma.o(i.DMA_Data_Transfer) refers to uidiv.o(.text) for __aeabi_uidivmod
    as32m0_dma.o(i.DMA_Data_Transfer) refers to as32m0_dma.o(i.DMA_SetChConfig) for DMA_SetChConfig
    as32m0_dma.o(i.DMA_SetChannelReg) refers to as32m0_dma.o(i.DMA_SetChLLI) for DMA_SetChLLI
    as32m0_dma.o(i.DMA_SetChannelReg) refers to as32m0_dma.o(i.DMA_SetChControl) for DMA_SetChControl
    as32m0_dma.o(i.DMA_SetChannelReg) refers to as32m0_dma.o(i.DMA_SetChConfig) for DMA_SetChConfig
[...]
    as32m0_i2c.o(i.I2C_SlaveConfig) refers to as32m0_i2c.o(i.I2C_SCL_LCNT) for I2C_SCL_LCNT
    as32m0_i2c.o(i.I2C_SlaveConfig) refers to as32m0_i2c.o(i.I2C_SCL_HCNT) for I2C_SCL_HCNT
    as32m0_i2c.o(i.I2C_SlaveConfig) refers to as32m0_i2c.o(i.I2C_TransFifoSet) for I2C_TransFifoSet
    as32m0_i2c.o(i.I2C_SlaveConfig) refers to as32m0_i2c.o(i.I2C_ReceFifoSet) for I2C_ReceFifoSet
    as32m0_i2c.o(i.I2C_SlaveConfig) refers to as32m0_i2c.o(i.I2C_ENABLE) for I2C_ENABLE
    as32m0_i2c.o(i.I2C_TransFifoSet) refers to printf5.o(i.__0printf$5) for __2printf
    as32m0_lvd.o(i.LVD_Init) refers to as32m0_lvd.o(i.LVD_Filter_Enable) for LVD_Filter_Enable
    as32m0_lvd.o(i.LVD_Init) refers to as32m0_lvd.o(i.LVD_Enable) for LVD_Enable
    as32m0_pwm.o(i.apPWM_Config) refers to as32m0_pwm.o(i.apPWM_Check_CMD_Busy) for apPWM_Check_CMD_Busy
    as32m0_pwm.o(i.apPWM_Config) refers to as32m0_pwm.o(i.apPWM_Int_Enable) for apPWM_Int_Enable
    as32m0_pwm.o(i.apPWM_Config) refers to as32m0_pwm.o(i.apPWM_Enable) for apPWM_Enable
    as32m0_pwm.o(i.apPWM_DZConfig) refers to as32m0_pwm.o(i.apPWM_Check_CMD_Busy) for apPWM_Check_CMD_Busy
    as32m0_pwm.o(i.apPWM_DZConfig) refers to uidiv.o(.text) for __aeabi_uidivmod
    as32m0_pwm.o(i.apPWM_DZConfig) refers to as32m0_pwm.o(i.apPWM_Int_Enable) for apPWM_Int_Enable
    as32m0_pwm.o(i.apPWM_DZConfig) refers to as32m0_pwm.o(i.apPWM_Enable) for apPWM_Enable
    as32m0_pwm.o(i.apPWM_Set_Cycle) refers to as32m0_pwm.o(i.apPWM_Check_CMD_Busy) for apPWM_Check_CMD_Busy
    as32m0_pwm.o(i.apPWM_Set_Cycle) refers to uidiv.o(.text) for __aeabi_uidivmod
    as32m0_ssp.o(i.ssp_config) refers to as32m0_ssp.o(i.apSSP_Initialize) for apSSP_Initialize
    as32m0_ssp.o(i.ssp_config) refers to as32m0_ssp.o(i.apSSP_DeviceParametersSet) for apSSP_DeviceParametersSet
    as32m0_ssp.o(i.ssp_get_byte) refers to as32m0_ssp.o(i.apSSP_DeviceEnable) for apSSP_DeviceEnable
    as32m0_ssp.o(i.ssp_get_byte) refers to as32m0_ssp.o(i.apSSP_DeviceBusyGet) for apSSP_DeviceBusyGet
    as32m0_ssp.o(i.ssp_get_byte) refers to as32m0_ssp.o(i.apSSP_DeviceDisable) for apSSP_DeviceDisable
    as32m0_ssp.o(i.ssp_get_byte) refers to as32m0_ssp.o(i.apSSP_ReadFIFO) for apSSP_ReadFIFO
    as32m0_ssp.o(i.ssp_send_byte) refers to as32m0_ssp.o(i.apSSP_DeviceEnable) for apSSP_DeviceEnable
    as32m0_ssp.o(i.ssp_send_byte) refers to as32m0_ssp.o(i.apSSP_DeviceBusyGet) for apSSP_DeviceBusyGet
    as32m0_ssp.o(i.ssp_send_byte) refers to as32m0_ssp.o(i.apSSP_DeviceDisable) for apSSP_DeviceDisable
    as32m0_ssp.o(i.ssp_send_byte) refers to as32m0_ssp.o(i.apSSP_ReadFIFO) for apSSP_ReadFIFO
    as32m0_systick.o(i.SysTick_Handler) refers to as32m0_systick.o(.data) for systick_reload_num
    as32m0_systick.o(i.systick_delay_ms) refers to uidiv.o(.text) for __aeabi_uidivmod
    as32m0_systick.o(i.systick_delay_ms) refers to as32m0_systick.o(.data) for fac_ms
    as32m0_systick.o(i.systick_delay_s) refers to uidiv.o(.text) for __aeabi_uidivmod
    as32m0_systick.o(i.systick_delay_s) refers to as32m0_systick.o(.data) for fac_s
    as32m0_systick.o(i.systick_delay_us) refers to as32m0_systick.o(.data) for fac_us
    as32m0_systick.o(i.systick_get_ms) refers to uidiv.o(.text) for __aeabi_uidivmod
    as32m0_systick.o(i.systick_get_ms) refers to as32m0_systick.o(.data) for systick_reload_num
    as32m0_systick.o(i.systick_get_s) refers to uidiv.o(.text) for __aeabi_uidivmod
    as32m0_systick.o(i.systick_get_s) refers to as32m0_systick.o(.data) for systick_reload_num
    as32m0_systick.o(i.systick_get_us) refers to uidiv.o(.text) for __aeabi_uidivmod
    as32m0_systick.o(i.systick_get_us) refers to as32m0_systick.o(.data) for systick_reload_num
    as32m0_systick.o(i.systick_initialize) refers to uidiv.o(.text) for __aeabi_uidivmod
    as32m0_systick.o(i.systick_initialize) refers to as32m0_systick.o(.data) for fac_s
    as32m0_systick.o(i.systick_uninitialize) refers to as32m0_systick.o(.data) for systick_reload_num
    as32m0_uart.o(i.UART_LoopModeSet) refers to as32m0_uart.o(i.apUART_Check_BUSY) for apUART_Check_BUSY
    as32m0_uart.o(i.apUART_BaudRateGet) refers to dfltui.o(.text) for __aeabi_ui2d
    as32m0_uart.o(i.apUART_BaudRateGet) refers to dadd.o(.text) for __aeabi_dsub
    as32m0_uart.o(i.apUART_BaudRateGet) refers to ddiv.o(.text) for __aeabi_ddiv
    as32m0_uart.o(i.apUART_BaudRateGet) refers to d2f.o(.text) for __aeabi_d2f
    as32m0_uart.o(i.apUART_BaudRateGet) refers to ffltui.o(.text) for __aeabi_ui2f
    as32m0_uart.o(i.apUART_BaudRateGet) refers to fdiv.o(.text) for __aeabi_fdiv
    as32m0_uart.o(i.apUART_BaudRateGet) refers to ffixui.o(.text) for __aeabi_f2uiz
    as32m0_uart.o(i.apUART_BaudRateGet) refers to uidiv.o(.text) for __aeabi_uidivmod
    as32m0_uart.o(i.apUART_BaudRateSet) refers to uidiv.o(.text) for __aeabi_uidivmod
    as32m0_uart.o(i.apUART_Initialize) refers to as32m0_uart.o(i.apUART_BaudRateSet) for apUART_BaudRateSet
    as32m0_uart.o(i.apUART_Initialize) refers to as32m0_uart.o(i.apUART_Check_RXFIFO_EMPTY) for apUART_Check_RXFIFO_EMPTY
    hardfaulthandler.o(.emb_text) refers to hardfaulthandler.o(i.hardfault_handler_c) for hardfault_handler_c
    hardfaulthandler.o(i.hardfault_handler_c) refers to printf5.o(i.__0printf$5) for __2printf
    hardfaulthandler.o(i.hardfault_handler_c) refers to hardfaulthandler.o(.data) for _Continue
    as32m0_misc.o(i.breakpoint_key) refers to printf5.o(i.__0printf$5) for __2printf
    as32m0_misc.o(i.breakpoint_key) refers to as32m0_uart.o(i.apUART_Check_RXFIFO_EMPTY) for apUART_Check_RXFIFO_EMPTY
    as32m0_misc.o(i.breakpoint_key) refers to as32m0_uart.o(i.UART_ReceData) for UART_ReceData
    wdg.o(i.main) refers to printf_config.o(i.config_uart0) for config_uart0
    wdg.o(i.main) refers to printf5.o(i.__0printf$5) for __2printf
    wdg.o(i.main) refers to as32m0_uart.o(i.apUART_Check_BUSY) for apUART_Check_BUSY
    wdg.o(i.main) refers to wdg.o(i.test_wdg) for test_wdg
    wdg.o(i.main) refers to retarget.o(i._sys_exit) for _sys_exit
    wdg.o(i.n00_WDG_IRQHandler) refers to printf5.o(i.__0printf$5) for __2printf
    wdg.o(i.n00_WDG_IRQHandler) refers to as32m0_timer.o(i.WatchDog_Int_Clr) for WatchDog_Int_Clr
    wdg.o(i.n00_WDG_IRQHandler) refers to as32m0_timer.o(i.WDG_Int_Disable) for WDG_Int_Disable
    wdg.o(i.n00_WDG_IRQHandler) refers to wdg.o(.data) for wdg_teset
    wdg.o(i.test_wdg) refers to as32m0_timer.o(i.WatchDog_Reset_Happened) for WatchDog_Reset_Happened
    wdg.o(i.test_wdg) refers to printf5.o(i.__0printf$5) for __2printf
    wdg.o(i.test_wdg) refers to as32m0_timer.o(i.TMR_Clr_CNT) for TMR_Clr_CNT
    wdg.o(i.test_wdg) refers to as32m0_timer.o(i.TMR_Set_CMP) for TMR_Set_CMP
    wdg.o(i.test_wdg) refers to as32m0_timer.o(i.TMR_Set_Op_Mode) for TMR_Set_Op_Mode
    wdg.o(i.test_wdg) refers to as32m0_timer.o(i.WDG_Reset_Disable) for WDG_Reset_Disable
    wdg.o(i.test_wdg) refers to as32m0_timer.o(i.WDG_Int_Enable) for WDG_Int_Enable
    wdg.o(i.test_wdg) refers to as32m0_timer.o(i.WDG_Enable) for WDG_Enable
    wdg.o(i.test_wdg) refers to as32m0_timer.o(i.WDG_Reset_Enable) for WDG_Reset_Enable
    wdg.o(i.test_wdg) refers to wdg.o(.data) for wdg_tmr_irq_happened_times
    printf_config.o(i.SER_GetChar) refers to as32m0_uart.o(i.UART_ReceData) for UART_ReceData
    printf_config.o(i.SER_PutChar) refers to printf_config.o(i.sendchar) for sendchar
    printf_config.o(i.SER_PutChar1) refers to printf_config.o(i.sendchar) for sendchar
    printf_config.o(i.config_uart) refers to as32m0_sysctrl.o(i.SYSCTRL_ClrReset_APB_SCI0) for SYSCTRL_ClrReset_APB_SCI0
    printf_config.o(i.config_uart) refers to as32m0_sysctrl.o(i.SYSCTRL_ClrReset_APB_SCI1) for SYSCTRL_ClrReset_APB_SCI1
    printf_config.o(i.config_uart) refers to as32m0_sysctrl.o(i.SYSCTRL_ClrReset_APB_PinCtrl) for SYSCTRL_ClrReset_APB_PinCtrl
    printf_config.o(i.config_uart) refers to as32m0_pinctrl.o(i.PinCtrl_GIOSet) for PinCtrl_GIOSet
    printf_config.o(i.config_uart) refers to as32m0_uart.o(i.apUART_Initialize) for apUART_Initialize
    printf_config.o(i.config_uart0) refers to as32m0_sysctrl.o(i.SYSCTRL_ClrReset_APB_SCI0) for SYSCTRL_ClrReset_APB_SCI0
    printf_config.o(i.config_uart0) refers to as32m0_sysctrl.o(i.SYSCTRL_ClrReset_APB_PinCtrl) for SYSCTRL_ClrReset_APB_PinCtrl
    printf_config.o(i.config_uart0) refers to as32m0_pinctrl.o(i.PinCtrl_GIOSet) for PinCtrl_GIOSet
    printf_config.o(i.config_uart0) refers to as32m0_uart.o(i.apUART_Initialize) for apUART_Initialize
    printf_config.o(i.config_uart1) refers to as32m0_sysctrl.o(i.SYSCTRL_ClrReset_APB_SCI1) for SYSCTRL_ClrReset_APB_SCI1
    printf_config.o(i.config_uart1) refers to as32m0_sysctrl.o(i.SYSCTRL_ClrReset_APB_PinCtrl) for SYSCTRL_ClrReset_APB_PinCtrl
    printf_config.o(i.config_uart1) refers to as32m0_pinctrl.o(i.PinCtrl_GIOSet) for PinCtrl_GIOSet
    printf_config.o(i.config_uart1) refers to as32m0_uart.o(i.apUART_Initialize) for apUART_Initialize
    printf_config.o(i.sendchar) refers to as32m0_uart.o(i.apUART_Check_TXFIFO_FULL) for apUART_Check_TXFIFO_FULL
    printf_config.o(i.sendchar) refers to as32m0_uart.o(i.UART_SendData) for UART_SendData
    retarget.o(i._ttywrch) refers to printf_config.o(i.SER_PutChar) for SER_PutChar
    retarget.o(i.fgetc) refers to as32m0_uart.o(i.apUART_Check_RXFIFO_EMPTY) for apUART_Check_RXFIFO_EMPTY
    retarget.o(i.fgetc) refers to printf_config.o(i.SER_GetChar) for SER_GetChar
    retarget.o(i.fgetc) refers to printf_config.o(i.SER_PutChar) for SER_PutChar
    retarget.o(i.fputc) refers to printf_config.o(i.SER_PutChar) for SER_PutChar
    entry.o(.ARM.Collect$$$$00000000) refers (Special) to entry10a.o(.ARM.Collect$$$$0000000D) for __rt_final_cpp
    entry.o(.ARM.Collect$$$$00000000) refers (Special) to entry11a.o(.ARM.Collect$$$$0000000F) for __rt_final_exit
    entry.o(.ARM.Collect$$$$00000000) refers (Special) to entry7b.o(.ARM.Collect$$$$00000008) for _main_clock
    entry.o(.ARM.Collect$$$$00000000) refers (Special) to entry8b.o(.ARM.Collect$$$$0000000A) for _main_cpp_init
    entry.o(.ARM.Collect$$$$00000000) refers (Special) to entry9a.o(.ARM.Collect$$$$0000000B) for _main_init
    entry.o(.ARM.Collect$$$$00000000) refers (Special) to entry5.o(.ARM.Collect$$$$00000004) for _main_scatterload
    entry.o(.ARM.Collect$$$$00000000) refers (Special) to entry2.o(.ARM.Collect$$$$00000001) for _main_stk
    printfb.o(i.__0fprintf$bare) refers to printfb.o(i._printf_core) for _printf_core
    printfb.o(i.__0fprintf$bare) refers to retarget.o(i.fputc) for fputc
    printfb.o(i.__0printf$bare) refers to printfb.o(i._printf_core) for _printf_core
    printfb.o(i.__0printf$bare) refers to retarget.o(i.fputc) for fputc
    printfb.o(i.__0printf$bare) refers to retarget.o(.data) for __stdout
    printfb.o(i.__0snprintf$bare) refers to printfb.o(i._printf_core) for _printf_core
    printfb.o(i.__0snprintf$bare) refers to printfb.o(i._snputc) for _snputc
    printfb.o(i.__0sprintf$bare) refers to printfb.o(i._printf_core) for _printf_core
    printfb.o(i.__0sprintf$bare) refers to printfb.o(i._sputc) for _sputc
    printfb.o(i.__0vfprintf$bare) refers to printfb.o(i._printf_core) for _printf_core
    printfb.o(i.__0vfprintf$bare) refers to retarget.o(i.fputc) for fputc
    printfb.o(i.__0vprintf$bare) refers to printfb.o(i._printf_core) for _printf_core
    printfb.o(i.__0vprintf$bare) refers to retarget.o(i.fputc) for fputc
    printfb.o(i.__0vprintf$bare) refers to retarget.o(.data) for __stdout
    printfb.o(i.__0vsnprintf$bare) refers to printfb.o(i._printf_core) for _printf_core
    printfb.o(i.__0vsnprintf$bare) refers to printfb.o(i._snputc) for _snputc
    printfb.o(i.__0vsprintf$bare) refers to printfb.o(i._printf_core) for _printf_core
    printfb.o(i.__0vsprintf$bare) refers to printfb.o(i._sputc) for _sputc
    printf0.o(i.__0fprintf$0) refers to printf0.o(i._printf_core) for _printf_core
    printf0.o(i.__0fprintf$0) refers to retarget.o(i.fputc) for fputc
    printf0.o(i.__0printf$0) refers to printf0.o(i._printf_core) for _printf_core
    printf0.o(i.__0printf$0) refers to retarget.o(i.fputc) for fputc
    printf0.o(i.__0printf$0) refers to retarget.o(.data) for __stdout
    printf0.o(i.__0snprintf$0) refers to printf0.o(i._printf_core) for _printf_core
    printf0.o(i.__0snprintf$0) refers to printf0.o(i._snputc) for _snputc
    printf0.o(i.__0sprintf$0) refers to printf0.o(i._printf_core) for _printf_core
    printf0.o(i.__0sprintf$0) refers to printf0.o(i._sputc) for _sputc
    printf0.o(i.__0vfprintf$0) refers to printf0.o(i._printf_core) for _printf_core
    printf0.o(i.__0vfprintf$0) refers to retarget.o(i.fputc) for fputc
    printf0.o(i.__0vprintf$0) refers to printf0.o(i._printf_core) for _printf_core
    printf0.o(i.__0vprintf$0) refers to retarget.o(i.fputc) for fputc
    printf0.o(i.__0vprintf$0) refers to retarget.o(.data) for __stdout
    printf0.o(i.__0vsnprintf$0) refers to printf0.o(i._printf_core) for _printf_core
    printf0.o(i.__0vsnprintf$0) refers to printf0.o(i._snputc) for _snputc
    printf0.o(i.__0vsprintf$0) refers to printf0.o(i._printf_core) for _printf_core
    printf0.o(i.__0vsprintf$0) refers to printf0.o(i._sputc) for _sputc
    printf1.o(i.__0fprintf$1) refers to printf1.o(i._printf_core) for _printf_core
    printf1.o(i.__0fprintf$1) refers to retarget.o(i.fputc) for fputc
    printf1.o(i.__0printf$1) refers to printf1.o(i._printf_core) for _printf_core
    printf1.o(i.__0printf$1) refers to retarget.o(i.fputc) for fputc
    printf1.o(i.__0printf$1) refers to retarget.o(.data) for __stdout
    printf1.o(i.__0snprintf$1) refers to printf1.o(i._printf_core) for _printf_core
    printf1.o(i.__0snprintf$1) refers to printf1.o(i._snputc) for _snputc
    printf1.o(i.__0sprintf$1) refers to printf1.o(i._printf_core) for _printf_core
    printf1.o(i.__0sprintf$1) refers to printf1.o(i._sputc) for _sputc
    printf1.o(i.__0vfprintf$1) refers to printf1.o(i._printf_core) for _printf_core
    printf1.o(i.__0vfprintf$1) refers to retarget.o(i.fputc) for fputc
    printf1.o(i.__0vprintf$1) refers to printf1.o(i._printf_core) for _printf_core
    printf1.o(i.__0vprintf$1) refers to retarget.o(i.fputc) for fputc
    printf1.o(i.__0vprintf$1) refers to retarget.o(.data) for __stdout
    printf1.o(i.__0vsnprintf$1) refers to printf1.o(i._printf_core) for _printf_core
    printf1.o(i.__0vsnprintf$1) refers to printf1.o(i._snputc) for _snputc
    printf1.o(i.__0vsprintf$1) refers to printf1.o(i._printf_core) for _printf_core
    printf1.o(i.__0vsprintf$1) refers to printf1.o(i._sputc) for _sputc
    printf1.o(i._printf_core) refers to uidiv.o(.text) for __aeabi_uidivmod
    printf2.o(i.__0fprintf$2) refers to printf2.o(i._printf_core) for _printf_core
    printf2.o(i.__0fprintf$2) refers to retarget.o(i.fputc) for fputc
    printf2.o(i.__0printf$2) refers to printf2.o(i._printf_core) for _printf_core
    printf2.o(i.__0printf$2) refers to retarget.o(i.fputc) for fputc
    printf2.o(i.__0printf$2) refers to retarget.o(.data) for __stdout
    printf2.o(i.__0snprintf$2) refers to printf2.o(i._printf_core) for _printf_core
    printf2.o(i.__0snprintf$2) refers to printf2.o(i._snputc) for _snputc
    printf2.o(i.__0sprintf$2) refers to printf2.o(i._printf_core) for _printf_core
    printf2.o(i.__0sprintf$2) refers to printf2.o(i._sputc) for _sputc
    printf2.o(i.__0vfprintf$2) refers to printf2.o(i._printf_core) for _printf_core
    printf2.o(i.__0vfprintf$2) refers to retarget.o(i.fputc) for fputc
    printf2.o(i.__0vprintf$2) refers to printf2.o(i._printf_core) for _printf_core
    printf2.o(i.__0vprintf$2) refers to retarget.o(i.fputc) for fputc
    printf2.o(i.__0vprintf$2) refers to retarget.o(.data) for __stdout
    printf2.o(i.__0vsnprintf$2) refers to printf2.o(i._printf_core) for _printf_core
    printf2.o(i.__0vsnprintf$2) refers to printf2.o(i._snputc) for _snputc
    printf2.o(i.__0vsprintf$2) refers to printf2.o(i._printf_core) for _printf_core
    printf2.o(i.__0vsprintf$2) refers to printf2.o(i._sputc) for _sputc
    printf3.o(i.__0fprintf$3) refers to printf3.o(i._printf_core) for _printf_core
    printf3.o(i.__0fprintf$3) refers to retarget.o(i.fputc) for fputc
    printf3.o(i.__0printf$3) refers to printf3.o(i._printf_core) for _printf_core
    printf3.o(i.__0printf$3) refers to retarget.o(i.fputc) for fputc
    printf3.o(i.__0printf$3) refers to retarget.o(.data) for __stdout
    printf3.o(i.__0snprintf$3) refers to printf3.o(i._printf_core) for _printf_core
    printf3.o(i.__0snprintf$3) refers to printf3.o(i._snputc) for _snputc
    printf3.o(i.__0sprintf$3) refers to printf3.o(i._printf_core) for _printf_core
    printf3.o(i.__0sprintf$3) refers to printf3.o(i._sputc) for _sputc
    printf3.o(i.__0vfprintf$3) refers to printf3.o(i._printf_core) for _printf_core
    printf3.o(i.__0vfprintf$3) refers to retarget.o(i.fputc) for fputc
    printf3.o(i.__0vprintf$3) refers to printf3.o(i._printf_core) for _printf_core
    printf3.o(i.__0vprintf$3) refers to retarget.o(i.fputc) for fputc
    printf3.o(i.__0vprintf$3) refers to retarget.o(.data) for __stdout
    printf3.o(i.__0vsnprintf$3) refers to printf3.o(i._printf_core) for _printf_core
    printf3.o(i.__0vsnprintf$3) refers to printf3.o(i._snputc) for _snputc
    printf3.o(i.__0vsprintf$3) refers to printf3.o(i._printf_core) for _printf_core
    printf3.o(i.__0vsprintf$3) refers to printf3.o(i._sputc) for _sputc
    printf3.o(i._printf_core) refers to uidiv.o(.text) for __aeabi_uidivmod
    printf4.o(i.__0fprintf$4) refers to printf4.o(i._printf_core) for _printf_core
    printf4.o(i.__0fprintf$4) refers to retarget.o(i.fputc) for fputc
    printf4.o(i.__0printf$4) refers to printf4.o(i._printf_core) for _printf_core
    printf4.o(i.__0printf$4) refers to retarget.o(i.fputc) for fputc
    printf4.o(i.__0printf$4) refers to retarget.o(.data) for __stdout
    printf4.o(i.__0snprintf$4) refers to printf4.o(i._printf_core) for _printf_core
    printf4.o(i.__0snprintf$4) refers to printf4.o(i._snputc) for _snputc
    printf4.o(i.__0sprintf$4) refers to printf4.o(i._printf_core) for _printf_core
    printf4.o(i.__0sprintf$4) refers to printf4.o(i._sputc) for _sputc
    printf4.o(i.__0vfprintf$4) refers to printf4.o(i._printf_core) for _printf_core
    printf4.o(i.__0vfprintf$4) refers to retarget.o(i.fputc) for fputc
    printf4.o(i.__0vprintf$4) refers to printf4.o(i._printf_core) for _printf_core
    printf4.o(i.__0vprintf$4) refers to retarget.o(i.fputc) for fputc
    printf4.o(i.__0vprintf$4) refers to retarget.o(.data) for __stdout
    printf4.o(i.__0vsnprintf$4) refers to printf4.o(i._printf_core) for _printf_core
    printf4.o(i.__0vsnprintf$4) refers to printf4.o(i._snputc) for _snputc
    printf4.o(i.__0vsprintf$4) refers to printf4.o(i._printf_core) for _printf_core
    printf4.o(i.__0vsprintf$4) refers to printf4.o(i._sputc) for _sputc
    printf4.o(i._printf_core) refers to uldiv.o(.text) for __aeabi_uldivmod
    printf5.o(i.__0fprintf$5) refers to printf5.o(i._printf_core) for _printf_core
    printf5.o(i.__0fprintf$5) refers to retarget.o(i.fputc) for fputc
    printf5.o(i.__0printf$5) refers to printf5.o(i._printf_core) for _printf_core
    printf5.o(i.__0printf$5) refers to retarget.o(i.fputc) for fputc
    printf5.o(i.__0printf$5) refers to retarget.o(.data) for __stdout
    printf5.o(i.__0snprintf$5) refers to printf5.o(i._printf_core) for _printf_core
    printf5.o(i.__0snprintf$5) refers to printf5.o(i._snputc) for _snputc
    printf5.o(i.__0sprintf$5) refers to printf5.o(i._printf_core) for _printf_core
    printf5.o(i.__0sprintf$5) refers to printf5.o(i._sputc) for _sputc
    printf5.o(i.__0vfprintf$5) refers to printf5.o(i._printf_core) for _printf_core
    printf5.o(i.__0vfprintf$5) refers to retarget.o(i.fputc) for fputc
    printf5.o(i.__0vprintf$5) refers to printf5.o(i._printf_core) for _printf_core
    printf5.o(i.__0vprintf$5) refers to retarget.o(i.fputc) for fputc
    printf5.o(i.__0vprintf$5) refers to retarget.o(.data) for __stdout
    printf5.o(i.__0vsnprintf$5) refers to printf5.o(i._printf_core) for _printf_core
    printf5.o(i.__0vsnprintf$5) refers to printf5.o(i._snputc) for _snputc
    printf5.o(i.__0vsprintf$5) refers to printf5.o(i._printf_core) for _printf_core
    printf5.o(i.__0vsprintf$5) refers to printf5.o(i._sputc) for _sputc
    printf5.o(i._printf_core) refers to uldiv.o(.text) for __aeabi_uldivmod
    printf6.o(i.__0fprintf$6) refers to printf6.o(i._printf_core) for _printf_core
    printf6.o(i.__0fprintf$6) refers to retarget.o(i.fputc) for fputc
    printf6.o(i.__0printf$6) refers to printf6.o(i._printf_core) for _printf_core
    printf6.o(i.__0printf$6) refers to retarget.o(i.fputc) for fputc
    printf6.o(i.__0printf$6) refers to retarget.o(.data) for __stdout
    printf6.o(i.__0snprintf$6) refers to printf6.o(i._printf_core) for _printf_core
    printf6.o(i.__0snprintf$6) refers to printf6.o(i._snputc) for _snputc
    printf6.o(i.__0sprintf$6) refers to printf6.o(i._printf_core) for _printf_core
    printf6.o(i.__0sprintf$6) refers to printf6.o(i._sputc) for _sputc
    printf6.o(i.__0vfprintf$6) refers to printf6.o(i._printf_core) for _printf_core
    printf6.o(i.__0vfprintf$6) refers to retarget.o(i.fputc) for fputc
    printf6.o(i.__0vprintf$6) refers to printf6.o(i._printf_core) for _printf_core
    printf6.o(i.__0vprintf$6) refers to retarget.o(i.fputc) for fputc
    printf6.o(i.__0vprintf$6) refers to retarget.o(.data) for __stdout
    printf6.o(i.__0vsnprintf$6) refers to printf6.o(i._printf_core) for _printf_core
    printf6.o(i.__0vsnprintf$6) refers to printf6.o(i._snputc) for _snputc
    printf6.o(i.__0vsprintf$6) refers to printf6.o(i._printf_core) for _printf_core
    printf6.o(i.__0vsprintf$6) refers to printf6.o(i._sputc) for _sputc
    printf6.o(i._printf_core) refers to printf6.o(i._printf_pre_padding) for _printf_pre_padding
    printf6.o(i._printf_core) refers to printf6.o(i._printf_post_padding) for _printf_post_padding
    printf6.o(i._printf_core) refers to uidiv.o(.text) for __aeabi_uidivmod
    printf7.o(i.__0fprintf$7) refers to printf7.o(i._printf_core) for _printf_core
    printf7.o(i.__0fprintf$7) refers to retarget.o(i.fputc) for fputc
    printf7.o(i.__0printf$7) refers to printf7.o(i._printf_core) for _printf_core
    printf7.o(i.__0printf$7) refers to retarget.o(i.fputc) for fputc
    printf7.o(i.__0printf$7) refers to retarget.o(.data) for __stdout
    printf7.o(i.__0snprintf$7) refers to printf7.o(i._printf_core) for _printf_core
    printf7.o(i.__0snprintf$7) refers to printf7.o(i._snputc) for _snputc
    printf7.o(i.__0sprintf$7) refers to printf7.o(i._printf_core) for _printf_core
    printf7.o(i.__0sprintf$7) refers to printf7.o(i._sputc) for _sputc
    printf7.o(i.__0vfprintf$7) refers to printf7.o(i._printf_core) for _printf_core
    printf7.o(i.__0vfprintf$7) refers to retarget.o(i.fputc) for fputc
    printf7.o(i.__0vprintf$7) refers to printf7.o(i._printf_core) for _printf_core
    printf7.o(i.__0vprintf$7) refers to retarget.o(i.fputc) for fputc
    printf7.o(i.__0vprintf$7) refers to retarget.o(.data) for __stdout
    printf7.o(i.__0vsnprintf$7) refers to printf7.o(i._printf_core) for _printf_core
    printf7.o(i.__0vsnprintf$7) refers to printf7.o(i._snputc) for _snputc
    printf7.o(i.__0vsprintf$7) refers to printf7.o(i._printf_core) for _printf_core
    printf7.o(i.__0vsprintf$7) refers to printf7.o(i._sputc) for _sputc
    printf7.o(i._printf_core) refers to printf7.o(i._printf_pre_padding) for _printf_pre_padding
    printf7.o(i._printf_core) refers to printf7.o(i._printf_post_padding) for _printf_post_padding
    printf7.o(i._printf_core) refers to uldiv.o(.text) for __aeabi_uldivmod
    printf8.o(i.__0fprintf$8) refers to printf8.o(i._printf_core) for _printf_core
    printf8.o(i.__0fprintf$8) refers to retarget.o(i.fputc) for fputc
    printf8.o(i.__0printf$8) refers to printf8.o(i._printf_core) for _printf_core
    printf8.o(i.__0printf$8) refers to retarget.o(i.fputc) for fputc
    printf8.o(i.__0printf$8) refers to retarget.o(.data) for __stdout
    printf8.o(i.__0snprintf$8) refers to printf8.o(i._printf_core) for _printf_core
    printf8.o(i.__0snprintf$8) refers to printf8.o(i._snputc) for _snputc
    printf8.o(i.__0sprintf$8) refers to printf8.o(i._printf_core) for _printf_core
    printf8.o(i.__0sprintf$8) refers to printf8.o(i._sputc) for _sputc
    printf8.o(i.__0vfprintf$8) refers to printf8.o(i._printf_core) for _printf_core
    printf8.o(i.__0vfprintf$8) refers to retarget.o(i.fputc) for fputc
    printf8.o(i.__0vprintf$8) refers to printf8.o(i._printf_core) for _printf_core
    printf8.o(i.__0vprintf$8) refers to retarget.o(i.fputc) for fputc
    printf8.o(i.__0vprintf$8) refers to retarget.o(.data) for __stdout
    printf8.o(i.__0vsnprintf$8) refers to printf8.o(i._printf_core) for _printf_core
    printf8.o(i.__0vsnprintf$8) refers to printf8.o(i._snputc) for _snputc
    printf8.o(i.__0vsprintf$8) refers to printf8.o(i._printf_core) for _printf_core
    printf8.o(i.__0vsprintf$8) refers to printf8.o(i._sputc) for _sputc
    printf8.o(i._printf_core) refers to printf8.o(i._printf_pre_padding) for _printf_pre_padding
    printf8.o(i._printf_core) refers to printf8.o(i._printf_post_padding) for _printf_post_padding
    printf8.o(i._printf_core) refers to uldiv.o(.text) for __aeabi_uldivmod
    printfa.o(i.__0fprintf) refers (Special) to iusefp.o(.text) for __I$use$fp
    printfa.o(i.__0fprintf) refers to printfa.o(i._printf_core) for _printf_core
    printfa.o(i.__0fprintf) refers to retarget.o(i.fputc) for fputc
    printfa.o(i.__0printf) refers (Special) to iusefp.o(.text) for __I$use$fp
    printfa.o(i.__0printf) refers to printfa.o(i._printf_core) for _printf_core
    printfa.o(i.__0printf) refers to retarget.o(i.fputc) for fputc
    printfa.o(i.__0printf) refers to retarget.o(.data) for __stdout
    printfa.o(i.__0snprintf) refers (Special) to iusefp.o(.text) for __I$use$fp
    printfa.o(i.__0snprintf) refers to printfa.o(i._printf_core) for _printf_core
    printfa.o(i.__0snprintf) refers to printfa.o(i._snputc) for _snputc
    printfa.o(i.__0sprintf) refers (Special) to iusefp.o(.text) for __I$use$fp
    printfa.o(i.__0sprintf) refers to printfa.o(i._printf_core) for _printf_core
    printfa.o(i.__0sprintf) refers to printfa.o(i._sputc) for _sputc
    printfa.o(i.__0vfprintf) refers (Special) to iusefp.o(.text) for __I$use$fp
    printfa.o(i.__0vfprintf) refers to printfa.o(i._printf_core) for _printf_core
    printfa.o(i.__0vfprintf) refers to retarget.o(i.fputc) for fputc
    printfa.o(i.__0vprintf) refers (Special) to iusefp.o(.text) for __I$use$fp
    printfa.o(i.__0vprintf) refers to printfa.o(i._printf_core) for _printf_core
    printfa.o(i.__0vprintf) refers to retarget.o(i.fputc) for fputc
    printfa.o(i.__0vprintf) refers to retarget.o(.data) for __stdout
    printfa.o(i.__0vsnprintf) refers (Special) to iusefp.o(.text) for __I$use$fp
    printfa.o(i.__0vsnprintf) refers to printfa.o(i._printf_core) for _printf_core
    printfa.o(i.__0vsnprintf) refers to printfa.o(i._snputc) for _snputc
    printfa.o(i.__0vsprintf) refers (Special) to iusefp.o(.text) for __I$use$fp
    printfa.o(i.__0vsprintf) refers to printfa.o(i._printf_core) for _printf_core
    printfa.o(i.__0vsprintf) refers to printfa.o(i._sputc) for _sputc
    printfa.o(i._fp_digits) refers (Special) to iusefp.o(.text) for __I$use$fp
    printfa.o(i._fp_digits) refers to dmul.o(.text) for __aeabi_dmul
    printfa.o(i._fp_digits) refers to ddiv.o(.text) for __aeabi_ddiv
    printfa.o(i._fp_digits) refers to cdrcmple.o(.text) for __aeabi_cdrcmple
    printfa.o(i._fp_digits) refers to dadd.o(.text) for __aeabi_dadd
    printfa.o(i._fp_digits) refers to dfixul.o(.text) for __aeabi_d2ulz
    printfa.o(i._fp_digits) refers to uldiv.o(.text) for __aeabi_uldivmod
    printfa.o(i._printf_core) refers (Special) to iusefp.o(.text) for __I$use$fp
    printfa.o(i._printf_core) refers to printfa.o(i._printf_pre_padding) for _printf_pre_padding
    printfa.o(i._printf_core) refers to uldiv.o(.text) for __aeabi_uldivmod
    printfa.o(i._printf_core) refers to printfa.o(i._printf_post_padding) for _printf_post_padding
    printfa.o(i._printf_core) refers to printfa.o(i._fp_digits) for _fp_digits
    printfa.o(i._printf_core) refers to uidiv.o(.text) for __aeabi_uidivmod
    printfa.o(i._printf_post_padding) refers (Special) to iusefp.o(.text) for __I$use$fp
    printfa.o(i._printf_pre_padding) refers (Special) to iusefp.o(.text) for __I$use$fp
    printfa.o(i._snputc) refers (Special) to iusefp.o(.text) for __I$use$fp
    printfa.o(i._sputc) refers (Special) to iusefp.o(.text) for __I$use$fp
    fdiv.o(.text) refers (Special) to iusefp.o(.text) for __I$use$fp
    fdiv.o(.text) refers to fepilogue.o(.text) for _float_round
    dadd.o(.text) refers (Special) to iusefp.o(.text) for __I$use$fp
    dadd.o(.text) refers to llshl.o(.text) for __aeabi_llsl
    dadd.o(.text) refers to llsshr.o(.text) for __aeabi_lasr
    dadd.o(.text) refers to depilogue.o(.text) for _double_epilogue
    dmul.o(.text) refers (Special) to iusefp.o(.text) for __I$use$fp
    dmul.o(.text) refers to depilogue.o(.text) for _double_epilogue
    ddiv.o(.text) refers (Special) to iusefp.o(.text) for __I$use$fp
    ddiv.o(.text) refers to depilogue.o(.text) for _double_round
    ffltui.o(.text) refers (Special) to iusefp.o(.text) for __I$use$fp
    ffltui.o(.text) refers to fepilogue.o(.text) for _float_epilogue
    dfltui.o(.text) refers (Special) to iusefp.o(.text) for __I$use$fp
    dfltui.o(.text) refers to depilogue.o(.text) for _double_epilogue
    ffixui.o(.text) refers (Special) to iusefp.o(.text) for __I$use$fp
    d2f.o(.text) refers (Special) to iusefp.o(.text) for __I$use$fp
    d2f.o(.text) refers to fepilogue.o(.text) for _float_round
    entry2.o(.ARM.Collect$$$$00000001) refers to entry2.o(.ARM.Collect$$$$00002712) for __lit__00000000
    entry2.o(.ARM.Collect$$$$00002712) refers to startup_as32m0.o(STACK) for __initial_sp
    entry2.o(__vectab_stack_and_reset_area) refers to startup_as32m0.o(STACK) for __initial_sp
    entry2.o(__vectab_stack_and_reset_area) refers to entry.o(.ARM.Collect$$$$00000000) for __main
    entry5.o(.ARM.Collect$$$$00000004) refers to init.o(.text) for __scatterload
    entry9a.o(.ARM.Collect$$$$0000000B) refers to wdg.o(i.main) for main
    entry9b.o(.ARM.Collect$$$$0000000C) refers to wdg.o(i.main) for main
    uldiv.o(.text) refers to llushr.o(.text) for __aeabi_llsr
    uldiv.o(.text) refers to llshl.o(.text) for __aeabi_llsl
    depilogue.o(.text) refers to depilogue.o(i.__ARM_clz) for __ARM_clz
    depilogue.o(.text) refers to llshl.o(.text) for __aeabi_llsl
    depilogue.o(.text) refers to llushr.o(.text) for __aeabi_llsr
    dfixul.o(.text) refers to llushr.o(.text) for __aeabi_llsr
    dfixul.o(.text) refers to llshl.o(.text) for __aeabi_llsl
    init.o(.text) refers to entry5.o(.ARM.Collect$$$$00000004) for __main_after_scatterload


==============================================================================

Removing Unused input sections from the image.

    Removing startup_as32m0.o(HEAP), (512 bytes).
    Removing as32m0_adc.o(.rev16_text), (4 bytes).
    Removing as32m0_adc.o(.revsh_text), (4 bytes).
    Removing as32m0_adc.o(i.ADC_BUSY_STA), (8 bytes).
    Removing as32m0_adc.o(i.ADC_CLOCK_DIV), (4 bytes).
    Removing as32m0_adc.o(i.ADC_CLR_CLK_GATE), (6 bytes).
    Removing as32m0_adc.o(i.ADC_CONTINUOUS_MODE_GET_RESULT), (116 bytes).
    Removing as32m0_adc.o(i.ADC_Config), (24 bytes).
    Removing as32m0_adc.o(i.ADC_DATA_READ), (10 bytes).
    Removing as32m0_adc.o(i.ADC_DATA_VALID), (10 bytes).
    Removing as32m0_adc.o(i.ADC_DATA_VALID_INTR_STA), (8 bytes).
    Removing as32m0_adc.o(i.ADC_DISABLE_DATA_VALID_INTR), (10 bytes).
    Removing as32m0_adc.o(i.ADC_DISABLE_FIFO_OVER_INTR), (10 bytes).
    Removing as32m0_adc.o(i.ADC_DMA_MODE_GET_RESULT), (232 bytes).
    Removing as32m0_adc.o(i.ADC_ENABLE_DATA_VALID_INTR), (10 bytes).
    Removing as32m0_adc.o(i.ADC_ENABLE_FIFO_OVER_INTR), (10 bytes).
    Removing as32m0_adc.o(i.ADC_FIFO_OVER_INTR_CLR), (6 bytes).
    Removing as32m0_adc.o(i.ADC_FIFO_OVER__INTR_STA), (8 bytes).
    Removing as32m0_adc.o(i.ADC_INIT_MODE), (72 bytes).
    Removing as32m0_adc.o(i.ADC_MODE_CONFIG), (12 bytes).
    Removing as32m0_adc.o(i.ADC_NOT_RESET), (10 bytes).
    Removing as32m0_adc.o(i.ADC_PD), (18 bytes).
    Removing as32m0_adc.o(i.ADC_RESET), (10 bytes).
    Removing as32m0_adc.o(i.ADC_SAMPLE_NUM), (4 bytes).
    Removing as32m0_adc.o(i.ADC_SHOT_MODE_GET_RESULT), (112 bytes).
    Removing as32m0_adc.o(i.ADC_SOC_WRITE), (4 bytes).
    Removing as32m0_adc.o(i.ADC_WAIT_READY), (10 bytes).
    Removing as32m0_adc.o(i.ADC__DATA_VALID_INTR_CLR), (6 bytes).
    Removing as32m0_adc.o(i.adc_shot_test), (184 bytes).
    Removing as32m0_dma.o(.rev16_text), (4 bytes).
    Removing as32m0_dma.o(.revsh_text), (4 bytes).
    Removing as32m0_dma.o(i.DMA_BigEndian), (40 bytes).
    Removing as32m0_dma.o(i.DMA_Data_Transfer), (268 bytes).
    Removing as32m0_dma.o(i.DMA_Disable), (20 bytes).
    Removing as32m0_dma.o(i.DMA_Disable_Sync), (20 bytes).
    Removing as32m0_dma.o(i.DMA_Enable), (20 bytes).
    Removing as32m0_dma.o(i.DMA_Enable_Sync), (20 bytes).
    Removing as32m0_dma.o(i.DMA_GetActiveChannels), (12 bytes).
    Removing as32m0_dma.o(i.DMA_GetChConfig), (132 bytes).
    Removing as32m0_dma.o(i.DMA_GetChControl), (160 bytes).
    Removing as32m0_dma.o(i.DMA_GetChLLI), (32 bytes).
    Removing as32m0_dma.o(i.DMA_GetConfiguration), (16 bytes).
    Removing as32m0_dma.o(i.DMA_GetDestAddr), (16 bytes).
    Removing as32m0_dma.o(i.DMA_GetIntErrorStatus), (12 bytes).
    Removing as32m0_dma.o(i.DMA_GetIntStatus), (12 bytes).
    Removing as32m0_dma.o(i.DMA_GetIntTCStatus), (12 bytes).
    Removing as32m0_dma.o(i.DMA_GetRawIntErrorStatus), (12 bytes).
    Removing as32m0_dma.o(i.DMA_GetRawIntTCStatus), (12 bytes).
    Removing as32m0_dma.o(i.DMA_GetSoftBReq), (12 bytes).
    Removing as32m0_dma.o(i.DMA_GetSoftLBReq), (12 bytes).
    Removing as32m0_dma.o(i.DMA_GetSoftLSReq), (12 bytes).
    Removing as32m0_dma.o(i.DMA_GetSoftSReq), (12 bytes).
    Removing as32m0_dma.o(i.DMA_GetSourAddr), (16 bytes).
    Removing as32m0_dma.o(i.DMA_GetSync), (12 bytes).
    Removing as32m0_dma.o(i.DMA_LittleEndian), (40 bytes).
    Removing as32m0_dma.o(i.DMA_SetChConfig), (50 bytes).
    Removing as32m0_dma.o(i.DMA_SetChControl), (68 bytes).
    Removing as32m0_dma.o(i.DMA_SetChLLI), (14 bytes).
    Removing as32m0_dma.o(i.DMA_SetChannelReg), (76 bytes).
    Removing as32m0_dma.o(i.DMA_SetIntErrClr), (140 bytes).
    Removing as32m0_dma.o(i.DMA_SetIntTCClear), (140 bytes).
    Removing as32m0_dma.o(i.DMA_SetSoftBReq), (20 bytes).
    Removing as32m0_dma.o(i.DMA_SetSoftLBReq), (20 bytes).
    Removing as32m0_dma.o(i.DMA_SetSoftLSReq), (20 bytes).
    Removing as32m0_dma.o(i.DMA_SetSoftSReq), (20 bytes).
    Removing as32m0_gpio.o(.rev16_text), (4 bytes).
    Removing as32m0_gpio.o(.revsh_text), (4 bytes).
    Removing as32m0_gpio.o(i.GPIO_CTN_Init), (1860 bytes).
    Removing as32m0_gpio.o(i.GPIO_ClrIntStat), (8 bytes).
    Removing as32m0_gpio.o(i.GPIO_ClrtBits), (12 bytes).
    Removing as32m0_gpio.o(i.GPIO_Debouncing_Bit_Disable), (16 bytes).
    Removing as32m0_gpio.o(i.GPIO_Debouncing_Bit_Enable), (16 bytes).
    Removing as32m0_gpio.o(i.GPIO_Debouncing_Disable), (12 bytes).
    Removing as32m0_gpio.o(i.GPIO_Debouncing_Enable), (12 bytes).
    Removing as32m0_gpio.o(i.GPIO_GetIntStat), (12 bytes).
    Removing as32m0_gpio.o(i.GPIO_Init), (180 bytes).
    Removing as32m0_gpio.o(i.GPIO_ReadInputData), (14 bytes).
    Removing as32m0_gpio.o(i.GPIO_ReadInputDataBit), (30 bytes).
    Removing as32m0_gpio.o(i.GPIO_SetBits), (12 bytes).
    Removing as32m0_gpio.o(i.GPIO_Set_Debouncing_Lmt), (12 bytes).
    Removing as32m0_i2c.o(.rev16_text), (4 bytes).
    Removing as32m0_i2c.o(.revsh_text), (4 bytes).
    Removing as32m0_i2c.o(i.I2CReadOneByte), (32 bytes).
    Removing as32m0_i2c.o(i.I2CWirteOneByte), (24 bytes).
    Removing as32m0_i2c.o(i.I2CWirteOneByte_Loopback), (4 bytes).
    Removing as32m0_i2c.o(i.I2C_DISABLE), (12 bytes).
    Removing as32m0_i2c.o(i.I2C_ENABLE), (12 bytes).
    Removing as32m0_i2c.o(i.I2C_MasterConfig), (108 bytes).
    Removing as32m0_i2c.o(i.I2C_ReceFifoSet), (68 bytes).
    Removing as32m0_i2c.o(i.I2C_SCL_HCNT), (220 bytes).
    Removing as32m0_i2c.o(i.I2C_SCL_LCNT), (216 bytes).
    Removing as32m0_i2c.o(i.I2C_SlaveAdd), (4 bytes).
    Removing as32m0_i2c.o(i.I2C_SlaveConfig), (110 bytes).
    Removing as32m0_i2c.o(i.I2C_TargerAdd), (4 bytes).
    Removing as32m0_i2c.o(i.I2C_TransFifoSet), (68 bytes).
    Removing as32m0_lvd.o(.rev16_text), (4 bytes).
    Removing as32m0_lvd.o(.revsh_text), (4 bytes).
    Removing as32m0_lvd.o(i.LVD_Disable), (20 bytes).
    Removing as32m0_lvd.o(i.LVD_Enable), (20 bytes).
    Removing as32m0_lvd.o(i.LVD_Filter_Enable), (20 bytes).
    Removing as32m0_lvd.o(i.LVD_Init), (132 bytes).
    Removing as32m0_lvd.o(i.LVD_Int_Clr), (20 bytes).
    Removing as32m0_pinctrl.o(.rev16_text), (4 bytes).
    Removing as32m0_pinctrl.o(.revsh_text), (4 bytes).
    Removing as32m0_pinctrl.o(i.PINCTRL_GetPadConfig), (6 bytes).
    Removing as32m0_pinctrl.o(i.PINCTRL_SetFuncMux), (4 bytes).
    Removing as32m0_pinctrl.o(i.PINCTRL_SetPadCtrl), (4 bytes).
    Removing as32m0_pwm.o(.rev16_text), (4 bytes).
    Removing as32m0_pwm.o(.revsh_text), (4 bytes).
    Removing as32m0_pwm.o(i.apPWM_Check_CMD_Busy), (36 bytes).
    Removing as32m0_pwm.o(i.apPWM_Config), (176 bytes).
    Removing as32m0_pwm.o(i.apPWM_DZConfig), (188 bytes).
    Removing as32m0_pwm.o(i.apPWM_Disable), (10 bytes).
    Removing as32m0_pwm.o(i.apPWM_Enable), (10 bytes).
    Removing as32m0_pwm.o(i.apPWM_Int_Clr), (10 bytes).
    Removing as32m0_pwm.o(i.apPWM_Int_Disable), (10 bytes).
    Removing as32m0_pwm.o(i.apPWM_Int_Enable), (10 bytes).
    Removing as32m0_pwm.o(i.apPWM_Set_Cycle), (92 bytes).
    Removing as32m0_sleep.o(.rev16_text), (4 bytes).
    Removing as32m0_sleep.o(.revsh_text), (4 bytes).
    Removing as32m0_sleep.o(i.enter_sleep_mode), (60 bytes).
    Removing as32m0_ssp.o(.rev16_text), (4 bytes).
    Removing as32m0_ssp.o(.revsh_text), (4 bytes).
    Removing as32m0_ssp.o(i.apSSP_DMAAddressGet), (8 bytes).
    Removing as32m0_ssp.o(i.apSSP_DMAModeSet), (62 bytes).
    Removing as32m0_ssp.o(i.apSSP_DeviceBusyGet), (10 bytes).
    Removing as32m0_ssp.o(i.apSSP_DeviceDisable), (10 bytes).
    Removing as32m0_ssp.o(i.apSSP_DeviceEnable), (10 bytes).
    Removing as32m0_ssp.o(i.apSSP_DeviceParametersGet), (70 bytes).
    Removing as32m0_ssp.o(i.apSSP_DeviceParametersSet), (50 bytes).
    Removing as32m0_ssp.o(i.apSSP_DeviceReceiveClear), (22 bytes).
    Removing as32m0_ssp.o(i.apSSP_DeviceReceiveDisable), (10 bytes).
    Removing as32m0_ssp.o(i.apSSP_DeviceReceiveEnable), (10 bytes).
    Removing as32m0_ssp.o(i.apSSP_DeviceReceiveOverrunEnable), (10 bytes).
    Removing as32m0_ssp.o(i.apSSP_DeviceTransmitDisable), (10 bytes).
    Removing as32m0_ssp.o(i.apSSP_DeviceTransmitEnable), (10 bytes).
    Removing as32m0_ssp.o(i.apSSP_Initialize), (12 bytes).
    Removing as32m0_ssp.o(i.apSSP_ReadFIFO), (8 bytes).
    Removing as32m0_ssp.o(i.apSSP_RxFifoFull), (10 bytes).
    Removing as32m0_ssp.o(i.apSSP_RxFifoNotEmpty), (10 bytes).
    Removing as32m0_ssp.o(i.apSSP_TxFifoEmpty), (10 bytes).
    Removing as32m0_ssp.o(i.apSSP_TxFifoNotFull), (10 bytes).
    Removing as32m0_ssp.o(i.apSSP_WriteFIFO), (4 bytes).
    Removing as32m0_ssp.o(i.ssp_config), (52 bytes).
    Removing as32m0_ssp.o(i.ssp_get_byte), (48 bytes).
    Removing as32m0_ssp.o(i.ssp_send_byte), (44 bytes).
    Removing as32m0_sysctrl.o(.rev16_text), (4 bytes).
    Removing as32m0_sysctrl.o(.revsh_text), (4 bytes).
    Removing as32m0_sysctrl.o(i.SYSCTRL_ApbClkSel_Sys), (12 bytes).
    Removing as32m0_sysctrl.o(i.SYSCTRL_ApbClkSel_SysDiv), (12 bytes).
    Removing as32m0_sysctrl.o(i.SYSCTRL_ClrAhbClkGate), (12 bytes).
    Removing as32m0_sysctrl.o(i.SYSCTRL_ClrApbClkGate), (12 bytes).
    Removing as32m0_sysctrl.o(i.SYSCTRL_ClrClkGate_AHB_DES), (12 bytes).
    Removing as32m0_sysctrl.o(i.SYSCTRL_ClrClkGate_AHB_DMA), (12 bytes).
    Removing as32m0_sysctrl.o(i.SYSCTRL_ClrClkGate_APB_ADC), (12 bytes).
    Removing as32m0_sysctrl.o(i.SYSCTRL_ClrClkGate_APB_GPIO), (16 bytes).
    Removing as32m0_sysctrl.o(i.SYSCTRL_ClrClkGate_APB_I2C), (12 bytes).
    Removing as32m0_sysctrl.o(i.SYSCTRL_ClrClkGate_APB_LVD), (12 bytes).
    Removing as32m0_sysctrl.o(i.SYSCTRL_ClrClkGate_APB_PWM0), (12 bytes).
    Removing as32m0_sysctrl.o(i.SYSCTRL_ClrClkGate_APB_PWM1), (12 bytes).
    Removing as32m0_sysctrl.o(i.SYSCTRL_ClrClkGate_APB_PWM2), (12 bytes).
    Removing as32m0_sysctrl.o(i.SYSCTRL_ClrClkGate_APB_PWM3), (12 bytes).
    Removing as32m0_sysctrl.o(i.SYSCTRL_ClrClkGate_APB_PinCtrl), (12 bytes).
    Removing as32m0_sysctrl.o(i.SYSCTRL_ClrClkGate_APB_SCI0), (16 bytes).
    Removing as32m0_sysctrl.o(i.SYSCTRL_ClrClkGate_APB_SCI1), (16 bytes).
    Removing as32m0_sysctrl.o(i.SYSCTRL_ClrClkGate_APB_SPI), (16 bytes).
    Removing as32m0_sysctrl.o(i.SYSCTRL_ClrClkGate_APB_TIMER0), (16 bytes).
    Removing as32m0_sysctrl.o(i.SYSCTRL_ClrClkGate_APB_TIMER1), (16 bytes).
    Removing as32m0_sysctrl.o(i.SYSCTRL_ClrClkGate_APB_TIMER2), (16 bytes).
    Removing as32m0_sysctrl.o(i.SYSCTRL_ClrClkGate_APB_WDG), (16 bytes).
    Removing as32m0_sysctrl.o(i.SYSCTRL_ClrClkGate_WDG_WorkClk), (12 bytes).
    Removing as32m0_sysctrl.o(i.SYSCTRL_ClrReset_AHB), (12 bytes).
    Removing as32m0_sysctrl.o(i.SYSCTRL_ClrReset_AHB_DES), (12 bytes).
    Removing as32m0_sysctrl.o(i.SYSCTRL_ClrReset_AHB_DMA), (12 bytes).
    Removing as32m0_sysctrl.o(i.SYSCTRL_ClrReset_APB), (12 bytes).
    Removing as32m0_sysctrl.o(i.SYSCTRL_ClrReset_APB_ADC), (12 bytes).
    Removing as32m0_sysctrl.o(i.SYSCTRL_ClrReset_APB_GPIO), (16 bytes).
    Removing as32m0_sysctrl.o(i.SYSCTRL_ClrReset_APB_I2C), (12 bytes).
    Removing as32m0_sysctrl.o(i.SYSCTRL_ClrReset_APB_LVD), (12 bytes).
    Removing as32m0_sysctrl.o(i.SYSCTRL_ClrReset_APB_PWM0), (12 bytes).
    Removing as32m0_sysctrl.o(i.SYSCTRL_ClrReset_APB_PWM1), (12 bytes).
    Removing as32m0_sysctrl.o(i.SYSCTRL_ClrReset_APB_PWM2), (12 bytes).
    Removing as32m0_sysctrl.o(i.SYSCTRL_ClrReset_APB_PWM3), (12 bytes).
    Removing as32m0_sysctrl.o(i.SYSCTRL_ClrReset_APB_SCI1), (16 bytes).
    Removing as32m0_sysctrl.o(i.SYSCTRL_ClrReset_APB_SPI), (16 bytes).
    Removing as32m0_sysctrl.o(i.SYSCTRL_ClrReset_APB_TIMER0), (16 bytes).
    Removing as32m0_sysctrl.o(i.SYSCTRL_ClrReset_APB_TIMER1), (16 bytes).
    Removing as32m0_sysctrl.o(i.SYSCTRL_ClrReset_APB_TIMER2), (16 bytes).
    Removing as32m0_sysctrl.o(i.SYSCTRL_ClrReset_APB_WDG), (16 bytes).
    Removing as32m0_sysctrl.o(i.SYSCTRL_ClrReset_Soft_Cold), (20 bytes).
    Removing as32m0_sysctrl.o(i.SYSCTRL_ClrReset_Soft_Warm), (20 bytes).
    Removing as32m0_sysctrl.o(i.SYSCTRL_ClrReset_WDG_WorkClk), (12 bytes).
    Removing as32m0_sysctrl.o(i.SYSCTRL_ClrReset_WorkClk), (12 bytes).
    Removing as32m0_sysctrl.o(i.SYSCTRL_ClrWorkClkGate), (12 bytes).
    Removing as32m0_sysctrl.o(i.SYSCTRL_FastClockSwitch_EXT), (24 bytes).
    Removing as32m0_sysctrl.o(i.SYSCTRL_FastClockSwitch_ROSC), (24 bytes).
    Removing as32m0_sysctrl.o(i.SYSCTRL_GetAhbClkGate), (12 bytes).
    Removing as32m0_sysctrl.o(i.SYSCTRL_GetApbClkGate), (12 bytes).
    Removing as32m0_sysctrl.o(i.SYSCTRL_GetReset_AHB), (12 bytes).
    Removing as32m0_sysctrl.o(i.SYSCTRL_GetReset_APB), (12 bytes).
    Removing as32m0_sysctrl.o(i.SYSCTRL_GetReset_WorkClk), (12 bytes).
    Removing as32m0_sysctrl.o(i.SYSCTRL_GetWorkClkGate), (12 bytes).
    Removing as32m0_sysctrl.o(i.SYSCTRL_Get_Chip_ID), (12 bytes).
    Removing as32m0_sysctrl.o(i.SYSCTRL_Get_Chip_MOde), (12 bytes).
    Removing as32m0_sysctrl.o(i.SYSCTRL_OSCClkSel_FastClk), (12 bytes).
    Removing as32m0_sysctrl.o(i.SYSCTRL_OSCClkSel_SlowClk), (12 bytes).
    Removing as32m0_sysctrl.o(i.SYSCTRL_OSC_ClkDIv_Set), (16 bytes).
    Removing as32m0_sysctrl.o(i.SYSCTRL_ROSC_16M_Clr_PowerDown), (16 bytes).
    Removing as32m0_sysctrl.o(i.SYSCTRL_ROSC_16M_PowerDown), (16 bytes).
    Removing as32m0_sysctrl.o(i.SYSCTRL_ROSC_16M_Set), (16 bytes).
    Removing as32m0_sysctrl.o(i.SYSCTRL_ROSC_16M_Trimming_Sel), (16 bytes).
    Removing as32m0_sysctrl.o(i.SYSCTRL_ROSC_32K_Clr_PowerDown), (16 bytes).
    Removing as32m0_sysctrl.o(i.SYSCTRL_ROSC_32K_PowerDown), (16 bytes).
    Removing as32m0_sysctrl.o(i.SYSCTRL_SetAhbClkGate), (12 bytes).
    Removing as32m0_sysctrl.o(i.SYSCTRL_SetApbClkGate), (12 bytes).
    Removing as32m0_sysctrl.o(i.SYSCTRL_SetClkGate_AHB_DES), (12 bytes).
    Removing as32m0_sysctrl.o(i.SYSCTRL_SetClkGate_AHB_DMA), (12 bytes).
    Removing as32m0_sysctrl.o(i.SYSCTRL_SetClkGate_APB_ADC), (12 bytes).
    Removing as32m0_sysctrl.o(i.SYSCTRL_SetClkGate_APB_GPIO), (16 bytes).
    Removing as32m0_sysctrl.o(i.SYSCTRL_SetClkGate_APB_I2C), (12 bytes).
    Removing as32m0_sysctrl.o(i.SYSCTRL_SetClkGate_APB_LVD), (12 bytes).
    Removing as32m0_sysctrl.o(i.SYSCTRL_SetClkGate_APB_PWM0), (12 bytes).
    Removing as32m0_sysctrl.o(i.SYSCTRL_SetClkGate_APB_PWM1), (12 bytes).
    Removing as32m0_sysctrl.o(i.SYSCTRL_SetClkGate_APB_PWM2), (12 bytes).
    Removing as32m0_sysctrl.o(i.SYSCTRL_SetClkGate_APB_PWM3), (12 bytes).
    Removing as32m0_sysctrl.o(i.SYSCTRL_SetClkGate_APB_PinCtrl), (12 bytes).
    Removing as32m0_sysctrl.o(i.SYSCTRL_SetClkGate_APB_SCI0), (16 bytes).
    Removing as32m0_sysctrl.o(i.SYSCTRL_SetClkGate_APB_SCI1), (16 bytes).
    Removing as32m0_sysctrl.o(i.SYSCTRL_SetClkGate_APB_SPI), (16 bytes).
    Removing as32m0_sysctrl.o(i.SYSCTRL_SetClkGate_APB_TIMER0), (16 bytes).
    Removing as32m0_sysctrl.o(i.SYSCTRL_SetClkGate_APB_TIMER1), (16 bytes).
    Removing as32m0_sysctrl.o(i.SYSCTRL_SetClkGate_APB_TIMER2), (16 bytes).
    Removing as32m0_sysctrl.o(i.SYSCTRL_SetClkGate_APB_WDG), (16 bytes).
    Removing as32m0_sysctrl.o(i.SYSCTRL_SetClkGate_WDG_WorkClk), (12 bytes).
    Removing as32m0_sysctrl.o(i.SYSCTRL_SetReset_AHB), (12 bytes).
    Removing as32m0_sysctrl.o(i.SYSCTRL_SetReset_AHB_DES), (12 bytes).
    Removing as32m0_sysctrl.o(i.SYSCTRL_SetReset_AHB_DMA), (12 bytes).
    Removing as32m0_sysctrl.o(i.SYSCTRL_SetReset_APB), (12 bytes).
    Removing as32m0_sysctrl.o(i.SYSCTRL_SetReset_APB_ADC), (12 bytes).
    Removing as32m0_sysctrl.o(i.SYSCTRL_SetReset_APB_GPIO), (16 bytes).
    Removing as32m0_sysctrl.o(i.SYSCTRL_SetReset_APB_I2C), (12 bytes).
    Removing as32m0_sysctrl.o(i.SYSCTRL_SetReset_APB_LVD), (12 bytes).
    Removing as32m0_sysctrl.o(i.SYSCTRL_SetReset_APB_PWM0), (12 bytes).
    Removing as32m0_sysctrl.o(i.SYSCTRL_SetReset_APB_PWM1), (12 bytes).
    Removing as32m0_sysctrl.o(i.SYSCTRL_SetReset_APB_PWM2), (12 bytes).
    Removing as32m0_sysctrl.o(i.SYSCTRL_SetReset_APB_PWM3), (12 bytes).
    Removing as32m0_sysctrl.o(i.SYSCTRL_SetReset_APB_PinCtrl), (12 bytes).
    Removing as32m0_sysctrl.o(i.SYSCTRL_SetReset_APB_SCI0), (16 bytes).
    Removing as32m0_sysctrl.o(i.SYSCTRL_SetReset_APB_SCI1), (16 bytes).
    Removing as32m0_sysctrl.o(i.SYSCTRL_SetReset_APB_SPI), (16 bytes).
    Removing as32m0_sysctrl.o(i.SYSCTRL_SetReset_APB_TIMER0), (16 bytes).
    Removing as32m0_sysctrl.o(i.SYSCTRL_SetReset_APB_TIMER1), (16 bytes).
    Removing as32m0_sysctrl.o(i.SYSCTRL_SetReset_APB_TIMER2), (16 bytes).
    Removing as32m0_sysctrl.o(i.SYSCTRL_SetReset_APB_WDG), (16 bytes).
    Removing as32m0_sysctrl.o(i.SYSCTRL_SetReset_Soft_Cold), (20 bytes).
    Removing as32m0_sysctrl.o(i.SYSCTRL_SetReset_Soft_Warm), (20 bytes).
    Removing as32m0_sysctrl.o(i.SYSCTRL_SetReset_WDG_WorkClk), (12 bytes).
    Removing as32m0_sysctrl.o(i.SYSCTRL_SetReset_WorkClk), (12 bytes).
    Removing as32m0_sysctrl.o(i.SYSCTRL_SetWorkClkGate), (12 bytes).
    Removing as32m0_sysctrl.o(i.SYSCTRL_SlowClockSwitch_EXT), (24 bytes).
    Removing as32m0_sysctrl.o(i.SYSCTRL_SlowClockSwitch_ROSC), (24 bytes).
    Removing as32m0_sysctrl.o(i.SYSCTRL_SysClkSel_OSC), (12 bytes).
    Removing as32m0_sysctrl.o(i.SYSCTRL_SysClkSel_OSCDiv), (12 bytes).
    Removing as32m0_sysctrl.o(i.SYSCTRL_Sys_ClkDIv_Set), (16 bytes).
    Removing as32m0_sysctrl.o(i.SYSCTRL_TogClkGate_AHB_DES), (12 bytes).
    Removing as32m0_sysctrl.o(i.SYSCTRL_TogClkGate_AHB_DMA), (12 bytes).
    Removing as32m0_sysctrl.o(i.SYSCTRL_TogClkGate_APB_ADC), (12 bytes).
    Removing as32m0_sysctrl.o(i.SYSCTRL_TogClkGate_APB_GPIO), (16 bytes).
    Removing as32m0_sysctrl.o(i.SYSCTRL_TogClkGate_APB_I2C), (12 bytes).
    Removing as32m0_sysctrl.o(i.SYSCTRL_TogClkGate_APB_LVD), (12 bytes).
    Removing as32m0_sysctrl.o(i.SYSCTRL_TogClkGate_APB_PWM0), (12 bytes).
    Removing as32m0_sysctrl.o(i.SYSCTRL_TogClkGate_APB_PWM1), (12 bytes).
    Removing as32m0_sysctrl.o(i.SYSCTRL_TogClkGate_APB_PWM2), (12 bytes).
    Removing as32m0_sysctrl.o(i.SYSCTRL_TogClkGate_APB_PWM3), (12 bytes).
    Removing as32m0_sysctrl.o(i.SYSCTRL_TogClkGate_APB_PinCtrl), (12 bytes).
    Removing as32m0_sysctrl.o(i.SYSCTRL_TogClkGate_APB_SCI0), (16 bytes).
    Removing as32m0_sysctrl.o(i.SYSCTRL_TogClkGate_APB_SCI1), (16 bytes).
    Removing as32m0_sysctrl.o(i.SYSCTRL_TogClkGate_APB_SPI), (16 bytes).
    Removing as32m0_sysctrl.o(i.SYSCTRL_TogClkGate_APB_TIMER0), (16 bytes).
    Removing as32m0_sysctrl.o(i.SYSCTRL_TogClkGate_APB_TIMER1), (16 bytes).
    Removing as32m0_sysctrl.o(i.SYSCTRL_TogClkGate_APB_TIMER2), (16 bytes).
    Removing as32m0_sysctrl.o(i.SYSCTRL_TogClkGate_APB_WDG), (16 bytes).
    Removing as32m0_sysctrl.o(i.SYSCTRL_TogClkGate_WDG_WorkClk), (12 bytes).
    Removing as32m0_sysctrl.o(i.SYSCTRL_TogReset_AHB_DES), (12 bytes).
    Removing as32m0_sysctrl.o(i.SYSCTRL_TogReset_AHB_DMA), (12 bytes).
    Removing as32m0_sysctrl.o(i.SYSCTRL_TogReset_APB_ADC), (12 bytes).
    Removing as32m0_sysctrl.o(i.SYSCTRL_TogReset_APB_GPIO), (16 bytes).
    Removing as32m0_sysctrl.o(i.SYSCTRL_TogReset_APB_I2C), (12 bytes).
    Removing as32m0_sysctrl.o(i.SYSCTRL_TogReset_APB_LVD), (12 bytes).
    Removing as32m0_sysctrl.o(i.SYSCTRL_TogReset_APB_PWM0), (12 bytes).
    Removing as32m0_sysctrl.o(i.SYSCTRL_TogReset_APB_PWM1), (12 bytes).
    Removing as32m0_sysctrl.o(i.SYSCTRL_TogReset_APB_PWM2), (12 bytes).
    Removing as32m0_sysctrl.o(i.SYSCTRL_TogReset_APB_PWM3), (12 bytes).
    Removing as32m0_sysctrl.o(i.SYSCTRL_TogReset_APB_PinCtrl), (12 bytes).
    Removing as32m0_sysctrl.o(i.SYSCTRL_TogReset_APB_SCI0), (16 bytes).
    Removing as32m0_sysctrl.o(i.SYSCTRL_TogReset_APB_SCI1), (16 bytes).
    Removing as32m0_sysctrl.o(i.SYSCTRL_TogReset_APB_SPI), (16 bytes).
    Removing as32m0_sysctrl.o(i.SYSCTRL_TogReset_APB_TIMER0), (16 bytes).
    Removing as32m0_sysctrl.o(i.SYSCTRL_TogReset_APB_TIMER1), (16 bytes).
    Removing as32m0_sysctrl.o(i.SYSCTRL_TogReset_APB_TIMER2), (16 bytes).
    Removing as32m0_sysctrl.o(i.SYSCTRL_TogReset_APB_WDG), (16 bytes).
    Removing as32m0_sysctrl.o(i.SYSCTRL_TogReset_WDG_WorkClk), (12 bytes).
    Removing as32m0_systick.o(.rev16_text), (4 bytes).
    Removing as32m0_systick.o(.revsh_text), (4 bytes).
    Removing as32m0_systick.o(i.systick_delay_ms), (132 bytes).
    Removing as32m0_systick.o(i.systick_delay_s), (132 bytes).
    Removing as32m0_systick.o(i.systick_delay_us), (104 bytes).
    Removing as32m0_systick.o(i.systick_get_ms), (48 bytes).
    Removing as32m0_systick.o(i.systick_get_s), (48 bytes).
    Removing as32m0_systick.o(i.systick_get_us), (52 bytes).
    Removing as32m0_systick.o(i.systick_initialize), (96 bytes).
    Removing as32m0_systick.o(i.systick_uninitialize), (32 bytes).
    Removing as32m0_uart.o(.rev16_text), (4 bytes).
    Removing as32m0_uart.o(.revsh_text), (4 bytes).
    Removing as32m0_uart.o(i.UART_DMAModeSet), (62 bytes).
    Removing as32m0_uart.o(i.UART_LoopModeSet), (58 bytes).
    Removing as32m0_uart.o(i.UART_ReceData), (8 bytes).
    Removing as32m0_uart.o(i.apUART_BaudRateGet), (120 bytes).
    Removing as32m0_uart.o(i.apUART_Check_RXFIFO_FULL), (10 bytes).
    Removing as32m0_uart.o(i.apUART_Check_Rece_ERROR), (64 bytes).
    Removing as32m0_uart.o(i.apUART_Check_TXFIFO_EMPTY), (10 bytes).
    Removing as32m0_uart.o(i.apUART_Disable_TRANSMIT_INT), (10 bytes).
    Removing as32m0_uart.o(i.apUART_Enable_TRANSMIT_INT), (10 bytes).
    Removing as32m0_misc.o(.rev16_text), (4 bytes).
    Removing as32m0_misc.o(.revsh_text), (4 bytes).
    Removing as32m0_misc.o(i.breakpoint_key), (44 bytes).
    Removing as32m0_misc.o(i.delay), (12 bytes).
    Removing as32m0_timer.o(.rev16_text), (4 bytes).
    Removing as32m0_timer.o(.revsh_text), (4 bytes).
    Removing as32m0_timer.o(i.TMR_0_LOCK), (12 bytes).
    Removing as32m0_timer.o(i.TMR_0_UNLOCK), (16 bytes).
    Removing as32m0_timer.o(i.TMR_Disable), (10 bytes).
    Removing as32m0_timer.o(i.TMR_Enable), (10 bytes).
    Removing as32m0_timer.o(i.TMR_Fetch_Disable), (12 bytes).
    Removing as32m0_timer.o(i.TMR_Fetch_Enable), (36 bytes).
    Removing as32m0_timer.o(i.TMR_Get_CMP), (6 bytes).
    Removing as32m0_timer.o(i.TMR_Get_CNT), (6 bytes).
    Removing as32m0_timer.o(i.TMR_Get_CTL), (6 bytes).
    Removing as32m0_timer.o(i.TMR_Int_Clr), (10 bytes).
    Removing as32m0_timer.o(i.TMR_Int_Disable), (10 bytes).
    Removing as32m0_timer.o(i.TMR_Int_Enable), (10 bytes).
    Removing as32m0_timer.o(i.TMR_Int_Happened), (10 bytes).
    Removing as32m0_timer.o(i.TMR_Set_CNT), (4 bytes).
    Removing as32m0_timer.o(i.TMR_Set_CTL), (4 bytes).
    Removing as32m0_timer.o(i.WDG_Disable), (20 bytes).
    Removing wdg.o(.rev16_text), (4 bytes).
    Removing wdg.o(.revsh_text), (4 bytes).
    Removing printf_config.o(.rev16_text), (4 bytes).
    Removing printf_config.o(.revsh_text), (4 bytes).
    Removing printf_config.o(i.SER_GetChar), (16 bytes).
    Removing printf_config.o(i.SER_PutChar1), (20 bytes).
    Removing printf_config.o(i.config_uart), (116 bytes).
    Removing printf_config.o(i.config_uart1), (152 bytes).
    Removing retarget.o(.rev16_text), (4 bytes).
    Removing retarget.o(.revsh_text), (4 bytes).
    Removing retarget.o(i._ttywrch), (12 bytes).
    Removing retarget.o(i.ferror), (8 bytes).
    Removing retarget.o(i.fgetc), (36 bytes).
    Removing fdiv.o(.text), (124 bytes).
    Removing dadd.o(.text), (356 bytes).
    Removing dmul.o(.text), (208 bytes).
    Removing ddiv.o(.text), (240 bytes).
    Removing ffltui.o(.text), (14 bytes).
    Removing dfltui.o(.text), (28 bytes).
    Removing ffixui.o(.text), (40 bytes).
    Removing d2f.o(.text), (56 bytes).
    Removing fepilogue.o(.text), (130 bytes).
    Removing depilogue.o(.text), (190 bytes).
    Removing dfixul.o(.text), (64 bytes).
    Removing cdrcmple.o(.text), (40 bytes).
    Removing as32m0_dma.o(i.__ARM_common_switch8), (28 bytes).
    Removing depilogue.o(i.__ARM_clz), (46 bytes).

372 unused section(s) (total 12774 bytes) removed from the image.

==============================================================================

Image Symbol Table

    Local Symbols

    Symbol Name                              Value     Ov Type        Size  Object(Section)

    RESET                                    0x00000000   Section      132  startup_as32m0.o(RESET)
    ../clib/microlib/division.c              0x00000000   Number         0  uldiv.o ABSOLUTE
    ../clib/microlib/division.c              0x00000000   Number         0  uidiv.o ABSOLUTE
    ../clib/microlib/init/entry.s            0x00000000   Number         0  entry2.o ABSOLUTE
    ../clib/microlib/init/entry.s            0x00000000   Number         0  entry9a.o ABSOLUTE
    ../clib/microlib/init/entry.s            0x00000000   Number         0  entry.o ABSOLUTE
    ../clib/microlib/init/entry.s            0x00000000   Number         0  entry8b.o ABSOLUTE
    ../clib/microlib/init/entry.s            0x00000000   Number         0  entry10a.o ABSOLUTE
    ../clib/microlib/init/entry.s            0x00000000   Number         0  entry8a.o ABSOLUTE
    ../clib/microlib/init/entry.s            0x00000000   Number         0  entry11a.o ABSOLUTE
    ../clib/microlib/init/entry.s            0x00000000   Number         0  entry5.o ABSOLUTE
    ../clib/microlib/init/entry.s            0x00000000   Number         0  entry10b.o ABSOLUTE
    ../clib/microlib/init/entry.s            0x00000000   Number         0  entry7b.o ABSOLUTE
    ../clib/microlib/init/entry.s            0x00000000   Number         0  entry11b.o ABSOLUTE
    ../clib/microlib/init/entry.s            0x00000000   Number         0  entry7a.o ABSOLUTE
    ../clib/microlib/init/entry.s            0x00000000   Number         0  entry9b.o ABSOLUTE
    ../clib/microlib/longlong.c              0x00000000   Number         0  llsshr.o ABSOLUTE
    ../clib/microlib/longlong.c              0x00000000   Number         0  llshl.o ABSOLUTE
    ../clib/microlib/longlong.c              0x00000000   Number         0  llushr.o ABSOLUTE
    ../clib/microlib/printf/printf.c         0x00000000   Number         0  printf8.o ABSOLUTE
    ../clib/microlib/printf/printf.c         0x00000000   Number         0  printfa.o ABSOLUTE
    ../clib/microlib/printf/printf.c         0x00000000   Number         0  printf5.o ABSOLUTE
    ../clib/microlib/printf/printf.c         0x00000000   Number         0  printf4.o ABSOLUTE
    ../clib/microlib/printf/printf.c         0x00000000   Number         0  printf3.o ABSOLUTE
    ../clib/microlib/printf/printf.c         0x00000000   Number         0  printf1.o ABSOLUTE
    ../clib/microlib/printf/printf.c         0x00000000   Number         0  printfb.o ABSOLUTE
    ../clib/microlib/printf/printf.c         0x00000000   Number         0  printf2.o ABSOLUTE
    ../clib/microlib/printf/printf.c         0x00000000   Number         0  printf0.o ABSOLUTE
    ../clib/microlib/printf/printf.c         0x00000000   Number         0  printf7.o ABSOLUTE
    ../clib/microlib/printf/printf.c         0x00000000   Number         0  printf6.o ABSOLUTE
    ../clib/microlib/printf/stubs.s          0x00000000   Number         0  stubs.o ABSOLUTE
    ../clib/microlib/string/memset.c         0x00000000   Number         0  memseta.o ABSOLUTE
    ../clib/microlib/stubs.s                 0x00000000   Number         0  iusefp.o ABSOLUTE
    ../fplib/microlib/d2f.c                  0x00000000   Number         0  d2f.o ABSOLUTE
    ../fplib/microlib/fpadd.c                0x00000000   Number         0  dadd.o ABSOLUTE
    ../fplib/microlib/fpdiv.c                0x00000000   Number         0  fdiv.o ABSOLUTE
    ../fplib/microlib/fpdiv.c                0x00000000   Number         0  ddiv.o ABSOLUTE
    ../fplib/microlib/fpepilogue.c           0x00000000   Number         0  fepilogue.o ABSOLUTE
    ../fplib/microlib/fpepilogue.c           0x00000000   Number         0  depilogue.o ABSOLUTE
    ../fplib/microlib/fpfix.c                0x00000000   Number         0  dfixul.o ABSOLUTE
    ../fplib/microlib/fpfix.c                0x00000000   Number         0  ffixui.o ABSOLUTE
    ../fplib/microlib/fpflt.c                0x00000000   Number         0  ffltui.o ABSOLUTE
    ../fplib/microlib/fpflt.c                0x00000000   Number         0  dfltui.o ABSOLUTE
    ../fplib/microlib/fpmul.c                0x00000000   Number         0  dmul.o ABSOLUTE
    ..\..\..\FWLib\HardFaultHandler.c        0x00000000   Number         0  hardfaulthandler.o ABSOLUTE
    ..\..\..\FWLib\as32m0_adc.c              0x00000000   Number         0  as32m0_adc.o ABSOLUTE
    ..\..\..\FWLib\as32m0_dma.c              0x00000000   Number         0  as32m0_dma.o ABSOLUTE
    ..\..\..\FWLib\as32m0_gpio.c             0x00000000   Number         0  as32m0_gpio.o ABSOLUTE
    ..\..\..\FWLib\as32m0_i2c.c              0x00000000   Number         0  as32m0_i2c.o ABSOLUTE
    ..\..\..\FWLib\as32m0_lvd.c              0x00000000   Number         0  as32m0_lvd.o ABSOLUTE
    ..\..\..\FWLib\as32m0_misc.c             0x00000000   Number         0  as32m0_misc.o ABSOLUTE
    ..\..\..\FWLib\as32m0_pinctrl.c          0x00000000   Number         0  as32m0_pinctrl.o ABSOLUTE
    ..\..\..\FWLib\as32m0_pwm.c              0x00000000   Number         0  as32m0_pwm.o ABSOLUTE
    ..\..\..\FWLib\as32m0_sleep.c            0x00000000   Number         0  as32m0_sleep.o ABSOLUTE
    ..\..\..\FWLib\as32m0_ssp.c              0x00000000   Number         0  as32m0_ssp.o ABSOLUTE
    ..\..\..\FWLib\as32m0_sysctrl.c          0x00000000   Number         0  as32m0_sysctrl.o ABSOLUTE
    ..\..\..\FWLib\as32m0_systick.c          0x00000000   Number         0  as32m0_systick.o ABSOLUTE
    ..\..\..\FWLib\as32m0_timer.c            0x00000000   Number         0  as32m0_timer.o ABSOLUTE
    ..\..\..\FWLib\as32m0_uart.c             0x00000000   Number         0  as32m0_uart.o ABSOLUTE
    ..\..\..\as32m0\initial_MCU007.s         0x00000000   Number         0  initial_mcu007.o ABSOLUTE
    ..\..\..\as32m0\startup_as32m0.s         0x00000000   Number         0  startup_as32m0.o ABSOLUTE
    ..\..\..\printf_uart\Retarget.c          0x00000000   Number         0  retarget.o ABSOLUTE
    ..\..\..\printf_uart\printf_config.c     0x00000000   Number         0  printf_config.o ABSOLUTE
    ..\\..\\..\\FWLib\\HardFaultHandler.c    0x00000000   Number         0  hardfaulthandler.o ABSOLUTE
    ..\\..\\..\\FWLib\\as32m0_adc.c          0x00000000   Number         0  as32m0_adc.o ABSOLUTE
    ..\\..\\..\\FWLib\\as32m0_dma.c          0x00000000   Number         0  as32m0_dma.o ABSOLUTE
    ..\\..\\..\\FWLib\\as32m0_gpio.c         0x00000000   Number         0  as32m0_gpio.o ABSOLUTE
    ..\\..\\..\\FWLib\\as32m0_i2c.c          0x00000000   Number         0  as32m0_i2c.o ABSOLUTE
    ..\\..\\..\\FWLib\\as32m0_lvd.c          0x00000000   Number         0  as32m0_lvd.o ABSOLUTE
    ..\\..\\..\\FWLib\\as32m0_misc.c         0x00000000   Number         0  as32m0_misc.o ABSOLUTE
    ..\\..\\..\\FWLib\\as32m0_pinctrl.c      0x00000000   Number         0  as32m0_pinctrl.o ABSOLUTE
    ..\\..\\..\\FWLib\\as32m0_pwm.c          0x00000000   Number         0  as32m0_pwm.o ABSOLUTE
    ..\\..\\..\\FWLib\\as32m0_sleep.c        0x00000000   Number         0  as32m0_sleep.o ABSOLUTE
    ..\\..\\..\\FWLib\\as32m0_ssp.c          0x00000000   Number         0  as32m0_ssp.o ABSOLUTE
    ..\\..\\..\\FWLib\\as32m0_sysctrl.c      0x00000000   Number         0  as32m0_sysctrl.o ABSOLUTE
    ..\\..\\..\\FWLib\\as32m0_systick.c      0x00000000   Number         0  as32m0_systick.o ABSOLUTE
    ..\\..\\..\\FWLib\\as32m0_timer.c        0x00000000   Number         0  as32m0_timer.o ABSOLUTE
    ..\\..\\..\\FWLib\\as32m0_uart.c         0x00000000   Number         0  as32m0_uart.o ABSOLUTE
    ..\\..\\..\\printf_uart\\Retarget.c      0x00000000   Number         0  retarget.o ABSOLUTE
    ..\\..\\..\\printf_uart\\printf_config.c 0x00000000   Number         0  printf_config.o ABSOLUTE
    cdrcmple.s                               0x00000000   Number         0  cdrcmple.o ABSOLUTE
    dc.s                                     0x00000000   Number         0  dc.o ABSOLUTE
    handlers.s                               0x00000000   Number         0  handlers.o ABSOLUTE
    init.s                                   0x00000000   Number         0  init.o ABSOLUTE
    wdg.c                                    0x00000000   Number         0  wdg.o ABSOLUTE
    wdg.c                                    0x00000000   Number         0  wdg.o ABSOLUTE
    .ARM.Collect$$$$00000000                 0x00000084   Section        0  entry.o(.ARM.Collect$$$$00000000)
    .ARM.Collect$$$$00000001                 0x00000084   Section        4  entry2.o(.ARM.Collect$$$$00000001)
    .ARM.Collect$$$$00000004                 0x00000088   Section        4  entry5.o(.ARM.Collect$$$$00000004)
    .ARM.Collect$$$$00000008                 0x0000008c   Section        0  entry7b.o(.ARM.Collect$$$$00000008)
    .ARM.Collect$$$$0000000A                 0x0000008c   Section        0  entry8b.o(.ARM.Collect$$$$0000000A)
    .ARM.Collect$$$$0000000B                 0x0000008c   Section        8  entry9a.o(.ARM.Collect$$$$0000000B)
    .ARM.Collect$$$$0000000D                 0x00000094   Section        0  entry10a.o(.ARM.Collect$$$$0000000D)
    .ARM.Collect$$$$0000000F                 0x00000094   Section        0  entry11a.o(.ARM.Collect$$$$0000000F)
    .ARM.Collect$$$$00002712                 0x00000094   Section        4  entry2.o(.ARM.Collect$$$$00002712)
    __lit__00000000                          0x00000094   Data           4  entry2.o(.ARM.Collect$$$$00002712)
    .emb_text                                0x00000098   Section       28  hardfaulthandler.o(.emb_text)
    .text                                    0x000000b4   Section       24  startup_as32m0.o(.text)
    .text                                    0x000000cc   Section        0  uidiv.o(.text)
    .text                                    0x000000f8   Section        0  uldiv.o(.text)
    .text                                    0x00000158   Section        0  llshl.o(.text)
    .text                                    0x00000178   Section       36  init.o(.text)
    .text                                    0x0000019c   Section        0  llushr.o(.text)
    INITIAL_CODE                             0x000001c0   Section       16  initial_mcu007.o(INITIAL_CODE)
    i.PinCtrl_GIOSet                         0x000001d0   Section        0  as32m0_pinctrl.o(i.PinCtrl_GIOSet)
    i.SER_PutChar                            0x00000218   Section        0  printf_config.o(i.SER_PutChar)
    i.SYSCTRL_ClrReset_APB_PinCtrl           0x0000022c   Section        0  as32m0_sysctrl.o(i.SYSCTRL_ClrReset_APB_PinCtrl)
    i.SYSCTRL_ClrReset_APB_SCI0              0x00000238   Section        0  as32m0_sysctrl.o(i.SYSCTRL_ClrReset_APB_SCI0)
    i.SysTick_Handler                        0x00000248   Section        0  as32m0_systick.o(i.SysTick_Handler)
    i.TMR_Clr_CNT                            0x00000258   Section        0  as32m0_timer.o(i.TMR_Clr_CNT)
    i.TMR_Set_CMP                            0x00000262   Section        0  as32m0_timer.o(i.TMR_Set_CMP)
    i.TMR_Set_Op_Mode                        0x00000266   Section        0  as32m0_timer.o(i.TMR_Set_Op_Mode)
    i.UART_SendData                          0x0000027c   Section        0  as32m0_uart.o(i.UART_SendData)
    i.WDG_Enable                             0x00000280   Section        0  as32m0_timer.o(i.WDG_Enable)
    i.WDG_Int_Disable                        0x00000298   Section        0  as32m0_timer.o(i.WDG_Int_Disable)
    i.WDG_Int_Enable                         0x000002ac   Section        0  as32m0_timer.o(i.WDG_Int_Enable)
    i.WDG_Reset_Disable                      0x000002c0   Section        0  as32m0_timer.o(i.WDG_Reset_Disable)
    i.WDG_Reset_Enable                       0x000002d4   Section        0  as32m0_timer.o(i.WDG_Reset_Enable)
    i.WatchDog_Int_Clr                       0x000002e8   Section        0  as32m0_timer.o(i.WatchDog_Int_Clr)
    i.WatchDog_Reset_Happened                0x000002fc   Section        0  as32m0_timer.o(i.WatchDog_Reset_Happened)
    i.__0printf$5                            0x0000030c   Section        0  printf5.o(i.__0printf$5)
    i.__scatterload_copy                     0x0000032c   Section       14  handlers.o(i.__scatterload_copy)
    i.__scatterload_null                     0x0000033a   Section        2  handlers.o(i.__scatterload_null)
    i.__scatterload_zeroinit                 0x0000033c   Section       14  handlers.o(i.__scatterload_zeroinit)
    i._printf_core                           0x0000034c   Section        0  printf5.o(i._printf_core)
    _printf_core                             0x0000034d   Thumb Code   688  printf5.o(i._printf_core)
    i._sys_exit                              0x00000628   Section        0  retarget.o(i._sys_exit)
    i.apUART_BaudRateSet                     0x0000062c   Section        0  as32m0_uart.o(i.apUART_BaudRateSet)
    i.apUART_Check_BUSY                      0x0000066c   Section        0  as32m0_uart.o(i.apUART_Check_BUSY)
    i.apUART_Check_RXFIFO_EMPTY              0x00000676   Section        0  as32m0_uart.o(i.apUART_Check_RXFIFO_EMPTY)
    i.apUART_Check_TXFIFO_FULL               0x00000680   Section        0  as32m0_uart.o(i.apUART_Check_TXFIFO_FULL)
    i.apUART_Initialize                      0x0000068a   Section        0  as32m0_uart.o(i.apUART_Initialize)
    i.config_uart0                           0x00000700   Section        0  printf_config.o(i.config_uart0)
    i.fputc                                  0x000007e0   Section        0  retarget.o(i.fputc)
    i.hardfault_handler_c                    0x000007f8   Section        0  hardfaulthandler.o(i.hardfault_handler_c)
    __tagsym$$used                           0x000007f9   Number         0  hardfaulthandler.o(i.hardfault_handler_c)
    i.main                                   0x00000964   Section        0  wdg.o(i.main)
    i.n00_WDG_IRQHandler                     0x00000a24   Section        0  wdg.o(i.n00_WDG_IRQHandler)
    i.sendchar                               0x00000abc   Section        0  printf_config.o(i.sendchar)
    i.test_wdg                               0x00000ad8   Section        0  wdg.o(i.test_wdg)
    .data                                    0x20000000   Section       16  as32m0_systick.o(.data)
    fac_ms                                   0x20000000   Data           4  as32m0_systick.o(.data)
    fac_us                                   0x20000004   Data           4  as32m0_systick.o(.data)
    fac_s                                    0x20000008   Data           4  as32m0_systick.o(.data)
    systick_reload_num                       0x2000000c   Data           4  as32m0_systick.o(.data)
    .data                                    0x20000010   Section        4  hardfaulthandler.o(.data)
    _Continue                                0x20000010   Data           4  hardfaulthandler.o(.data)
    .data                                    0x20000014   Section        9  wdg.o(.data)
    .data                                    0x20000020   Section        8  retarget.o(.data)
    STACK                                    0x20000028   Section     2304  startup_as32m0.o(STACK)

    Global Symbols

    Symbol Name                              Value     Ov Type        Size  Object(Section)

    BuildAttributes$$THM_ISAv3M$S$PE$A:L22$X:L11$S22$IEEE1$IW$USESV6$~STKCKD$USESV7$~SHL$OTIME$ROPI$EBA8$MICROLIB$REQ8$PRES8$EABIv2 0x00000000   Number         0  anon$$obj.o ABSOLUTE
    __ARM_use_no_argv                        0x00000000   Number         0  wdg.o ABSOLUTE
    __Vectors                                0x00000000   Data           4  startup_as32m0.o(RESET)
    _printf_a                                0x00000000   Number         0  stubs.o ABSOLUTE
    _printf_c                                0x00000000   Number         0  stubs.o ABSOLUTE
    _printf_charcount                        0x00000000   Number         0  stubs.o ABSOLUTE
    _printf_d                                0x00000000   Number         0  stubs.o ABSOLUTE
    _printf_e                                0x00000000   Number         0  stubs.o ABSOLUTE
    _printf_f                                0x00000000   Number         0  stubs.o ABSOLUTE
    _printf_flags                            0x00000000   Number         0  stubs.o ABSOLUTE
    _printf_fp_dec                           0x00000000   Number         0  stubs.o ABSOLUTE
    _printf_fp_hex                           0x00000000   Number         0  stubs.o ABSOLUTE
    _printf_g                                0x00000000   Number         0  stubs.o ABSOLUTE
    _printf_i                                0x00000000   Number         0  stubs.o ABSOLUTE
    _printf_int_dec                          0x00000000   Number         0  stubs.o ABSOLUTE
    _printf_l                                0x00000000   Number         0  stubs.o ABSOLUTE
    _printf_lc                               0x00000000   Number         0  stubs.o ABSOLUTE
    _printf_ll                               0x00000000   Number         0  stubs.o ABSOLUTE
    _printf_lld                              0x00000000   Number         0  stubs.o ABSOLUTE
    _printf_lli                              0x00000000   Number         0  stubs.o ABSOLUTE
    _printf_llo                              0x00000000   Number         0  stubs.o ABSOLUTE
    _printf_llu                              0x00000000   Number         0  stubs.o ABSOLUTE
    _printf_llx                              0x00000000   Number         0  stubs.o ABSOLUTE
    _printf_longlong_dec                     0x00000000   Number         0  stubs.o ABSOLUTE
    _printf_longlong_hex                     0x00000000   Number         0  stubs.o ABSOLUTE
    _printf_longlong_oct                     0x00000000   Number         0  stubs.o ABSOLUTE
    _printf_ls                               0x00000000   Number         0  stubs.o ABSOLUTE
    _printf_mbtowc                           0x00000000   Number         0  stubs.o ABSOLUTE
    _printf_n                                0x00000000   Number         0  stubs.o ABSOLUTE
    _printf_o                                0x00000000   Number         0  stubs.o ABSOLUTE
    _printf_p                                0x00000000   Number         0  stubs.o ABSOLUTE
    _printf_percent                          0x00000000   Number         0  stubs.o ABSOLUTE
    _printf_pre_padding                      0x00000000   Number         0  stubs.o ABSOLUTE
    _printf_return_value                     0x00000000   Number         0  stubs.o ABSOLUTE
    _printf_s                                0x00000000   Number         0  stubs.o ABSOLUTE
    _printf_sizespec                         0x00000000   Number         0  stubs.o ABSOLUTE
    _printf_str                              0x00000000   Number         0  stubs.o ABSOLUTE
    _printf_truncate_signed                  0x00000000   Number         0  stubs.o ABSOLUTE
    _printf_truncate_unsigned                0x00000000   Number         0  stubs.o ABSOLUTE
    _printf_u                                0x00000000   Number         0  stubs.o ABSOLUTE
    _printf_wc                               0x00000000   Number         0  stubs.o ABSOLUTE
    _printf_wctomb                           0x00000000   Number         0  stubs.o ABSOLUTE
    _printf_widthprec                        0x00000000   Number         0  stubs.o ABSOLUTE
    _printf_x                                0x00000000   Number         0  stubs.o ABSOLUTE
    __cpp_initialize__aeabi_                  - Undefined Weak Reference
    __cxa_finalize                            - Undefined Weak Reference
    __decompress                              - Undefined Weak Reference
    _clock_init                               - Undefined Weak Reference
    _microlib_exit                            - Undefined Weak Reference
    __main                                   0x00000085   Thumb Code     0  entry.o(.ARM.Collect$$$$00000000)
    _main_stk                                0x00000085   Thumb Code     0  entry2.o(.ARM.Collect$$$$00000001)
    _main_scatterload                        0x00000089   Thumb Code     0  entry5.o(.ARM.Collect$$$$00000004)
    __main_after_scatterload                 0x0000008d   Thumb Code     0  entry5.o(.ARM.Collect$$$$00000004)
    _main_clock                              0x0000008d   Thumb Code     0  entry7b.o(.ARM.Collect$$$$00000008)
    _main_cpp_init                           0x0000008d   Thumb Code     0  entry8b.o(.ARM.Collect$$$$0000000A)
    _main_init                               0x0000008d   Thumb Code     0  entry9a.o(.ARM.Collect$$$$0000000B)
    __rt_final_cpp                           0x00000095   Thumb Code     0  entry10a.o(.ARM.Collect$$$$0000000D)
    __rt_final_exit                          0x00000095   Thumb Code     0  entry11a.o(.ARM.Collect$$$$0000000F)
    HardFault_Handler                        0x00000099   Thumb Code    24  hardfaulthandler.o(.emb_text)
    Reset_Handler                            0x000000b5   Thumb Code     8  startup_as32m0.o(.text)
    NMI_Handler                              0x000000bd   Thumb Code     2  startup_as32m0.o(.text)
    SVC_Handler                              0x000000c1   Thumb Code     2  startup_as32m0.o(.text)
    PendSV_Handler                           0x000000c3   Thumb Code     2  startup_as32m0.o(.text)
    n01_DMA_IRQHandler                       0x000000c7   Thumb Code     0  startup_as32m0.o(.text)
    n02_ADC_IRQHandler                       0x000000c7   Thumb Code     0  startup_as32m0.o(.text)
    n03_LVD_IRQHandler                       0x000000c7   Thumb Code     0  startup_as32m0.o(.text)
    n04_PWM0_IRQHandler                      0x000000c7   Thumb Code     0  startup_as32m0.o(.text)
    n05_PWM1_IRQHandler                      0x000000c7   Thumb Code     0  startup_as32m0.o(.text)
    n06_PWM2_IRQHandler                      0x000000c7   Thumb Code     0  startup_as32m0.o(.text)
    n07_PWM3_IRQHandler                      0x000000c7   Thumb Code     0  startup_as32m0.o(.text)
    n08_UART0_IRQHandler                     0x000000c7   Thumb Code     0  startup_as32m0.o(.text)
    n09_UART1_IRQHandler                     0x000000c7   Thumb Code     0  startup_as32m0.o(.text)
    n10_TMR0_IRQHandler                      0x000000c7   Thumb Code     0  startup_as32m0.o(.text)
    n11_TMR1_IRQHandler                      0x000000c7   Thumb Code     0  startup_as32m0.o(.text)
    n12_TMR2_IRQHandler                      0x000000c7   Thumb Code     0  startup_as32m0.o(.text)
    n13_I2C_IRQHandler                       0x000000c7   Thumb Code     0  startup_as32m0.o(.text)
    n14_SPI_IRQHandler                       0x000000c7   Thumb Code     0  startup_as32m0.o(.text)
    n15_GIO_IRQHandler                       0x000000c7   Thumb Code     0  startup_as32m0.o(.text)
    n16_flash_IRQHandler                     0x000000c7   Thumb Code     0  startup_as32m0.o(.text)
    __aeabi_uidiv                            0x000000cd   Thumb Code     0  uidiv.o(.text)
    __aeabi_uidivmod                         0x000000cd   Thumb Code    44  uidiv.o(.text)
    __aeabi_uldivmod                         0x000000f9   Thumb Code    96  uldiv.o(.text)
    __aeabi_llsl                             0x00000159   Thumb Code    32  llshl.o(.text)
    _ll_shift_l                              0x00000159   Thumb Code     0  llshl.o(.text)
    __scatterload                            0x00000179   Thumb Code    28  init.o(.text)
    __scatterload_rt2                        0x00000179   Thumb Code     0  init.o(.text)
    __aeabi_llsr                             0x0000019d   Thumb Code    34  llushr.o(.text)
    _ll_ushift_r                             0x0000019d   Thumb Code     0  llushr.o(.text)
    initial_MCU007                           0x000001c1   Thumb Code     8  initial_mcu007.o(INITIAL_CODE)
    PinCtrl_GIOSet                           0x000001d1   Thumb Code    68  as32m0_pinctrl.o(i.PinCtrl_GIOSet)
    SER_PutChar                              0x00000219   Thumb Code    16  printf_config.o(i.SER_PutChar)
    SYSCTRL_ClrReset_APB_PinCtrl             0x0000022d   Thumb Code     8  as32m0_sysctrl.o(i.SYSCTRL_ClrReset_APB_PinCtrl)
    SYSCTRL_ClrReset_APB_SCI0                0x00000239   Thumb Code    10  as32m0_sysctrl.o(i.SYSCTRL_ClrReset_APB_SCI0)
    SysTick_Handler                          0x00000249   Thumb Code    12  as32m0_systick.o(i.SysTick_Handler)
    TMR_Clr_CNT                              0x00000259   Thumb Code    10  as32m0_timer.o(i.TMR_Clr_CNT)
    TMR_Set_CMP                              0x00000263   Thumb Code     4  as32m0_timer.o(i.TMR_Set_CMP)
    TMR_Set_Op_Mode                          0x00000267   Thumb Code    22  as32m0_timer.o(i.TMR_Set_Op_Mode)
    UART_SendData                            0x0000027d   Thumb Code     4  as32m0_uart.o(i.UART_SendData)
    WDG_Enable                               0x00000281   Thumb Code    14  as32m0_timer.o(i.WDG_Enable)
    WDG_Int_Disable                          0x00000299   Thumb Code    14  as32m0_timer.o(i.WDG_Int_Disable)
    WDG_Int_Enable                           0x000002ad   Thumb Code    14  as32m0_timer.o(i.WDG_Int_Enable)
    WDG_Reset_Disable                        0x000002c1   Thumb Code    14  as32m0_timer.o(i.WDG_Reset_Disable)
    WDG_Reset_Enable                         0x000002d5   Thumb Code    14  as32m0_timer.o(i.WDG_Reset_Enable)
    WatchDog_Int_Clr                         0x000002e9   Thumb Code    14  as32m0_timer.o(i.WatchDog_Int_Clr)
    WatchDog_Reset_Happened                  0x000002fd   Thumb Code    10  as32m0_timer.o(i.WatchDog_Reset_Happened)
    __0printf$5                              0x0000030d   Thumb Code    24  printf5.o(i.__0printf$5)
    __1printf$5                              0x0000030d   Thumb Code     0  printf5.o(i.__0printf$5)
    __2printf                                0x0000030d   Thumb Code     0  printf5.o(i.__0printf$5)
    __scatterload_copy                       0x0000032d   Thumb Code    14  handlers.o(i.__scatterload_copy)
    __scatterload_null                       0x0000033b   Thumb Code     2  handlers.o(i.__scatterload_null)
    __scatterload_zeroinit                   0x0000033d   Thumb Code    14  handlers.o(i.__scatterload_zeroinit)
    _sys_exit                                0x00000629   Thumb Code     4  retarget.o(i._sys_exit)
    apUART_BaudRateSet                       0x0000062d   Thumb Code    58  as32m0_uart.o(i.apUART_BaudRateSet)
    apUART_Check_BUSY                        0x0000066d   Thumb Code    10  as32m0_uart.o(i.apUART_Check_BUSY)
    apUART_Check_RXFIFO_EMPTY                0x00000677   Thumb Code    10  as32m0_uart.o(i.apUART_Check_RXFIFO_EMPTY)
    apUART_Check_TXFIFO_FULL                 0x00000681   Thumb Code    10  as32m0_uart.o(i.apUART_Check_TXFIFO_FULL)
    apUART_Initialize                        0x0000068b   Thumb Code   116  as32m0_uart.o(i.apUART_Initialize)
    config_uart0                             0x00000701   Thumb Code   218  printf_config.o(i.config_uart0)
    fputc                                    0x000007e1   Thumb Code    24  retarget.o(i.fputc)
    hardfault_handler_c                      0x000007f9   Thumb Code   108  hardfaulthandler.o(i.hardfault_handler_c)
    main                                     0x00000965   Thumb Code   116  wdg.o(i.main)
    n00_WDG_IRQHandler                       0x00000a25   Thumb Code    62  wdg.o(i.n00_WDG_IRQHandler)
    sendchar                                 0x00000abd   Thumb Code    28  printf_config.o(i.sendchar)
    test_wdg                                 0x00000ad9   Thumb Code   418  wdg.o(i.test_wdg)
    Region$$Table$$Base                      0x00000ed0   Number         0  anon$$obj.o(Region$$Table)
    Region$$Table$$Limit                     0x00000ef0   Number         0  anon$$obj.o(Region$$Table)
    wdg_tmr_irq_times                        0x20000014   Data           4  wdg.o(.data)
    wdg_tmr_irq_happened_times               0x20000018   Data           4  wdg.o(.data)
    wdg_teset                                0x2000001c   Data           1  wdg.o(.data)
    __stdout                                 0x20000020   Data           4  retarget.o(.data)
    __stdin                                  0x20000024   Data           4  retarget.o(.data)
    __initial_sp                             0x20000928   Data           0  startup_as32m0.o(STACK)



==============================================================================

Memory Map of the image

  Image Entry point : 0x000000b5

  Load Region LR_1 (Base: 0x00000000, Size: 0x00000f18, Max: 0xffffffff, ABSOLUTE)

    Execution Region ER_RO (Exec base: 0x00000000, Load base: 0x00000000, Size: 0x00000ef0, Max: 0xffffffff, ABSOLUTE)

    Exec Addr    Load Addr    Size         Type   Attr      Idx    E Section Name        Object

    0x00000000   0x00000000   0x00000084   Data   RO            3    RESET               startup_as32m0.o
    0x00000084   0x00000084   0x00000000   Code   RO         2519  * .ARM.Collect$$$$00000000  mc_p.l(entry.o)
    0x00000084   0x00000084   0x00000004   Code   RO         2803    .ARM.Collect$$$$00000001  mc_p.l(entry2.o)
    0x00000088   0x00000088   0x00000004   Code   RO         2806    .ARM.Collect$$$$00000004  mc_p.l(entry5.o)
    0x0000008c   0x0000008c   0x00000000   Code   RO         2808    .ARM.Collect$$$$00000008  mc_p.l(entry7b.o)
    0x0000008c   0x0000008c   0x00000000   Code   RO         2810    .ARM.Collect$$$$0000000A  mc_p.l(entry8b.o)
    0x0000008c   0x0000008c   0x00000008   Code   RO         2811    .ARM.Collect$$$$0000000B  mc_p.l(entry9a.o)
    0x00000094   0x00000094   0x00000000   Code   RO         2813    .ARM.Collect$$$$0000000D  mc_p.l(entry10a.o)
    0x00000094   0x00000094   0x00000000   Code   RO         2815    .ARM.Collect$$$$0000000F  mc_p.l(entry11a.o)
    0x00000094   0x00000094   0x00000004   Code   RO         2804    .ARM.Collect$$$$00002712  mc_p.l(entry2.o)
    0x00000098   0x00000098   0x0000001c   Code   RO         2131    .emb_text           hardfaulthandler.o
    0x000000b4   0x000000b4   0x00000018   Code   RO            4  * .text               startup_as32m0.o
    0x000000cc   0x000000cc   0x0000002c   Code   RO         2522    .text               mc_p.l(uidiv.o)
    0x000000f8   0x000000f8   0x00000060   Code   RO         2817    .text               mc_p.l(uldiv.o)
    0x00000158   0x00000158   0x00000020   Code   RO         2819    .text               mc_p.l(llshl.o)
    0x00000178   0x00000178   0x00000024   Code   RO         2834    .text               mc_p.l(init.o)
    0x0000019c   0x0000019c   0x00000022   Code   RO         2836    .text               mc_p.l(llushr.o)
    0x000001be   0x000001be   0x00000002   PAD
    0x000001c0   0x000001c0   0x00000010   Code   RO           10  * INITIAL_CODE        initial_mcu007.o
    0x000001d0   0x000001d0   0x00000048   Code   RO          686    i.PinCtrl_GIOSet    as32m0_pinctrl.o
    0x00000218   0x00000218   0x00000014   Code   RO         2411    i.SER_PutChar       printf_config.o
    0x0000022c   0x0000022c   0x0000000c   Code   RO         1023    i.SYSCTRL_ClrReset_APB_PinCtrl  as32m0_sysctrl.o
    0x00000238   0x00000238   0x00000010   Code   RO         1024    i.SYSCTRL_ClrReset_APB_SCI0  as32m0_sysctrl.o
    0x00000248   0x00000248   0x00000010   Code   RO         1945    i.SysTick_Handler   as32m0_systick.o
    0x00000258   0x00000258   0x0000000a   Code   RO         2190    i.TMR_Clr_CNT       as32m0_timer.o
    0x00000262   0x00000262   0x00000004   Code   RO         2202    i.TMR_Set_CMP       as32m0_timer.o
    0x00000266   0x00000266   0x00000016   Code   RO         2205    i.TMR_Set_Op_Mode   as32m0_timer.o
    0x0000027c   0x0000027c   0x00000004   Code   RO         2025    i.UART_SendData     as32m0_uart.o
    0x00000280   0x00000280   0x00000018   Code   RO         2207    i.WDG_Enable        as32m0_timer.o
    0x00000298   0x00000298   0x00000014   Code   RO         2208    i.WDG_Int_Disable   as32m0_timer.o
    0x000002ac   0x000002ac   0x00000014   Code   RO         2209    i.WDG_Int_Enable    as32m0_timer.o
    0x000002c0   0x000002c0   0x00000014   Code   RO         2210    i.WDG_Reset_Disable  as32m0_timer.o
    0x000002d4   0x000002d4   0x00000014   Code   RO         2211    i.WDG_Reset_Enable  as32m0_timer.o
    0x000002e8   0x000002e8   0x00000014   Code   RO         2212    i.WatchDog_Int_Clr  as32m0_timer.o
    0x000002fc   0x000002fc   0x00000010   Code   RO         2213    i.WatchDog_Reset_Happened  as32m0_timer.o
    0x0000030c   0x0000030c   0x00000020   Code   RO         2659    i.__0printf$5       mc_p.l(printf5.o)
    0x0000032c   0x0000032c   0x0000000e   Code   RO         2840    i.__scatterload_copy  mc_p.l(handlers.o)
    0x0000033a   0x0000033a   0x00000002   Code   RO         2841    i.__scatterload_null  mc_p.l(handlers.o)
    0x0000033c   0x0000033c   0x0000000e   Code   RO         2842    i.__scatterload_zeroinit  mc_p.l(handlers.o)
    0x0000034a   0x0000034a   0x00000002   PAD
    0x0000034c   0x0000034c   0x000002dc   Code   RO         2666    i._printf_core      mc_p.l(printf5.o)
    0x00000628   0x00000628   0x00000004   Code   RO         2470    i._sys_exit         retarget.o
    0x0000062c   0x0000062c   0x00000040   Code   RO         2027    i.apUART_BaudRateSet  as32m0_uart.o
    0x0000066c   0x0000066c   0x0000000a   Code   RO         2028    i.apUART_Check_BUSY  as32m0_uart.o
    0x00000676   0x00000676   0x0000000a   Code   RO         2029    i.apUART_Check_RXFIFO_EMPTY  as32m0_uart.o
    0x00000680   0x00000680   0x0000000a   Code   RO         2033    i.apUART_Check_TXFIFO_FULL  as32m0_uart.o
    0x0000068a   0x0000068a   0x00000074   Code   RO         2036    i.apUART_Initialize  as32m0_uart.o
    0x000006fe   0x000006fe   0x00000002   PAD
    0x00000700   0x00000700   0x000000e0   Code   RO         2414    i.config_uart0      printf_config.o
    0x000007e0   0x000007e0   0x00000018   Code   RO         2474    i.fputc             retarget.o
    0x000007f8   0x000007f8   0x0000016c   Code   RO         2132    i.hardfault_handler_c  hardfaulthandler.o
    0x00000964   0x00000964   0x000000c0   Code   RO         2365    i.main              wdg.o
    0x00000a24   0x00000a24   0x00000098   Code   RO         2366    i.n00_WDG_IRQHandler  wdg.o
    0x00000abc   0x00000abc   0x0000001c   Code   RO         2416    i.sendchar          printf_config.o
    0x00000ad8   0x00000ad8   0x000003f8   Code   RO         2367    i.test_wdg          wdg.o
    0x00000ed0   0x00000ed0   0x00000020   Data   RO         2838    Region$$Table       anon$$obj.o


    Execution Region ER_RW (Exec base: 0x20000000, Load base: 0x00000ef0, Size: 0x00000028, Max: 0xffffffff, ABSOLUTE)

    Exec Addr    Load Addr    Size         Type   Attr      Idx    E Section Name        Object

    0x20000000   0x00000ef0   0x00000010   Data   RW         1954    .data               as32m0_systick.o
    0x20000010   0x00000f00   0x00000004   Data   RW         2133    .data               hardfaulthandler.o
    0x20000014   0x00000f04   0x00000009   Data   RW         2368    .data               wdg.o
    0x2000001d   0x00000f0d   0x00000003   PAD
    0x20000020   0x00000f10   0x00000008   Data   RW         2475    .data               retarget.o


    Execution Region ER_ZI (Exec base: 0x20000028, Load base: 0x00000f18, Size: 0x00000900, Max: 0xffffffff, ABSOLUTE)

    Exec Addr    Load Addr    Size         Type   Attr      Idx    E Section Name        Object

    0x20000028        -       0x00000900   Zero   RW            1    STACK               startup_as32m0.o


==============================================================================

Image component sizes


      Code (inc. data)   RO Data    RW Data    ZI Data      Debug   Object Name

         0          0          0          0          0      13128   as32m0_adc.o
        72          4          0          0          0       2961   as32m0_pinctrl.o
        28         10          0          0          0        983   as32m0_sysctrl.o
        16          4          0         16          0       1226   as32m0_systick.o
       176         46          0          0          0       5338   as32m0_timer.o
       214          6          0          0          0       8572   as32m0_uart.o
       392        260          0          4          0       1410   hardfaulthandler.o
        16          8          0          0          0        396   initial_mcu007.o
       272         10          0          0          0       2592   printf_config.o
        28          0          0          8          0       3070   retarget.o
        24          4        132          0       2304        680   startup_as32m0.o
      1360        764          0          9          0       8568   wdg.o

    ----------------------------------------------------------------------
      2600       1116        164         40       2304      48924   Object Totals
         0          0         32          0          0          0   (incl. Generated)
         2          0          0          3          0          0   (incl. Padding)

    ----------------------------------------------------------------------

      Code (inc. data)   RO Data    RW Data    ZI Data      Debug   Library Member Name

         0          0          0          0          0          0   entry.o
         0          0          0          0          0          0   entry10a.o
         0          0          0          0          0          0   entry11a.o
         8          4          0          0          0          0   entry2.o
         4          0          0          0          0          0   entry5.o
         0          0          0          0          0          0   entry7b.o
         0          0          0          0          0          0   entry8b.o
         8          4          0          0          0          0   entry9a.o
        30          0          0          0          0          0   handlers.o
        36          8          0          0          0         68   init.o
        32          0          0          0          0         68   llshl.o
        34          0          0          0          0         68   llushr.o
       764         52          0          0          0        168   printf5.o
        44          0          0          0          0         72   uidiv.o
        96          0          0          0          0         84   uldiv.o

    ----------------------------------------------------------------------
      1060         68          0          0          0        528   Library Totals
         4          0          0          0          0          0   (incl. Padding)

    ----------------------------------------------------------------------

      Code (inc. data)   RO Data    RW Data    ZI Data      Debug   Library Name

      1056         68          0          0          0        528   mc_p.l

    ----------------------------------------------------------------------
      1060         68          0          0          0        528   Library Totals

    ----------------------------------------------------------------------

==============================================================================


      Code (inc. data)   RO Data    RW Data    ZI Data      Debug   

      3660       1184        164         40       2304      48180   Grand Totals
      3660       1184        164         40       2304      48180   ELF Image Totals
      3660       1184        164         40          0          0   ROM Totals

==============================================================================

    Total RO  Size (Code + RO Data)                 3824 (   3.73kB)
    Total RW  Size (RW Data + ZI Data)              2344 (   2.29kB)
    Total ROM Size (Code + RO Data + RW Data)       3864 (   3.77kB)

==============================================================================

